Component: ARM Compiler 5.06 update 5 (build 528) Tool: armlink [4d35e2]

==============================================================================

Section Cross References

    startup_stm32f103xe.o(RESET) refers to startup_stm32f103xe.o(STACK) for __initial_sp
    startup_stm32f103xe.o(RESET) refers to startup_stm32f103xe.o(.text) for Reset_Handler
    startup_stm32f103xe.o(RESET) refers to stm32f1xx_it.o(i.NMI_Handler) for NMI_Handler
    startup_stm32f103xe.o(RESET) refers to stm32f1xx_it.o(i.HardFault_Handler) for HardFault_Handler
    startup_stm32f103xe.o(RESET) refers to stm32f1xx_it.o(i.MemManage_Handler) for MemManage_Handler
    startup_stm32f103xe.o(RESET) refers to stm32f1xx_it.o(i.BusFault_Handler) for BusFault_Handler
    startup_stm32f103xe.o(RESET) refers to stm32f1xx_it.o(i.UsageFault_Handler) for UsageFault_Handler
    startup_stm32f103xe.o(RESET) refers to stm32f1xx_it.o(i.SVC_Handler) for SVC_Handler
    startup_stm32f103xe.o(RESET) refers to stm32f1xx_it.o(i.DebugMon_Handler) for DebugMon_Handler
    startup_stm32f103xe.o(RESET) refers to stm32f1xx_it.o(i.PendSV_Handler) for PendSV_Handler
    startup_stm32f103xe.o(RESET) refers to stm32f1xx_it.o(i.SysTick_Handler) for SysTick_Handler
    startup_stm32f103xe.o(RESET) refers to stm32f1xx_it.o(i.EXTI4_IRQHandler) for EXTI4_IRQHandler
    startup_stm32f103xe.o(RESET) refers to stm32f1xx_it.o(i.DMA1_Channel1_IRQHandler) for DMA1_Channel1_IRQHandler
    startup_stm32f103xe.o(RESET) refers to stm32f1xx_it.o(i.DMA1_Channel2_IRQHandler) for DMA1_Channel2_IRQHandler
    startup_stm32f103xe.o(RESET) refers to stm32f1xx_it.o(i.DMA1_Channel3_IRQHandler) for DMA1_Channel3_IRQHandler
    startup_stm32f103xe.o(RESET) refers to stm32f1xx_it.o(i.DMA1_Channel4_IRQHandler) for DMA1_Channel4_IRQHandler
    startup_stm32f103xe.o(RESET) refers to stm32f1xx_it.o(i.DMA1_Channel6_IRQHandler) for DMA1_Channel6_IRQHandler
    startup_stm32f103xe.o(RESET) refers to stm32f1xx_it.o(i.DMA1_Channel7_IRQHandler) for DMA1_Channel7_IRQHandler
    startup_stm32f103xe.o(RESET) refers to stm32f1xx_it.o(i.ADC1_2_IRQHandler) for ADC1_2_IRQHandler
    startup_stm32f103xe.o(RESET) refers to stm32f1xx_it.o(i.USB_LP_CAN1_RX0_IRQHandler) for USB_LP_CAN1_RX0_IRQHandler
    startup_stm32f103xe.o(RESET) refers to stm32f1xx_it.o(i.EXTI9_5_IRQHandler) for EXTI9_5_IRQHandler
    startup_stm32f103xe.o(RESET) refers to stm32f1xx_it.o(i.I2C2_EV_IRQHandler) for I2C2_EV_IRQHandler
    startup_stm32f103xe.o(RESET) refers to stm32f1xx_it.o(i.USART1_IRQHandler) for USART1_IRQHandler
    startup_stm32f103xe.o(RESET) refers to stm32f1xx_it.o(i.USART2_IRQHandler) for USART2_IRQHandler
    startup_stm32f103xe.o(RESET) refers to stm32f1xx_it.o(i.USART3_IRQHandler) for USART3_IRQHandler
    startup_stm32f103xe.o(RESET) refers to stm32f1xx_it.o(i.TIM6_IRQHandler) for TIM6_IRQHandler
    startup_stm32f103xe.o(RESET) refers to stm32f1xx_it.o(i.TIM7_IRQHandler) for TIM7_IRQHandler
    startup_stm32f103xe.o(.text) refers to system_stm32f1xx.o(i.SystemInit) for SystemInit
    startup_stm32f103xe.o(.text) refers to entry.o(.ARM.Collect$$$$00000000) for __main
    common.o(i.CheckBtnLeft) refers to btn.o(i.BTN_Read_Left) for BTN_Read_Left
    common.o(i.CheckBtnLeft) refers to common.o(i.SystemModeCtrl) for SystemModeCtrl
    common.o(i.CheckBtnLeft) refers to common.o(.data) for .data
    common.o(i.CheckBtnRight) refers to btn.o(i.BTN_Read_Right) for BTN_Read_Right
    common.o(i.CheckBtnRight) refers to stm32f1xx_hal_tim.o(i.HAL_TIM_Base_Stop_IT) for HAL_TIM_Base_Stop_IT
    common.o(i.CheckBtnRight) refers to user_flash.o(i.UserFlashDataWrite) for UserFlashDataWrite
    common.o(i.CheckBtnRight) refers to stm32f1xx_hal_tim.o(i.HAL_TIM_Base_Start_IT) for HAL_TIM_Base_Start_IT
    common.o(i.CheckBtnRight) refers to ir_track.o(i.IR_Track_Init) for IR_Track_Init
    common.o(i.CheckBtnRight) refers to car_drive.o(i.CarCtrlInit) for CarCtrlInit
    common.o(i.CheckBtnRight) refers to car_drive.o(i.CarMotoCtrl) for CarMotoCtrl
    common.o(i.CheckBtnRight) refers to common.o(.data) for .data
    common.o(i.CheckBtnRight) refers to car_drive.o(.data) for g_CarConfig
    common.o(i.CheckBtnRight) refers to tim.o(.bss) for htim7
    common.o(i.CheckBtnRight) refers to ir_track.o(.bss) for g_TrackStatus
    common.o(i.GetUniqueID) refers to printfa.o(i.__0sprintf) for __2sprintf
    common.o(i.GetUniqueID) refers to common.o(.bss) for .bss
    common.o(i.HAL_TIM_PeriodElapsedCallback) refers to ir_track.o(i.IR_Track_Start) for IR_Track_Start
    common.o(i.HAL_TIM_PeriodElapsedCallback) refers to tim.o(.bss) for htim6
    common.o(i.HAL_TIM_PeriodElapsedCallback) refers to music.o(.data) for g_music_enable
    common.o(i.HAL_TIM_PeriodElapsedCallback) refers to common.o(.data) for .data
    common.o(i.InitUSBPort) refers to stm32f1xx_hal_gpio.o(i.HAL_GPIO_Init) for HAL_GPIO_Init
    common.o(i.InitUSBPort) refers to stm32f1xx_hal_gpio.o(i.HAL_GPIO_WritePin) for HAL_GPIO_WritePin
[...]
    HAL_I2C_AddrCallback                     0x0800248b   Thumb Code     2  stm32f1xx_hal_i2c.o(i.HAL_I2C_AddrCallback)
    HAL_I2C_EV_IRQHandler                    0x0800248d   Thumb Code   560  stm32f1xx_hal_i2c.o(i.HAL_I2C_EV_IRQHandler)
    HAL_I2C_ErrorCallback                    0x080026bd   Thumb Code     2  stm32f1xx_hal_i2c.o(i.HAL_I2C_ErrorCallback)
    HAL_I2C_Init                             0x080026c1   Thumb Code   376  stm32f1xx_hal_i2c.o(i.HAL_I2C_Init)
    HAL_I2C_ListenCpltCallback               0x08002849   Thumb Code     2  stm32f1xx_hal_i2c.o(i.HAL_I2C_ListenCpltCallback)
    HAL_I2C_MasterRxCpltCallback             0x0800284b   Thumb Code     2  stm32f1xx_hal_i2c.o(i.HAL_I2C_MasterRxCpltCallback)
    HAL_I2C_MasterTxCpltCallback             0x0800284d   Thumb Code     2  stm32f1xx_hal_i2c.o(i.HAL_I2C_MasterTxCpltCallback)
    HAL_I2C_MemRxCpltCallback                0x0800284f   Thumb Code     2  stm32f1xx_hal_i2c.o(i.HAL_I2C_MemRxCpltCallback)
    HAL_I2C_MemTxCpltCallback                0x08002851   Thumb Code    84  oled_i2c.o(i.HAL_I2C_MemTxCpltCallback)
    HAL_I2C_Mem_Write_DMA                    0x080028ad   Thumb Code   384  stm32f1xx_hal_i2c.o(i.HAL_I2C_Mem_Write_DMA)
    HAL_I2C_MspInit                          0x08002a3d   Thumb Code   140  i2c.o(i.HAL_I2C_MspInit)
    HAL_I2C_SlaveRxCpltCallback              0x08002add   Thumb Code     2  stm32f1xx_hal_i2c.o(i.HAL_I2C_SlaveRxCpltCallback)
    HAL_I2C_SlaveTxCpltCallback              0x08002adf   Thumb Code     2  stm32f1xx_hal_i2c.o(i.HAL_I2C_SlaveTxCpltCallback)
    HAL_IncTick                              0x08002ae1   Thumb Code    12  stm32f1xx_hal.o(i.HAL_IncTick)
    HAL_Init                                 0x08002af1   Thumb Code    32  stm32f1xx_hal.o(i.HAL_Init)
    HAL_InitTick                             0x08002b15   Thumb Code    54  stm32f1xx_hal.o(i.HAL_InitTick)
    HAL_MspInit                              0x08002b55   Thumb Code    52  stm32f1xx_hal_msp.o(i.HAL_MspInit)
    HAL_NVIC_EnableIRQ                       0x08002b91   Thumb Code    26  stm32f1xx_hal_cortex.o(i.HAL_NVIC_EnableIRQ)
    HAL_NVIC_SetPriority                     0x08002bad   Thumb Code    60  stm32f1xx_hal_cortex.o(i.HAL_NVIC_SetPriority)
    HAL_NVIC_SetPriorityGrouping             0x08002bed   Thumb Code    26  stm32f1xx_hal_cortex.o(i.HAL_NVIC_SetPriorityGrouping)
    HAL_PCDEx_PMAConfig                      0x08002c11   Thumb Code    60  stm32f1xx_hal_pcd_ex.o(i.HAL_PCDEx_PMAConfig)
    HAL_PCDEx_SetConnectionState             0x08002c4d   Thumb Code     2  usbd_conf.o(i.HAL_PCDEx_SetConnectionState)
    HAL_PCD_DataInStageCallback              0x08002c4f   Thumb Code    18  usbd_conf.o(i.HAL_PCD_DataInStageCallback)
    HAL_PCD_DataOutStageCallback             0x08002c61   Thumb Code    20  usbd_conf.o(i.HAL_PCD_DataOutStageCallback)
    HAL_PCD_EP_Close                         0x08002c75   Thumb Code    76  stm32f1xx_hal_pcd.o(i.HAL_PCD_EP_Close)
    HAL_PCD_EP_ClrStall                      0x08002cc1   Thumb Code    92  stm32f1xx_hal_pcd.o(i.HAL_PCD_EP_ClrStall)
    HAL_PCD_EP_GetRxCount                    0x0800313b   Thumb Code    18  stm32f1xx_hal_pcd.o(i.HAL_PCD_EP_GetRxCount)
    HAL_PCD_EP_Open                          0x0800314d   Thumb Code    90  stm32f1xx_hal_pcd.o(i.HAL_PCD_EP_Open)
    HAL_PCD_EP_Receive                       0x080031a7   Thumb Code    46  stm32f1xx_hal_pcd.o(i.HAL_PCD_EP_Receive)
    HAL_PCD_EP_SetStall                      0x080031d5   Thumb Code   114  stm32f1xx_hal_pcd.o(i.HAL_PCD_EP_SetStall)
    HAL_PCD_EP_Transmit                      0x08003247   Thumb Code    48  stm32f1xx_hal_pcd.o(i.HAL_PCD_EP_Transmit)
    HAL_PCD_IRQHandler                       0x08003279   Thumb Code   308  stm32f1xx_hal_pcd.o(i.HAL_PCD_IRQHandler)
    HAL_PCD_Init                             0x080033ad   Thumb Code   218  stm32f1xx_hal_pcd.o(i.HAL_PCD_Init)
    HAL_PCD_MspInit                          0x08003489   Thumb Code    50  usbd_conf.o(i.HAL_PCD_MspInit)
    HAL_PCD_ResetCallback                    0x080034c5   Thumb Code    38  usbd_conf.o(i.HAL_PCD_ResetCallback)
    HAL_PCD_ResumeCallback                   0x080034eb   Thumb Code     8  usbd_conf.o(i.HAL_PCD_ResumeCallback)
    HAL_PCD_SOFCallback                      0x080034f3   Thumb Code     8  usbd_conf.o(i.HAL_PCD_SOFCallback)
    HAL_PCD_SetAddress                       0x080034fb   Thumb Code    40  stm32f1xx_hal_pcd.o(i.HAL_PCD_SetAddress)
    HAL_PCD_SetupStageCallback               0x08003523   Thumb Code    14  usbd_conf.o(i.HAL_PCD_SetupStageCallback)
    HAL_PCD_Start                            0x08003531   Thumb Code    50  stm32f1xx_hal_pcd.o(i.HAL_PCD_Start)
    HAL_PCD_SuspendCallback                  0x08003565   Thumb Code    30  usbd_conf.o(i.HAL_PCD_SuspendCallback)
    HAL_RCCEx_PeriphCLKConfig                0x08003589   Thumb Code   224  stm32f1xx_hal_rcc_ex.o(i.HAL_RCCEx_PeriphCLKConfig)
    HAL_RCC_ClockConfig                      0x08003675   Thumb Code   280  stm32f1xx_hal_rcc.o(i.HAL_RCC_ClockConfig)
    HAL_RCC_GetPCLK1Freq                     0x080037a1   Thumb Code    20  stm32f1xx_hal_rcc.o(i.HAL_RCC_GetPCLK1Freq)
    HAL_RCC_GetPCLK2Freq                     0x080037c1   Thumb Code    20  stm32f1xx_hal_rcc.o(i.HAL_RCC_GetPCLK2Freq)
    HAL_RCC_GetSysClockFreq                  0x080037e1   Thumb Code    58  stm32f1xx_hal_rcc.o(i.HAL_RCC_GetSysClockFreq)
    HAL_RCC_OscConfig                        0x0800382d   Thumb Code   778  stm32f1xx_hal_rcc.o(i.HAL_RCC_OscConfig)
    HAL_SYSTICK_Config                       0x08003b4d   Thumb Code    40  stm32f1xx_hal_cortex.o(i.HAL_SYSTICK_Config)
    HAL_TIMEx_BreakCallback                  0x08003b75   Thumb Code     2  stm32f1xx_hal_tim_ex.o(i.HAL_TIMEx_BreakCallback)
    HAL_TIMEx_CommutCallback                 0x08003b77   Thumb Code     2  stm32f1xx_hal_tim_ex.o(i.HAL_TIMEx_CommutCallback)
    HAL_TIMEx_ConfigBreakDeadTime            0x08003b79   Thumb Code    84  stm32f1xx_hal_tim_ex.o(i.HAL_TIMEx_ConfigBreakDeadTime)
    HAL_TIMEx_MasterConfigSynchronization    0x08003bcd   Thumb Code   104  stm32f1xx_hal_tim_ex.o(i.HAL_TIMEx_MasterConfigSynchronization)
    HAL_TIM_Base_Init                        0x08003c49   Thumb Code    90  stm32f1xx_hal_tim.o(i.HAL_TIM_Base_Init)
    HAL_TIM_Base_MspInit                     0x08003ca5   Thumb Code   152  tim.o(i.HAL_TIM_Base_MspInit)
    HAL_TIM_Base_Start_IT                    0x08003d55   Thumb Code    88  stm32f1xx_hal_tim.o(i.HAL_TIM_Base_Start_IT)
    HAL_TIM_Base_Stop_IT                     0x08003dc1   Thumb Code    48  stm32f1xx_hal_tim.o(i.HAL_TIM_Base_Stop_IT)
    HAL_TIM_ConfigClockSource                0x08003df1   Thumb Code   220  stm32f1xx_hal_tim.o(i.HAL_TIM_ConfigClockSource)
    HAL_TIM_IC_CaptureCallback               0x08003ecd   Thumb Code     2  stm32f1xx_hal_tim.o(i.HAL_TIM_IC_CaptureCallback)
    HAL_TIM_IRQHandler                       0x08003ecf   Thumb Code   358  stm32f1xx_hal_tim.o(i.HAL_TIM_IRQHandler)
    HAL_TIM_MspPostInit                      0x08004035   Thumb Code   164  tim.o(i.HAL_TIM_MspPostInit)
    HAL_TIM_OC_DelayElapsedCallback          0x080040f1   Thumb Code     2  stm32f1xx_hal_tim.o(i.HAL_TIM_OC_DelayElapsedCallback)
    HAL_TIM_PWM_ConfigChannel                0x080040f3   Thumb Code   204  stm32f1xx_hal_tim.o(i.HAL_TIM_PWM_ConfigChannel)
    HAL_TIM_PWM_Init                         0x080041bf   Thumb Code    90  stm32f1xx_hal_tim.o(i.HAL_TIM_PWM_Init)
    HAL_TIM_PWM_MspInit                      0x08004219   Thumb Code     2  stm32f1xx_hal_tim.o(i.HAL_TIM_PWM_MspInit)
    HAL_TIM_PWM_PulseFinishedCallback        0x0800421b   Thumb Code     2  stm32f1xx_hal_tim.o(i.HAL_TIM_PWM_PulseFinishedCallback)
    HAL_TIM_PWM_Start                        0x0800421d   Thumb Code   160  stm32f1xx_hal_tim.o(i.HAL_TIM_PWM_Start)
    HAL_TIM_PWM_Stop                         0x080042d1   Thumb Code   114  stm32f1xx_hal_tim.o(i.HAL_TIM_PWM_Stop)
    HAL_TIM_PeriodElapsedCallback            0x0800434d   Thumb Code    36  common.o(i.HAL_TIM_PeriodElapsedCallback)
    HAL_TIM_TriggerCallback                  0x08004385   Thumb Code     2  stm32f1xx_hal_tim.o(i.HAL_TIM_TriggerCallback)
    HAL_UARTEx_RxEventCallback               0x08004387   Thumb Code     2  stm32f1xx_hal_uart.o(i.HAL_UARTEx_RxEventCallback)
    HAL_UART_DMAStopRx                       0x08004389   Thumb Code    52  uart_dma.o(i.HAL_UART_DMAStopRx)
    HAL_UART_EndRxTransfer_IT                0x080043bd   Thumb Code    28  uart_dma.o(i.HAL_UART_EndRxTransfer_IT)
    HAL_UART_ErrorCallback                   0x080043d9   Thumb Code     2  uart_dma.o(i.HAL_UART_ErrorCallback)
    HAL_UART_IRQHandler                      0x080043dd   Thumb Code   616  stm32f1xx_hal_uart.o(i.HAL_UART_IRQHandler)
    HAL_UART_Init                            0x08004649   Thumb Code   100  stm32f1xx_hal_uart.o(i.HAL_UART_Init)
    HAL_UART_MspInit                         0x080046ad   Thumb Code   476  usart.o(i.HAL_UART_MspInit)
    HAL_UART_Receive_DMA                     0x080048ad   Thumb Code    28  stm32f1xx_hal_uart.o(i.HAL_UART_Receive_DMA)
    HAL_UART_Receive_IT                      0x080048c9   Thumb Code    28  stm32f1xx_hal_uart.o(i.HAL_UART_Receive_IT)
    HAL_UART_RxCpltCallback                  0x080048e5   Thumb Code   162  uart_dma.o(i.HAL_UART_RxCpltCallback)
    HAL_UART_RxHalfCpltCallback              0x0800499d   Thumb Code     2  stm32f1xx_hal_uart.o(i.HAL_UART_RxHalfCpltCallback)
    HAL_UART_Transmit                        0x0800499f   Thumb Code   154  stm32f1xx_hal_uart.o(i.HAL_UART_Transmit)
    HAL_UART_Transmit_DMA                    0x08004a39   Thumb Code   106  stm32f1xx_hal_uart.o(i.HAL_UART_Transmit_DMA)
    HAL_UART_TxCpltCallback                  0x08004ab1   Thumb Code    96  uart_dma.o(i.HAL_UART_TxCpltCallback)
    HAL_UART_TxHalfCpltCallback              0x08004b25   Thumb Code     2  stm32f1xx_hal_uart.o(i.HAL_UART_TxHalfCpltCallback)
    HardFault_Handler                        0x08004b27   Thumb Code     2  stm32f1xx_it.o(i.HardFault_Handler)
    I2C2_EV_IRQHandler                       0x08004b29   Thumb Code     6  stm32f1xx_it.o(i.I2C2_EV_IRQHandler)
    IR_Track_Init                            0x08005839   Thumb Code    70  ir_track.o(i.IR_Track_Init)
    IR_Track_Power_Off                       0x08005885   Thumb Code    12  ir_track.o(i.IR_Track_Power_Off)
    IR_Track_Power_On                        0x08005895   Thumb Code    10  ir_track.o(i.IR_Track_Power_On)
    IR_Track_Start                           0x080058a5   Thumb Code    12  ir_track.o(i.IR_Track_Start)
    KalmanFilter                             0x080058f1   Thumb Code   578  angle_kalman_filter.o(i.KalmanFilter)
    LEDCtrl                                  0x08005b39   Thumb Code    92  common.o(i.LEDCtrl)
    MX_ADC1_Init                             0x08005b99   Thumb Code   158  adc.o(i.MX_ADC1_Init)
    MX_DMA_Init                              0x08005c41   Thumb Code   120  dma.o(i.MX_DMA_Init)
    MX_GPIO_Init                             0x08005cbd   Thumb Code   368  gpio.o(i.MX_GPIO_Init)
    MX_I2C2_Init                             0x08005e45   Thumb Code    50  i2c.o(i.MX_I2C2_Init)
    MX_TIM1_Init                             0x08005e85   Thumb Code   192  tim.o(i.MX_TIM1_Init)
    MX_TIM3_Init                             0x08005f4d   Thumb Code   192  tim.o(i.MX_TIM3_Init)
    MX_TIM4_Init                             0x08006015   Thumb Code   192  tim.o(i.MX_TIM4_Init)
    MX_TIM6_Init                             0x080060dd   Thumb Code    62  tim.o(i.MX_TIM6_Init)
    MX_TIM7_Init                             0x08006125   Thumb Code    62  tim.o(i.MX_TIM7_Init)
    MX_USART1_UART_Init                      0x0800616d   Thumb Code    48  usart.o(i.MX_USART1_UART_Init)
    MX_USART2_UART_Init                      0x080061a5   Thumb Code    48  usart.o(i.MX_USART2_UART_Init)
    MX_USART3_UART_Init                      0x080061dd   Thumb Code    48  usart.o(i.MX_USART3_UART_Init)
    MX_USB_DEVICE_Init                       0x08006215   Thumb Code    66  usb_device.o(i.MX_USB_DEVICE_Init)
    ManualCarCtrl                            0x08006269   Thumb Code    22  car_drive.o(i.ManualCarCtrl)
    MemManage_Handler                        0x08006285   Thumb Code     2  stm32f1xx_it.o(i.MemManage_Handler)
    MotoLeftBackCtrl                         0x08006289   Thumb Code    26  motor_drive.o(i.MotoLeftBackCtrl)
    MotoLeftFrontCtrl                        0x080062a9   Thumb Code    26  motor_drive.o(i.MotoLeftFrontCtrl)
    MotoRightBackCtrl                        0x080062c9   Thumb Code    26  motor_drive.o(i.MotoRightBackCtrl)
    MotoRightFrontCtrl                       0x080062e9   Thumb Code    26  motor_drive.o(i.MotoRightFrontCtrl)
    MusicProcess                             0x08006309   Thumb Code   174  music.o(i.MusicProcess)
    NMI_Handler                              0x080063c1   Thumb Code     2  stm32f1xx_it.o(i.NMI_Handler)
    PendSV_Handler                           0x0800676f   Thumb Code     2  stm32f1xx_it.o(i.PendSV_Handler)
    RcvDataFromUSB                           0x08006771   Thumb Code    92  usb_uart.o(i.RcvDataFromUSB)
    SVC_Handler                              0x080067d5   Thumb Code     2  stm32f1xx_it.o(i.SVC_Handler)
    SendDataToUSB                            0x080067d9   Thumb Code    48  usb_uart.o(i.SendDataToUSB)
    ShowLED                                  0x0800680d   Thumb Code    58  common.o(i.ShowLED)
    StartAllUartDMAReceive                   0x08006851   Thumb Code    34  uart_dma.o(i.StartAllUartDMAReceive)
    StopAllMoto                              0x0800687d   Thumb Code    70  motor_drive.o(i.StopAllMoto)
    SysTick_Handler                          0x080068cd   Thumb Code     4  stm32f1xx_it.o(i.SysTick_Handler)
    SystemClock_Config                       0x080068d1   Thumb Code   126  main.o(i.SystemClock_Config)
    SystemInit                               0x0800694f   Thumb Code     2  system_stm32f1xx.o(i.SystemInit)
    SystemModeCtrl                           0x08006951   Thumb Code   102  common.o(i.SystemModeCtrl)
    System_Init                              0x080069c9   Thumb Code    40  common.o(i.System_Init)
    TIM6_IRQHandler                          0x080069f9   Thumb Code     6  stm32f1xx_it.o(i.TIM6_IRQHandler)
    TIM7_IRQHandler                          0x08006a05   Thumb Code     6  stm32f1xx_it.o(i.TIM7_IRQHandler)
    TIM_Base_SetConfig                       0x08006a11   Thumb Code   120  stm32f1xx_hal_tim.o(i.TIM_Base_SetConfig)
    TIM_CCxChannelCmd                        0x08006a9d   Thumb Code    26  stm32f1xx_hal_tim.o(i.TIM_CCxChannelCmd)
    TIM_ETR_SetConfig                        0x08006ab7   Thumb Code    20  stm32f1xx_hal_tim.o(i.TIM_ETR_SetConfig)
    TIM_OC2_SetConfig                        0x08006b3d   Thumb Code    98  stm32f1xx_hal_tim.o(i.TIM_OC2_SetConfig)
    UART_Start_Receive_DMA                   0x08006fd5   Thumb Code   130  stm32f1xx_hal_uart.o(i.UART_Start_Receive_DMA)
    UART_Start_Receive_IT                    0x08007065   Thumb Code    54  stm32f1xx_hal_uart.o(i.UART_Start_Receive_IT)
    USART1_IRQHandler                        0x08007115   Thumb Code    18  stm32f1xx_it.o(i.USART1_IRQHandler)
    USART2_IRQHandler                        0x0800712d   Thumb Code    18  stm32f1xx_it.o(i.USART2_IRQHandler)
    USART3_IRQHandler                        0x08007145   Thumb Code    18  stm32f1xx_it.o(i.USART3_IRQHandler)
    USBD_CDC_GetDeviceQualifierDescriptor    0x08007239   Thumb Code     8  usbd_cdc.o(i.USBD_CDC_GetDeviceQualifierDescriptor)
    USBD_CDC_ReceivePacket                   0x080072fd   Thumb Code    40  usbd_cdc.o(i.USBD_CDC_ReceivePacket)
    USBD_CDC_RegisterInterface               0x08007325   Thumb Code    16  usbd_cdc.o(i.USBD_CDC_RegisterInterface)
    USBD_CDC_SetRxBuffer                     0x08007335   Thumb Code    12  usbd_cdc.o(i.USBD_CDC_SetRxBuffer)
    USBD_CDC_SetTxBuffer                     0x08007341   Thumb Code    16  usbd_cdc.o(i.USBD_CDC_SetTxBuffer)
    USBD_CDC_TransmitPacket                  0x080073fd   Thumb Code    54  usbd_cdc.o(i.USBD_CDC_TransmitPacket)
    USBD_ClrClassConfig                      0x08007433   Thumb Code    14  usbd_core.o(i.USBD_ClrClassConfig)
    USBD_CtlContinueRx                       0x08007441   Thumb Code    16  usbd_ioreq.o(i.USBD_CtlContinueRx)
    USBD_CtlContinueSendData                 0x08007451   Thumb Code    16  usbd_ioreq.o(i.USBD_CtlContinueSendData)
    USBD_CtlError                            0x08007461   Thumb Code    22  usbd_ctlreq.o(i.USBD_CtlError)
    USBD_CtlPrepareRx                        0x08007477   Thumb Code    30  usbd_ioreq.o(i.USBD_CtlPrepareRx)
    USBD_CtlReceiveStatus                    0x08007495   Thumb Code    22  usbd_ioreq.o(i.USBD_CtlReceiveStatus)
    USBD_CtlSendData                         0x080074ab   Thumb Code    26  usbd_ioreq.o(i.USBD_CtlSendData)
    USBD_CtlSendStatus                       0x080074c5   Thumb Code    22  usbd_ioreq.o(i.USBD_CtlSendStatus)
    USBD_FS_ConfigStrDescriptor              0x080074dd   Thumb Code    16  usbd_desc.o(i.USBD_FS_ConfigStrDescriptor)
    USBD_FS_DeviceDescriptor                 0x080074fd   Thumb Code     8  usbd_desc.o(i.USBD_FS_DeviceDescriptor)
    USBD_FS_InterfaceStrDescriptor           0x08007509   Thumb Code    16  usbd_desc.o(i.USBD_FS_InterfaceStrDescriptor)
    USBD_FS_LangIDStrDescriptor              0x0800752d   Thumb Code     8  usbd_desc.o(i.USBD_FS_LangIDStrDescriptor)
    USBD_FS_ManufacturerStrDescriptor        0x08007539   Thumb Code    16  usbd_desc.o(i.USBD_FS_ManufacturerStrDescriptor)
    USBD_FS_ProductStrDescriptor             0x08007561   Thumb Code    16  usbd_desc.o(i.USBD_FS_ProductStrDescriptor)
    USBD_FS_SerialStrDescriptor              0x0800758d   Thumb Code    48  usbd_desc.o(i.USBD_FS_SerialStrDescriptor)
    USBD_GetString                           0x080076ad   Thumb Code    72  usbd_ctlreq.o(i.USBD_GetString)
    USBD_Init                                0x0800770d   Thumb Code    42  usbd_core.o(i.USBD_Init)
    USBD_LL_ClearStallEP                     0x08007737   Thumb Code    18  usbd_conf.o(i.USBD_LL_ClearStallEP)
    USBD_LL_CloseEP                          0x08007749   Thumb Code    18  usbd_conf.o(i.USBD_LL_CloseEP)
    USBD_LL_DataInStage                      0x0800775b   Thumb Code   198  usbd_core.o(i.USBD_LL_DataInStage)
    USBD_LL_DataOutStage                     0x08007821   Thumb Code   130  usbd_core.o(i.USBD_LL_DataOutStage)
    USBD_LL_GetRxDataSize                    0x080078a3   Thumb Code     8  usbd_conf.o(i.USBD_LL_GetRxDataSize)
    USBD_LL_Init                             0x080078ad   Thumb Code   118  usbd_conf.o(i.USBD_LL_Init)
    USBD_LL_IsStallEP                        0x0800792d   Thumb Code    32  usbd_conf.o(i.USBD_LL_IsStallEP)
    USBD_LL_OpenEP                           0x0800794d   Thumb Code    24  usbd_conf.o(i.USBD_LL_OpenEP)
    USBD_LL_PrepareReceive                   0x08007965   Thumb Code    18  usbd_conf.o(i.USBD_LL_PrepareReceive)
    USBD_LL_Reset                            0x08007977   Thumb Code    80  usbd_core.o(i.USBD_LL_Reset)
    USBD_LL_Resume                           0x080079c7   Thumb Code    20  usbd_core.o(i.USBD_LL_Resume)
    USBD_LL_SOF                              0x080079db   Thumb Code    24  usbd_core.o(i.USBD_LL_SOF)
    USBD_LL_SetSpeed                         0x080079f3   Thumb Code     6  usbd_core.o(i.USBD_LL_SetSpeed)
    USBD_LL_SetUSBAddress                    0x080079f9   Thumb Code    18  usbd_conf.o(i.USBD_LL_SetUSBAddress)
    USBD_LL_SetupStage                       0x08007a0b   Thumb Code    90  usbd_core.o(i.USBD_LL_SetupStage)
    USBD_LL_StallEP                          0x08007a65   Thumb Code    18  usbd_conf.o(i.USBD_LL_StallEP)
    USBD_LL_Start                            0x08007a77   Thumb Code    18  usbd_conf.o(i.USBD_LL_Start)
    USBD_LL_Suspend                          0x08007a89   Thumb Code    18  usbd_core.o(i.USBD_LL_Suspend)
    USBD_LL_Transmit                         0x08007a9b   Thumb Code    18  usbd_conf.o(i.USBD_LL_Transmit)
    USBD_ParseSetupRequest                   0x08007aad   Thumb Code    40  usbd_ctlreq.o(i.USBD_ParseSetupRequest)
    USBD_RegisterClass                       0x08007ad5   Thumb Code    16  usbd_core.o(i.USBD_RegisterClass)
    USBD_SetClassConfig                      0x08007ae5   Thumb Code    22  usbd_core.o(i.USBD_SetClassConfig)
    USBD_Start                               0x08007b81   Thumb Code    10  usbd_core.o(i.USBD_Start)
    USBD_StdDevReq                           0x08007b8b   Thumb Code   274  usbd_ctlreq.o(i.USBD_StdDevReq)
    USBD_StdEPReq                            0x08007c9d   Thumb Code   336  usbd_ctlreq.o(i.USBD_StdEPReq)
    USBD_StdItfReq                           0x08007ded   Thumb Code    78  usbd_ctlreq.o(i.USBD_StdItfReq)
    USBD_static_free                         0x08007e3b   Thumb Code     2  usbd_conf.o(i.USBD_static_free)
    USBD_static_malloc                       0x08007e3d   Thumb Code     4  usbd_conf.o(i.USBD_static_malloc)
    USBTxDataDMA                             0x08007e45   Thumb Code    94  usb_uart.o(i.USBTxDataDMA)
    USB_ActivateEndpoint                     0x08007ea9   Thumb Code   668  stm32f1xx_ll_usb.o(i.USB_ActivateEndpoint)
    USB_CoreInit                             0x08008145   Thumb Code     4  stm32f1xx_ll_usb.o(i.USB_CoreInit)
    USB_DeactivateEndpoint                   0x08008149   Thumb Code   270  stm32f1xx_ll_usb.o(i.USB_DeactivateEndpoint)
    USB_DevConnect                           0x08008257   Thumb Code     4  stm32f1xx_ll_usb.o(i.USB_DevConnect)
    USB_DevDisconnect                        0x0800825b   Thumb Code     4  stm32f1xx_ll_usb.o(i.USB_DevDisconnect)
    USB_DevInit                              0x0800825f   Thumb Code    18  stm32f1xx_ll_usb.o(i.USB_DevInit)
    USB_DisableGlobalInt                     0x08008271   Thumb Code    14  stm32f1xx_ll_usb.o(i.USB_DisableGlobalInt)
    USB_EP0_OutStart                         0x0800827f   Thumb Code     4  stm32f1xx_ll_usb.o(i.USB_EP0_OutStart)
    USB_EPClearStall                         0x08008283   Thumb Code   120  stm32f1xx_ll_usb.o(i.USB_EPClearStall)
    USB_EPSetStall                           0x080082fb   Thumb Code    50  stm32f1xx_ll_usb.o(i.USB_EPSetStall)
    USB_EPStartXfer                          0x0800832d   Thumb Code  1250  stm32f1xx_ll_usb.o(i.USB_EPStartXfer)
    USB_EnableGlobalInt                      0x0800880f   Thumb Code    18  stm32f1xx_ll_usb.o(i.USB_EnableGlobalInt)
    USB_LP_CAN1_RX0_IRQHandler               0x08008821   Thumb Code     6  stm32f1xx_it.o(i.USB_LP_CAN1_RX0_IRQHandler)
    USB_ReadInterrupts                       0x0800882d   Thumb Code     6  stm32f1xx_ll_usb.o(i.USB_ReadInterrupts)
    USB_ReadPMA                              0x08008835   Thumb Code    44  stm32f1xx_ll_usb.o(i.USB_ReadPMA)
    USB_RxDataCallback                       0x08008861   Thumb Code   162  common.o(i.USB_RxDataCallback)
    USB_SetCurrentMode                       0x0800893d   Thumb Code     4  stm32f1xx_ll_usb.o(i.USB_SetCurrentMode)
    USB_SetDevAddress                        0x08008941   Thumb Code    12  stm32f1xx_ll_usb.o(i.USB_SetDevAddress)
    USB_WritePMA                             0x0800894d   Thumb Code    38  stm32f1xx_ll_usb.o(i.USB_WritePMA)
    UartCtrl_RxDataCallback                  0x08008975   Thumb Code    92  car_drive.o(i.UartCtrl_RxDataCallback)
    UartTxDataDMA                            0x080089d9   Thumb Code   132  uart_dma.o(i.UartTxDataDMA)
    Uart_DMA_Init                            0x08008a65   Thumb Code   152  uart_dma.o(i.Uart_DMA_Init)
    Uart_RxDataCallback                      0x08008b01   Thumb Code    56  uart_dma.o(i.Uart_RxDataCallback)
    Uart_RxIDLE_Handler                      0x08008b39   Thumb Code   240  uart_dma.o(i.Uart_RxIDLE_Handler)
    UsageFault_Handler                       0x08008c31   Thumb Code     2  stm32f1xx_it.o(i.UsageFault_Handler)
    Usb2UartInit                             0x08008c35   Thumb Code    64  usb_uart.o(i.Usb2UartInit)
    UserCmdParse                             0x08008c7d   Thumb Code   134  car_drive.o(i.UserCmdParse)
    UserConfigCallback                       0x08008d05   Thumb Code   356  car_drive.o(i.UserConfigCallback)
    UserCtrlCmdCallback                      0x08008e71   Thumb Code   304  car_drive.o(i.UserCtrlCmdCallback)
    UserDataInitFromFlash                    0x080090d1   Thumb Code    56  user_flash.o(i.UserDataInitFromFlash)
    UserFlashCheck                           0x0800910d   Thumb Code    18  user_flash.o(i.UserFlashCheck)
    UserFlashDataWrite                       0x08009129   Thumb Code    42  user_flash.o(i.UserFlashDataWrite)
    UserManualCtrlCallback                   0x0800915d   Thumb Code   266  car_drive.o(i.UserManualCtrlCallback)
    UserTasks                                0x08009295   Thumb Code    58  common.o(i.UserTasks)
    WriteFlashData                           0x080092d5   Thumb Code    58  user_flash.o(i.WriteFlashData)
    __0printf                                0x08009311   Thumb Code    22  printfa.o(i.__0printf)
    __1printf                                0x08009311   Thumb Code     0  printfa.o(i.__0printf)
    __2printf                                0x08009311   Thumb Code     0  printfa.o(i.__0printf)
    __c89printf                              0x08009311   Thumb Code     0  printfa.o(i.__0printf)
    printf                                   0x08009311   Thumb Code     0  printfa.o(i.__0printf)
    __0sprintf                               0x08009331   Thumb Code    34  printfa.o(i.__0sprintf)
    __1sprintf                               0x08009331   Thumb Code     0  printfa.o(i.__0sprintf)
    __2sprintf                               0x08009331   Thumb Code     0  printfa.o(i.__0sprintf)
    __c89sprintf                             0x08009331   Thumb Code     0  printfa.o(i.__0sprintf)
    sprintf                                  0x08009331   Thumb Code     0  printfa.o(i.__0sprintf)
    __scatterload_copy                       0x0800939d   Thumb Code    14  handlers.o(i.__scatterload_copy)
    __scatterload_null                       0x080093ab   Thumb Code     2  handlers.o(i.__scatterload_null)
    __scatterload_zeroinit                   0x080093ad   Thumb Code    14  handlers.o(i.__scatterload_zeroinit)
    fputc                                    0x08009c79   Thumb Code    20  common.o(i.fputc)
    led_matrix_init                          0x08009c91   Thumb Code   172  led_matrix.o(i.led_matrix_init)
    main                                     0x08009d41   Thumb Code    70  main.o(i.main)
    move_led_matrix                          0x08009d89   Thumb Code    34  led_matrix.o(i.move_led_matrix)
    show_led_matrix                          0x08009db1   Thumb Code   286  led_matrix.o(i.show_led_matrix)
    g_uart_port_map                          0x08009f18   Data         256  uart_dma.o(.constdata)
    g_music_freq                             0x0800a018   Data          88  music.o(.constdata)
    g_music_tone                             0x0800a070   Data         200  music.o(.constdata)
    g_music_note                             0x0800a138   Data         200  music.o(.constdata)
    AHBPrescTable                            0x0800a212   Data          16  system_stm32f1xx.o(.constdata)
    APBPrescTable                            0x0800a222   Data           8  system_stm32f1xx.o(.constdata)
    Region$$Table$$Base                      0x0800a22c   Number         0  anon$$obj.o(Region$$Table)
    Region$$Table$$Limit                     0x0800a24c   Number         0  anon$$obj.o(Region$$Table)
    g_SystemMode                             0x20000000   Data           1  common.o(.data)
    g_LED_flag                               0x20000001   Data           1  common.o(.data)
    g_track_time                             0x20000004   Data           4  common.o(.data)
    g_user_uart                              0x20000008   Data           4  common.o(.data)
    g_led                                    0x2000000c   Data          32  common.o(.data)
    g_esp32                                  0x2000002c   Data           2  esp32.o(.data)
    g_active_uart_num                        0x2000002e   Data           1  uart_dma.o(.data)
    g_ir_track_adc                           0x20000030   Data           4  ir_track.o(.data)
    g_CarConfig                              0x20000044   Data          56  car_drive.o(.data)
    g_CarCtrlCmd                             0x2000007c   Data        1100  car_drive.o(.data)
    i2c_dma_status                           0x200004c8   Data           1  oled_i2c.o(.data)
    g_i2c_top_cmd                            0x200004c9   Data           3  oled_i2c.o(.data)
    g_i2c_low_cmd                            0x200004cc   Data           3  oled_i2c.o(.data)
    g_OLED_i2c                               0x200004d0   Data           4  oled_i2c.o(.data)
    g_music_enable                           0x200004d4   Data           1  music.o(.data)
    g_music_flag                             0x200004d5   Data           1  music.o(.data)
    g_music_running                          0x200004d6   Data           1  music.o(.data)
    g_music_timer_set                        0x200004d8   Data           2  music.o(.data)
    g_music_index                            0x200004da   Data           2  music.o(.data)
    g_music_beep                             0x200004dc   Data           4  music.o(.data)
    g_music_time                             0x200004e0   Data           4  music.o(.data)
    g_col_start                              0x200004e8   Data           1  led_matrix.o(.data)
    g_col_cnt                                0x200004ea   Data           2  led_matrix.o(.data)
    g_ShowData                               0x200004ec   Data          51  led_matrix.o(.data)
    g_ShowPos                                0x20000520   Data         128  led_matrix.o(.data)
    uwTickFreq                               0x200005a0   Data           1  stm32f1xx_hal.o(.data)
    uwTickPrio                               0x200005a4   Data           4  stm32f1xx_hal.o(.data)
    uwTick                                   0x200005a8   Data           4  stm32f1xx_hal.o(.data)
    SystemCoreClock                          0x200005ac   Data           4  system_stm32f1xx.o(.data)
    FS_Desc                                  0x200005b0   Data          28  usbd_desc.o(.data)
    USBD_LangIDDesc                          0x200005cc   Data           4  usbd_desc.o(.data)
    USBD_FS_DeviceDesc                       0x200005d0   Data          18  usbd_desc.o(.data)
    USBD_StringSerial                        0x200005e4   Data          26  usbd_desc.o(.data)
    USBD_Interface_fops_FS                   0x20000600   Data          16  usbd_cdc_if.o(.data)
    USBD_CDC_CfgHSDesc                       0x20000620   Data          67  usbd_cdc.o(.data)
    USBD_CDC_CfgFSDesc                       0x20000664   Data          67  usbd_cdc.o(.data)
    USBD_CDC_OtherSpeedCfgDesc               0x200006a8   Data          67  usbd_cdc.o(.data)
    USBD_CDC                                 0x200006ec   Data          56  usbd_cdc.o(.data)
    __stdout                                 0x20000724   Data           4  stdout.o(.data)
    g_device_uid                             0x20000728   Data          25  common.o(.bss)
    g_uart_dma                               0x20000744   Data        6720  uart_dma.o(.bss)
    g_usb_buf                                0x20002184   Data        1132  usb_uart.o(.bss)
    g_TrackStatus                            0x200025f0   Data         148  ir_track.o(.bss)
    g_cmd_buf                                0x20002684   Data          64  car_drive.o(.bss)
    g_CarCtrl                                0x200026c4   Data          44  car_drive.o(.bss)
    g_i2c_top_buf                            0x200026f0   Data         128  oled_i2c.o(.bss)
    g_i2c_low_buf                            0x20002770   Data         128  oled_i2c.o(.bss)
    g_AngleKalman                            0x200027f0   Data          88  angle_kalman_filter.o(.bss)
    hadc1                                    0x20002848   Data          48  adc.o(.bss)
    hdma_adc1                                0x20002878   Data          68  adc.o(.bss)
    hi2c2                                    0x200028bc   Data          84  i2c.o(.bss)
    hdma_i2c2_tx                             0x20002910   Data          68  i2c.o(.bss)
    htim1                                    0x20002954   Data          72  tim.o(.bss)
    htim3                                    0x2000299c   Data          72  tim.o(.bss)
    htim4                                    0x200029e4   Data          72  tim.o(.bss)
    htim6                                    0x20002a2c   Data          72  tim.o(.bss)
    htim7                                    0x20002a74   Data          72  tim.o(.bss)
    huart1                                   0x20002abc   Data          72  usart.o(.bss)
    huart2                                   0x20002b04   Data          72  usart.o(.bss)
    huart3                                   0x20002b4c   Data          72  usart.o(.bss)
    hdma_usart2_rx                           0x20002b94   Data          68  usart.o(.bss)
    hdma_usart2_tx                           0x20002bd8   Data          68  usart.o(.bss)
    hdma_usart3_rx                           0x20002c1c   Data          68  usart.o(.bss)
    hdma_usart3_tx                           0x20002c60   Data          68  usart.o(.bss)
    pFlash                                   0x20002ca8   Data          32  stm32f1xx_hal_flash.o(.bss)
    hUsbDeviceFS                             0x20002cc8   Data         708  usb_device.o(.bss)
    USBD_StrDesc                             0x20002f8c   Data         512  usbd_desc.o(.bss)
    hpcd_USB_FS                              0x200033ac   Data         752  usbd_conf.o(.bss)
    __initial_sp                             0x20003aa0   Data           0  startup_stm32f103xe.o(STACK)



==============================================================================

Memory Map of the image

  Image Entry point : 0x08000131

  Load Region LR_IROM1 (Base: 0x08000000, Size: 0x0000a974, Max: 0x00040000, ABSOLUTE, COMPRESSED[0x0000a4a4])

    Execution Region ER_IROM1 (Exec base: 0x08000000, Load base: 0x08000000, Size: 0x0000a24c, Max: 0x00040000, ABSOLUTE)

    Exec Addr    Load Addr    Size         Type   Attr      Idx    E Section Name        Object

    0x08000000   0x08000000   0x00000130   Data   RO            3    RESET               startup_stm32f103xe.o
    0x08000130   0x08000130   0x00000000   Code   RO         5937  * .ARM.Collect$$$$00000000  mc_w.l(entry.o)
    0x08000130   0x08000130   0x00000004   Code   RO         6241    .ARM.Collect$$$$00000001  mc_w.l(entry2.o)
    0x08000134   0x08000134   0x00000004   Code   RO         6244    .ARM.Collect$$$$00000004  mc_w.l(entry5.o)
    0x08000138   0x08000138   0x00000000   Code   RO         6246    .ARM.Collect$$$$00000008  mc_w.l(entry7b.o)
    0x08000138   0x08000138   0x00000000   Code   RO         6248    .ARM.Collect$$$$0000000A  mc_w.l(entry8b.o)
    0x08000138   0x08000138   0x00000008   Code   RO         6249    .ARM.Collect$$$$0000000B  mc_w.l(entry9a.o)
    0x08000140   0x08000140   0x00000000   Code   RO         6251    .ARM.Collect$$$$0000000D  mc_w.l(entry10a.o)
    0x08000140   0x08000140   0x00000000   Code   RO         6253    .ARM.Collect$$$$0000000F  mc_w.l(entry11a.o)
    0x08000140   0x08000140   0x00000004   Code   RO         6242    .ARM.Collect$$$$00002712  mc_w.l(entry2.o)
    0x08000144   0x08000144   0x00000024   Code   RO            4    .text               startup_stm32f103xe.o
    0x08000168   0x08000168   0x00000020   Code   RO         5940    .text               mc_w.l(llushr.o)
    0x08000188   0x08000188   0x00000024   Code   RO         5942    .text               mc_w.l(memcpya.o)
    0x080001ac   0x080001ac   0x00000024   Code   RO         5944    .text               mc_w.l(memseta.o)
    0x080001d0   0x080001d0   0x00000018   Code   RO         5946    .text               mc_w.l(strcat.o)
    0x080001e8   0x080001e8   0x0000000e   Code   RO         5950    .text               mc_w.l(strlen.o)
    0x080001f6   0x080001f6   0x0000001c   Code   RO         5952    .text               mc_w.l(strcmp.o)
    0x08000212   0x08000212   0x0000001e   Code   RO         5954    .text               mc_w.l(strncmp.o)
    0x08000230   0x08000230   0x000000b0   Code   RO         6219    .text               mf_w.l(fadd.o)
    0x080002e0   0x080002e0   0x00000064   Code   RO         6221    .text               mf_w.l(fmul.o)
    0x08000344   0x08000344   0x0000007c   Code   RO         6223    .text               mf_w.l(fdiv.o)
    0x080003c0   0x080003c0   0x00000018   Code   RO         6225    .text               mf_w.l(fscalb.o)
    0x080003d8   0x080003d8   0x000000e4   Code   RO         6227    .text               mf_w.l(dmul.o)
    0x080004bc   0x080004bc   0x00000012   Code   RO         6229    .text               mf_w.l(fflti.o)
    0x080004ce   0x080004ce   0x0000000a   Code   RO         6231    .text               mf_w.l(ffltui.o)
    0x080004d8   0x080004d8   0x00000032   Code   RO         6235    .text               mf_w.l(ffixi.o)
    0x0800050a   0x0800050a   0x00000026   Code   RO         6237    .text               mf_w.l(f2d.o)
    0x08000530   0x08000530   0x00000038   Code   RO         6239    .text               mf_w.l(d2f.o)
    0x08000568   0x08000568   0x0000002c   Code   RO         6256    .text               mc_w.l(uidiv.o)
    0x08000594   0x08000594   0x00000062   Code   RO         6258    .text               mc_w.l(uldiv.o)
    0x080005f6   0x080005f6   0x00000000   Code   RO         6260    .text               mc_w.l(iusefp.o)
    0x080005f6   0x080005f6   0x0000006e   Code   RO         6261    .text               mf_w.l(fepilogue.o)
    0x08000664   0x08000664   0x000000ba   Code   RO         6263    .text               mf_w.l(depilogue.o)
    0x0800071e   0x0800071e   0x0000014e   Code   RO         6265    .text               mf_w.l(dadd.o)
    0x0800086c   0x0800086c   0x000000de   Code   RO         6267    .text               mf_w.l(ddiv.o)
    0x0800094a   0x0800094a   0x00000030   Code   RO         6269    .text               mf_w.l(dfixul.o)
    0x0800097a   0x0800097a   0x00000002   PAD
    0x0800097c   0x0800097c   0x00000030   Code   RO         6271    .text               mf_w.l(cdrcmple.o)
    0x080009ac   0x080009ac   0x00000024   Code   RO         6273    .text               mc_w.l(init.o)
    0x080009d0   0x080009d0   0x0000001e   Code   RO         6275    .text               mc_w.l(llshl.o)
    0x080009ee   0x080009ee   0x00000024   Code   RO         6277    .text               mc_w.l(llsshr.o)
    0x08000a12   0x08000a12   0x00000056   Code   RO         6287    .text               mc_w.l(__dczerorl2.o)
    0x08000a68   0x08000a68   0x0000000c   Code   RO         1441    i.ADC1_2_IRQHandler  stm32f1xx_it.o
    0x08000a74   0x08000a74   0x00000056   Code   RO         3115    i.ADC_ConversionStop_Disable  stm32f1xx_hal_adc.o
    0x08000aca   0x08000aca   0x0000004e   Code   RO         3116    i.ADC_DMAConvCplt   stm32f1xx_hal_adc.o
    0x08000b18   0x08000b18   0x0000001a   Code   RO         3117    i.ADC_DMAError      stm32f1xx_hal_adc.o
    0x08000b32   0x08000b32   0x0000000a   Code   RO         3118    i.ADC_DMAHalfConvCplt  stm32f1xx_hal_adc.o
    0x08000b3c   0x08000b3c   0x0000007c   Code   RO         3119    i.ADC_Enable        stm32f1xx_hal_adc.o
    0x08000bb8   0x08000bb8   0x00000078   Code   RO          567    i.ADC_NormalCal     ir_track.o
    0x08000c30   0x08000c30   0x00000060   Code   RO          976    i.AngleKalmanInit   angle_kalman_filter.o
    0x08000c90   0x08000c90   0x0000002c   Code   RO         1012    i.BTN_Read_Left     btn.o
    0x08000cbc   0x08000cbc   0x0000002c   Code   RO         1013    i.BTN_Read_Right    btn.o
    0x08000ce8   0x08000ce8   0x00000002   Code   RO         1442    i.BusFault_Handler  stm32f1xx_it.o
    0x08000cea   0x08000cea   0x00000004   Code   RO         5306    i.CDC_Control_FS    usbd_cdc_if.o
    0x08000cee   0x08000cee   0x00000004   Code   RO         5307    i.CDC_DeInit_FS     usbd_cdc_if.o
    0x08000cf2   0x08000cf2   0x0000000a   Code   RO         5308    i.CDC_Init_FS       usbd_cdc_if.o
    0x08000cfc   0x08000cfc   0x0000000c   Code   RO         5309    i.CDC_Receive_FS    usbd_cdc_if.o
    0x08000d08   0x08000d08   0x0000002c   Code   RO         5310    i.CDC_Transmit_FS   usbd_cdc_if.o
    0x08000d34   0x08000d34   0x00000030   Code   RO          682    i.CarCtrlInit       car_drive.o
    0x08000d64   0x08000d64   0x00000020   Code   RO          683    i.CarMotoCtrl       car_drive.o
    0x08000d84   0x08000d84   0x00000064   Code   RO          684    i.CarPIDSpeedCtrl   car_drive.o
    0x08000de8   0x08000de8   0x00000090   Code   RO          685    i.CarTrackCtrl      car_drive.o
    0x08000e78   0x08000e78   0x00000028   Code   RO           13    i.CheckBtnLeft      common.o
    0x08000ea0   0x08000ea0   0x00000090   Code   RO           14    i.CheckBtnRight     common.o
    0x08000f30   0x08000f30   0x0000007c   Code   RO          470    i.CheckUSBRxData    usb_uart.o
    0x08000fac   0x08000fac   0x0000007c   Code   RO          471    i.CheckUSBTxData    usb_uart.o
    0x08001028   0x08001028   0x000000a8   Code   RO          348    i.CheckUartRxData   uart_dma.o
    0x080010d0   0x080010d0   0x0000009c   Code   RO          349    i.CheckUartTxData   uart_dma.o
    0x0800116c   0x0800116c   0x00000048   Code   RO          686    i.CheckUserCmd      car_drive.o
    0x080011b4   0x080011b4   0x0000000c   Code   RO         1443    i.DMA1_Channel1_IRQHandler  stm32f1xx_it.o
    0x080011c0   0x080011c0   0x0000000c   Code   RO         1444    i.DMA1_Channel2_IRQHandler  stm32f1xx_it.o
    0x080011cc   0x080011cc   0x0000000c   Code   RO         1445    i.DMA1_Channel3_IRQHandler  stm32f1xx_it.o
    0x080011d8   0x080011d8   0x0000000c   Code   RO         1446    i.DMA1_Channel4_IRQHandler  stm32f1xx_it.o
    0x080011e4   0x080011e4   0x0000000c   Code   RO         1447    i.DMA1_Channel6_IRQHandler  stm32f1xx_it.o
    0x080011f0   0x080011f0   0x0000000c   Code   RO         1448    i.DMA1_Channel7_IRQHandler  stm32f1xx_it.o
    0x080011fc   0x080011fc   0x0000002a   Code   RO         2518    i.DMA_SetConfig     stm32f1xx_hal_dma.o
    0x08001226   0x08001226   0x00000002   Code   RO         1449    i.DebugMon_Handler  stm32f1xx_it.o
    0x08001228   0x08001228   0x00000090   Code   RO          291    i.ESP32ModeCtrl     esp32.o
    0x080012b8   0x080012b8   0x000000a8   Code   RO          292    i.ESP32_Init        esp32.o
    0x08001360   0x08001360   0x00000010   Code   RO          293    i.ESP32_Start       esp32.o
    0x08001370   0x08001370   0x00000006   Code   RO         1450    i.EXTI4_IRQHandler  stm32f1xx_it.o
    0x08001376   0x08001376   0x00000006   Code   RO         1451    i.EXTI9_5_IRQHandler  stm32f1xx_it.o
    0x0800137c   0x0800137c   0x00000026   Code   RO         1043    i.EreaseFlashData   user_flash.o
    0x080013a2   0x080013a2   0x00000004   Code   RO         1141    i.Error_Handler     main.o
    0x080013a6   0x080013a6   0x00000002   PAD
    0x080013a8   0x080013a8   0x00000024   Code   RO         2958    i.FLASH_MassErase   stm32f1xx_hal_flash_ex.o
    0x080013cc   0x080013cc   0x00000024   Code   RO         2963    i.FLASH_PageErase   stm32f1xx_hal_flash_ex.o
    0x080013f0   0x080013f0   0x0000001c   Code   RO         2855    i.FLASH_Program_HalfWord  stm32f1xx_hal_flash.o
    0x0800140c   0x0800140c   0x0000005c   Code   RO         2856    i.FLASH_SetErrorCode  stm32f1xx_hal_flash.o
    0x08001468   0x08001468   0x00000054   Code   RO         2857    i.FLASH_WaitForLastOperation  stm32f1xx_hal_flash.o
    0x080014bc   0x080014bc   0x000000f8   Code   RO           15    i.GetUniqueID       common.o
    0x080015b4   0x080015b4   0x00000002   Code   RO         3297    i.HAL_ADCEx_InjectedConvCpltCallback  stm32f1xx_hal_adc_ex.o
    0x080015b6   0x080015b6   0x00000002   PAD
    0x080015b8   0x080015b8   0x000000fc   Code   RO         3121    i.HAL_ADC_ConfigChannel  stm32f1xx_hal_adc.o
    0x080016b4   0x080016b4   0x00000130   Code   RO          687    i.HAL_ADC_ConvCpltCallback  car_drive.o
    0x080017e4   0x080017e4   0x00000002   Code   RO         3123    i.HAL_ADC_ConvHalfCpltCallback  stm32f1xx_hal_adc.o
    0x080017e6   0x080017e6   0x00000002   Code   RO         3125    i.HAL_ADC_ErrorCallback  stm32f1xx_hal_adc.o
    0x080017e8   0x080017e8   0x000000dc   Code   RO         3129    i.HAL_ADC_IRQHandler  stm32f1xx_hal_adc.o
    0x080018c4   0x080018c4   0x00000120   Code   RO         3130    i.HAL_ADC_Init      stm32f1xx_hal_adc.o
    0x080019e4   0x080019e4   0x00000002   Code   RO         3131    i.HAL_ADC_LevelOutOfWindowCallback  stm32f1xx_hal_adc.o
    0x080019e6   0x080019e6   0x00000002   PAD
    0x080019e8   0x080019e8   0x000000c0   Code   RO         1208    i.HAL_ADC_MspInit   adc.o
    0x08001aa8   0x08001aa8   0x0000010c   Code   RO         3137    i.HAL_ADC_Start_DMA  stm32f1xx_hal_adc.o
    0x08001bb4   0x08001bb4   0x00000056   Code   RO         3140    i.HAL_ADC_Stop_DMA  stm32f1xx_hal_adc.o
    0x08001c0a   0x08001c0a   0x00000046   Code   RO         2519    i.HAL_DMA_Abort     stm32f1xx_hal_dma.o
    0x08001c50   0x08001c50   0x00000130   Code   RO         2520    i.HAL_DMA_Abort_IT  stm32f1xx_hal_dma.o
    0x08001d80   0x08001d80   0x00000006   Code   RO         2523    i.HAL_DMA_GetState  stm32f1xx_hal_dma.o
    0x08001d86   0x08001d86   0x00000002   PAD
    0x08001d88   0x08001d88   0x00000248   Code   RO         2524    i.HAL_DMA_IRQHandler  stm32f1xx_hal_dma.o
    0x08001fd0   0x08001fd0   0x0000007c   Code   RO         2525    i.HAL_DMA_Init      stm32f1xx_hal_dma.o
    0x0800204c   0x0800204c   0x00000070   Code   RO         2529    i.HAL_DMA_Start_IT  stm32f1xx_hal_dma.o
    0x080020bc   0x080020bc   0x00000024   Code   RO         2145    i.HAL_Delay         stm32f1xx_hal.o
    0x080020e0   0x080020e0   0x000000a8   Code   RO         2964    i.HAL_FLASHEx_Erase  stm32f1xx_hal_flash_ex.o
    0x08002188   0x08002188   0x00000014   Code   RO         2861    i.HAL_FLASH_Lock    stm32f1xx_hal_flash.o
    0x0800219c   0x0800219c   0x00000080   Code   RO         2866    i.HAL_FLASH_Program  stm32f1xx_hal_flash.o
    0x0800221c   0x0800221c   0x00000028   Code   RO         2868    i.HAL_FLASH_Unlock  stm32f1xx_hal_flash.o
    0x08002244   0x08002244   0x00000002   Code   RO           16    i.HAL_GPIO_EXTI_Callback  common.o
    0x08002246   0x08002246   0x00000002   PAD
    0x08002248   0x08002248   0x00000018   Code   RO         2454    i.HAL_GPIO_EXTI_IRQHandler  stm32f1xx_hal_gpio.o
    0x08002260   0x08002260   0x000001f8   Code   RO         2455    i.HAL_GPIO_Init     stm32f1xx_hal_gpio.o
    0x08002458   0x08002458   0x0000000a   Code   RO         2457    i.HAL_GPIO_ReadPin  stm32f1xx_hal_gpio.o
    0x08002462   0x08002462   0x00000010   Code   RO         2458    i.HAL_GPIO_TogglePin  stm32f1xx_hal_gpio.o
    0x08002472   0x08002472   0x0000000a   Code   RO         2459    i.HAL_GPIO_WritePin  stm32f1xx_hal_gpio.o
    0x0800247c   0x0800247c   0x0000000c   Code   RO         2149    i.HAL_GetTick       stm32f1xx_hal.o
    0x08002488   0x08002488   0x00000002   Code   RO         3391    i.HAL_I2C_AbortCpltCallback  stm32f1xx_hal_i2c.o
    0x0800248a   0x0800248a   0x00000002   Code   RO         3392    i.HAL_I2C_AddrCallback  stm32f1xx_hal_i2c.o
    0x0800248c   0x0800248c   0x00000230   Code   RO         3396    i.HAL_I2C_EV_IRQHandler  stm32f1xx_hal_i2c.o
    0x080026bc   0x080026bc   0x00000002   Code   RO         3398    i.HAL_I2C_ErrorCallback  stm32f1xx_hal_i2c.o
    0x080026be   0x080026be   0x00000002   PAD
    0x080026c0   0x080026c0   0x00000188   Code   RO         3402    i.HAL_I2C_Init      stm32f1xx_hal_i2c.o
    0x08002848   0x08002848   0x00000002   Code   RO         3404    i.HAL_I2C_ListenCpltCallback  stm32f1xx_hal_i2c.o
    0x0800284a   0x0800284a   0x00000002   Code   RO         3405    i.HAL_I2C_MasterRxCpltCallback  stm32f1xx_hal_i2c.o
    0x0800284c   0x0800284c   0x00000002   Code   RO         3406    i.HAL_I2C_MasterTxCpltCallback  stm32f1xx_hal_i2c.o
    0x0800284e   0x0800284e   0x00000002   Code   RO         3418    i.HAL_I2C_MemRxCpltCallback  stm32f1xx_hal_i2c.o
    0x08002850   0x08002850   0x0000005c   Code   RO          795    i.HAL_I2C_MemTxCpltCallback  oled_i2c.o
    0x080028ac   0x080028ac   0x00000190   Code   RO         3424    i.HAL_I2C_Mem_Write_DMA  stm32f1xx_hal_i2c.o
    0x08002a3c   0x08002a3c   0x000000a0   Code   RO         1274    i.HAL_I2C_MspInit   i2c.o
    0x08002adc   0x08002adc   0x00000002   Code   RO         3428    i.HAL_I2C_SlaveRxCpltCallback  stm32f1xx_hal_i2c.o
    0x08002ade   0x08002ade   0x00000002   Code   RO         3429    i.HAL_I2C_SlaveTxCpltCallback  stm32f1xx_hal_i2c.o
    0x08002ae0   0x08002ae0   0x00000010   Code   RO         2155    i.HAL_IncTick       stm32f1xx_hal.o
    0x08002af0   0x08002af0   0x00000024   Code   RO         2156    i.HAL_Init          stm32f1xx_hal.o
    0x08002b14   0x08002b14   0x00000040   Code   RO         2157    i.HAL_InitTick      stm32f1xx_hal.o
    0x08002b54   0x08002b54   0x0000003c   Code   RO         1613    i.HAL_MspInit       stm32f1xx_hal_msp.o
    0x08002b90   0x08002b90   0x0000001a   Code   RO         2615    i.HAL_NVIC_EnableIRQ  stm32f1xx_hal_cortex.o
    0x08002baa   0x08002baa   0x00000002   PAD
    0x08002bac   0x08002bac   0x00000040   Code   RO         2621    i.HAL_NVIC_SetPriority  stm32f1xx_hal_cortex.o
    0x08002bec   0x08002bec   0x00000024   Code   RO         2622    i.HAL_NVIC_SetPriorityGrouping  stm32f1xx_hal_cortex.o
    0x08002c10   0x08002c10   0x0000003c   Code   RO         1912    i.HAL_PCDEx_PMAConfig  stm32f1xx_hal_pcd_ex.o
    0x08002c4c   0x08002c4c   0x00000002   Code   RO         5359    i.HAL_PCDEx_SetConnectionState  usbd_conf.o
    0x08002c4e   0x08002c4e   0x00000012   Code   RO         5361    i.HAL_PCD_DataInStageCallback  usbd_conf.o
    0x08002c60   0x08002c60   0x00000014   Code   RO         5362    i.HAL_PCD_DataOutStageCallback  usbd_conf.o
    0x08002c74   0x08002c74   0x0000004c   Code   RO         1683    i.HAL_PCD_EP_Close  stm32f1xx_hal_pcd.o
    0x08002cc0   0x08002cc0   0x0000005c   Code   RO         1684    i.HAL_PCD_EP_ClrStall  stm32f1xx_hal_pcd.o
    0x08002d1c   0x08002d1c   0x000000e6   Code   RO         1685    i.HAL_PCD_EP_DB_Receive  stm32f1xx_hal_pcd.o
    0x08002e02   0x08002e02   0x00000338   Code   RO         1686    i.HAL_PCD_EP_DB_Transmit  stm32f1xx_hal_pcd.o
    0x0800313a   0x0800313a   0x00000012   Code   RO         1688    i.HAL_PCD_EP_GetRxCount  stm32f1xx_hal_pcd.o
    0x0800314c   0x0800314c   0x0000005a   Code   RO         1689    i.HAL_PCD_EP_Open   stm32f1xx_hal_pcd.o
    0x080031a6   0x080031a6   0x0000002e   Code   RO         1690    i.HAL_PCD_EP_Receive  stm32f1xx_hal_pcd.o
    0x080031d4   0x080031d4   0x00000072   Code   RO         1691    i.HAL_PCD_EP_SetStall  stm32f1xx_hal_pcd.o
    0x08003246   0x08003246   0x00000030   Code   RO         1692    i.HAL_PCD_EP_Transmit  stm32f1xx_hal_pcd.o
    0x08003276   0x08003276   0x00000002   PAD
    0x08003278   0x08003278   0x00000134   Code   RO         1694    i.HAL_PCD_IRQHandler  stm32f1xx_hal_pcd.o
    0x080033ac   0x080033ac   0x000000da   Code   RO         1697    i.HAL_PCD_Init      stm32f1xx_hal_pcd.o
    0x08003486   0x08003486   0x00000002   PAD
    0x08003488   0x08003488   0x0000003c   Code   RO         5367    i.HAL_PCD_MspInit   usbd_conf.o
    0x080034c4   0x080034c4   0x00000026   Code   RO         5368    i.HAL_PCD_ResetCallback  usbd_conf.o
    0x080034ea   0x080034ea   0x00000008   Code   RO         5369    i.HAL_PCD_ResumeCallback  usbd_conf.o
    0x080034f2   0x080034f2   0x00000008   Code   RO         5370    i.HAL_PCD_SOFCallback  usbd_conf.o
    0x080034fa   0x080034fa   0x00000028   Code   RO         1703    i.HAL_PCD_SetAddress  stm32f1xx_hal_pcd.o
    0x08003522   0x08003522   0x0000000e   Code   RO         5371    i.HAL_PCD_SetupStageCallback  usbd_conf.o
    0x08003530   0x08003530   0x00000032   Code   RO         1705    i.HAL_PCD_Start     stm32f1xx_hal_pcd.o
    0x08003562   0x08003562   0x00000002   PAD
    0x08003564   0x08003564   0x00000024   Code   RO         5372    i.HAL_PCD_SuspendCallback  usbd_conf.o
    0x08003588   0x08003588   0x000000ec   Code   RO         2417    i.HAL_RCCEx_PeriphCLKConfig  stm32f1xx_hal_rcc_ex.o
    0x08003674   0x08003674   0x0000012c   Code   RO         2313    i.HAL_RCC_ClockConfig  stm32f1xx_hal_rcc.o
    0x080037a0   0x080037a0   0x00000020   Code   RO         2320    i.HAL_RCC_GetPCLK1Freq  stm32f1xx_hal_rcc.o
    0x080037c0   0x080037c0   0x00000020   Code   RO         2321    i.HAL_RCC_GetPCLK2Freq  stm32f1xx_hal_rcc.o
    0x080037e0   0x080037e0   0x0000004c   Code   RO         2322    i.HAL_RCC_GetSysClockFreq  stm32f1xx_hal_rcc.o
    0x0800382c   0x0800382c   0x00000320   Code   RO         2325    i.HAL_RCC_OscConfig  stm32f1xx_hal_rcc.o
    0x08003b4c   0x08003b4c   0x00000028   Code   RO         2626    i.HAL_SYSTICK_Config  stm32f1xx_hal_cortex.o
    0x08003b74   0x08003b74   0x00000002   Code   RO         4534    i.HAL_TIMEx_BreakCallback  stm32f1xx_hal_tim_ex.o
    0x08003b76   0x08003b76   0x00000002   Code   RO         4535    i.HAL_TIMEx_CommutCallback  stm32f1xx_hal_tim_ex.o
    0x08003b78   0x08003b78   0x00000054   Code   RO         4537    i.HAL_TIMEx_ConfigBreakDeadTime  stm32f1xx_hal_tim_ex.o
    0x08003bcc   0x08003bcc   0x0000007c   Code   RO         4553    i.HAL_TIMEx_MasterConfigSynchronization  stm32f1xx_hal_tim_ex.o
    0x08003c48   0x08003c48   0x0000005a   Code   RO         3830    i.HAL_TIM_Base_Init  stm32f1xx_hal_tim.o
    0x08003ca2   0x08003ca2   0x00000002   PAD
    0x08003ca4   0x08003ca4   0x000000b0   Code   RO         1316    i.HAL_TIM_Base_MspInit  tim.o
    0x08003d54   0x08003d54   0x0000006c   Code   RO         3835    i.HAL_TIM_Base_Start_IT  stm32f1xx_hal_tim.o
    0x08003dc0   0x08003dc0   0x00000030   Code   RO         3838    i.HAL_TIM_Base_Stop_IT  stm32f1xx_hal_tim.o
    0x08003df0   0x08003df0   0x000000dc   Code   RO         3839    i.HAL_TIM_ConfigClockSource  stm32f1xx_hal_tim.o
    0x08003ecc   0x08003ecc   0x00000002   Code   RO         3864    i.HAL_TIM_IC_CaptureCallback  stm32f1xx_hal_tim.o
    0x08003ece   0x08003ece   0x00000166   Code   RO         3878    i.HAL_TIM_IRQHandler  stm32f1xx_hal_tim.o
    0x08004034   0x08004034   0x000000bc   Code   RO         1317    i.HAL_TIM_MspPostInit  tim.o
    0x080040f0   0x080040f0   0x00000002   Code   RO         3881    i.HAL_TIM_OC_DelayElapsedCallback  stm32f1xx_hal_tim.o
    0x080040f2   0x080040f2   0x000000cc   Code   RO         3902    i.HAL_TIM_PWM_ConfigChannel  stm32f1xx_hal_tim.o
    0x080041be   0x080041be   0x0000005a   Code   RO         3905    i.HAL_TIM_PWM_Init  stm32f1xx_hal_tim.o
    0x08004218   0x08004218   0x00000002   Code   RO         3907    i.HAL_TIM_PWM_MspInit  stm32f1xx_hal_tim.o
    0x0800421a   0x0800421a   0x00000002   Code   RO         3908    i.HAL_TIM_PWM_PulseFinishedCallback  stm32f1xx_hal_tim.o
    0x0800421c   0x0800421c   0x000000b4   Code   RO         3910    i.HAL_TIM_PWM_Start  stm32f1xx_hal_tim.o
    0x080042d0   0x080042d0   0x0000007c   Code   RO         3913    i.HAL_TIM_PWM_Stop  stm32f1xx_hal_tim.o
    0x0800434c   0x0800434c   0x00000038   Code   RO           17    i.HAL_TIM_PeriodElapsedCallback  common.o
    0x08004384   0x08004384   0x00000002   Code   RO         3921    i.HAL_TIM_TriggerCallback  stm32f1xx_hal_tim.o
    0x08004386   0x08004386   0x00000002   Code   RO         4813    i.HAL_UARTEx_RxEventCallback  stm32f1xx_hal_uart.o
    0x08004388   0x08004388   0x00000034   Code   RO          350    i.HAL_UART_DMAStopRx  uart_dma.o
    0x080043bc   0x080043bc   0x0000001c   Code   RO          351    i.HAL_UART_EndRxTransfer_IT  uart_dma.o
    0x080043d8   0x080043d8   0x00000002   Code   RO          352    i.HAL_UART_ErrorCallback  uart_dma.o
    0x080043da   0x080043da   0x00000002   PAD
    0x080043dc   0x080043dc   0x0000026c   Code   RO         4830    i.HAL_UART_IRQHandler  stm32f1xx_hal_uart.o
    0x08004648   0x08004648   0x00000064   Code   RO         4831    i.HAL_UART_Init     stm32f1xx_hal_uart.o
    0x080046ac   0x080046ac   0x00000200   Code   RO         1388    i.HAL_UART_MspInit  usart.o
    0x080048ac   0x080048ac   0x0000001c   Code   RO         4835    i.HAL_UART_Receive_DMA  stm32f1xx_hal_uart.o
    0x080048c8   0x080048c8   0x0000001c   Code   RO         4836    i.HAL_UART_Receive_IT  stm32f1xx_hal_uart.o
    0x080048e4   0x080048e4   0x000000b8   Code   RO          353    i.HAL_UART_RxCpltCallback  uart_dma.o
    0x0800499c   0x0800499c   0x00000002   Code   RO         4838    i.HAL_UART_RxHalfCpltCallback  stm32f1xx_hal_uart.o
    0x0800499e   0x0800499e   0x0000009a   Code   RO         4839    i.HAL_UART_Transmit  stm32f1xx_hal_uart.o
    0x08004a38   0x08004a38   0x00000078   Code   RO         4840    i.HAL_UART_Transmit_DMA  stm32f1xx_hal_uart.o
    0x08004ab0   0x08004ab0   0x00000074   Code   RO          354    i.HAL_UART_TxCpltCallback  uart_dma.o
    0x08004b24   0x08004b24   0x00000002   Code   RO         4843    i.HAL_UART_TxHalfCpltCallback  stm32f1xx_hal_uart.o
    0x08004b26   0x08004b26   0x00000002   Code   RO         1452    i.HardFault_Handler  stm32f1xx_it.o
    0x08004b28   0x08004b28   0x0000000c   Code   RO         1453    i.I2C2_EV_IRQHandler  stm32f1xx_it.o
    0x08004b34   0x08004b34   0x000000bc   Code   RO         3440    i.I2C_DMAAbort      stm32f1xx_hal_i2c.o
    0x08004bf0   0x08004bf0   0x00000036   Code   RO         3441    i.I2C_DMAError      stm32f1xx_hal_i2c.o
    0x08004c26   0x08004c26   0x0000010a   Code   RO         3442    i.I2C_DMAXferCplt   stm32f1xx_hal_i2c.o
    0x08004d30   0x08004d30   0x00000010   Code   RO         3443    i.I2C_Flush_DR      stm32f1xx_hal_i2c.o
    0x08004d40   0x08004d40   0x00000158   Code   RO         3444    i.I2C_ITError       stm32f1xx_hal_i2c.o
    0x08004e98   0x08004e98   0x0000002e   Code   RO         3445    i.I2C_IsAcknowledgeFailed  stm32f1xx_hal_i2c.o
    0x08004ec6   0x08004ec6   0x000000d2   Code   RO         3446    i.I2C_MasterReceive_BTF  stm32f1xx_hal_i2c.o
    0x08004f98   0x08004f98   0x000000e8   Code   RO         3447    i.I2C_MasterReceive_RXNE  stm32f1xx_hal_i2c.o
    0x08005080   0x08005080   0x00000082   Code   RO         3450    i.I2C_MasterTransmit_BTF  stm32f1xx_hal_i2c.o
    0x08005102   0x08005102   0x00000002   PAD
    0x08005104   0x08005104   0x000000b6   Code   RO         3451    i.I2C_MasterTransmit_TXE  stm32f1xx_hal_i2c.o
    0x080051ba   0x080051ba   0x00000002   PAD
    0x080051bc   0x080051bc   0x00000158   Code   RO         3452    i.I2C_Master_ADDR   stm32f1xx_hal_i2c.o
    0x08005314   0x08005314   0x0000008c   Code   RO         3453    i.I2C_Master_SB     stm32f1xx_hal_i2c.o
    0x080053a0   0x080053a0   0x000000a8   Code   RO         3454    i.I2C_MemoryTransmit_TXE_BTF  stm32f1xx_hal_i2c.o
    0x08005448   0x08005448   0x000000a8   Code   RO         3456    i.I2C_RequestMemoryWrite  stm32f1xx_hal_i2c.o
    0x080054f0   0x080054f0   0x00000046   Code   RO         3457    i.I2C_Slave_ADDR    stm32f1xx_hal_i2c.o
    0x08005536   0x08005536   0x00000002   PAD
    0x08005538   0x08005538   0x0000015c   Code   RO         3459    i.I2C_Slave_STOPF   stm32f1xx_hal_i2c.o
    0x08005694   0x08005694   0x00000090   Code   RO         3461    i.I2C_WaitOnFlagUntilTimeout  stm32f1xx_hal_i2c.o
    0x08005724   0x08005724   0x000000bc   Code   RO         3462    i.I2C_WaitOnMasterAddressFlagUntilTimeout  stm32f1xx_hal_i2c.o
    0x080057e0   0x080057e0   0x00000056   Code   RO         3464    i.I2C_WaitOnTXEFlagUntilTimeout  stm32f1xx_hal_i2c.o
    0x08005836   0x08005836   0x00000002   PAD
    0x08005838   0x08005838   0x0000004c   Code   RO          568    i.IR_Track_Init     ir_track.o
    0x08005884   0x08005884   0x00000010   Code   RO          569    i.IR_Track_Power_Off  ir_track.o
    0x08005894   0x08005894   0x00000010   Code   RO          570    i.IR_Track_Power_On  ir_track.o
    0x080058a4   0x080058a4   0x00000014   Code   RO          571    i.IR_Track_Start    ir_track.o
    0x080058b8   0x080058b8   0x00000038   Code   RO         5233    i.IntToUnicode      usbd_desc.o
    0x080058f0   0x080058f0   0x00000248   Code   RO          977    i.KalmanFilter      angle_kalman_filter.o
    0x08005b38   0x08005b38   0x00000060   Code   RO           19    i.LEDCtrl           common.o
    0x08005b98   0x08005b98   0x000000a8   Code   RO         1209    i.MX_ADC1_Init      adc.o
    0x08005c40   0x08005c40   0x0000007c   Code   RO         1249    i.MX_DMA_Init       dma.o
    0x08005cbc   0x08005cbc   0x00000188   Code   RO         1183    i.MX_GPIO_Init      gpio.o
    0x08005e44   0x08005e44   0x00000040   Code   RO         1275    i.MX_I2C2_Init      i2c.o
    0x08005e84   0x08005e84   0x000000c8   Code   RO         1318    i.MX_TIM1_Init      tim.o
    0x08005f4c   0x08005f4c   0x000000c8   Code   RO         1319    i.MX_TIM3_Init      tim.o
    0x08006014   0x08006014   0x000000c8   Code   RO         1320    i.MX_TIM4_Init      tim.o
    0x080060dc   0x080060dc   0x00000048   Code   RO         1321    i.MX_TIM6_Init      tim.o
    0x08006124   0x08006124   0x00000048   Code   RO         1322    i.MX_TIM7_Init      tim.o
    0x0800616c   0x0800616c   0x00000038   Code   RO         1389    i.MX_USART1_UART_Init  usart.o
    0x080061a4   0x080061a4   0x00000038   Code   RO         1390    i.MX_USART2_UART_Init  usart.o
    0x080061dc   0x080061dc   0x00000038   Code   RO         1391    i.MX_USART3_UART_Init  usart.o
    0x08006214   0x08006214   0x00000054   Code   RO         5202    i.MX_USB_DEVICE_Init  usb_device.o
    0x08006268   0x08006268   0x0000001c   Code   RO          688    i.ManualCarCtrl     car_drive.o
    0x08006284   0x08006284   0x00000002   Code   RO         1454    i.MemManage_Handler  stm32f1xx_it.o
    0x08006286   0x08006286   0x00000002   PAD
    0x08006288   0x08006288   0x00000020   Code   RO          623    i.MotoLeftBackCtrl  motor_drive.o
    0x080062a8   0x080062a8   0x00000020   Code   RO          624    i.MotoLeftFrontCtrl  motor_drive.o
    0x080062c8   0x080062c8   0x00000020   Code   RO          625    i.MotoRightBackCtrl  motor_drive.o
    0x080062e8   0x080062e8   0x00000020   Code   RO          626    i.MotoRightFrontCtrl  motor_drive.o
    0x08006308   0x08006308   0x000000b8   Code   RO          886    i.MusicProcess      music.o
    0x080063c0   0x080063c0   0x00000002   Code   RO         1455    i.NMI_Handler       stm32f1xx_it.o
    0x080063c2   0x080063c2   0x000003ac   Code   RO         1709    i.PCD_EP_ISR_Handler  stm32f1xx_hal_pcd.o
    0x0800676e   0x0800676e   0x00000002   Code   RO         1456    i.PendSV_Handler    stm32f1xx_it.o
    0x08006770   0x08006770   0x00000064   Code   RO          472    i.RcvDataFromUSB    usb_uart.o
    0x080067d4   0x080067d4   0x00000002   Code   RO         1457    i.SVC_Handler       stm32f1xx_it.o
    0x080067d6   0x080067d6   0x00000002   PAD
    0x080067d8   0x080067d8   0x00000034   Code   RO          473    i.SendDataToUSB     usb_uart.o
    0x0800680c   0x0800680c   0x00000044   Code   RO           20    i.ShowLED           common.o
    0x08006850   0x08006850   0x0000002c   Code   RO          355    i.StartAllUartDMAReceive  uart_dma.o
    0x0800687c   0x0800687c   0x00000050   Code   RO          627    i.StopAllMoto       motor_drive.o
    0x080068cc   0x080068cc   0x00000004   Code   RO         1458    i.SysTick_Handler   stm32f1xx_it.o
    0x080068d0   0x080068d0   0x0000007e   Code   RO         1142    i.SystemClock_Config  main.o
    0x0800694e   0x0800694e   0x00000002   Code   RO         5165    i.SystemInit        system_stm32f1xx.o
    0x08006950   0x08006950   0x00000078   Code   RO           21    i.SystemModeCtrl    common.o
    0x080069c8   0x080069c8   0x00000030   Code   RO           22    i.System_Init       common.o
    0x080069f8   0x080069f8   0x0000000c   Code   RO         1459    i.TIM6_IRQHandler   stm32f1xx_it.o
    0x08006a04   0x08006a04   0x0000000c   Code   RO         1460    i.TIM7_IRQHandler   stm32f1xx_it.o
    0x08006a10   0x08006a10   0x0000008c   Code   RO         3923    i.TIM_Base_SetConfig  stm32f1xx_hal_tim.o
    0x08006a9c   0x08006a9c   0x0000001a   Code   RO         3924    i.TIM_CCxChannelCmd  stm32f1xx_hal_tim.o
    0x08006ab6   0x08006ab6   0x00000014   Code   RO         3934    i.TIM_ETR_SetConfig  stm32f1xx_hal_tim.o
    0x08006aca   0x08006aca   0x00000010   Code   RO         3935    i.TIM_ITRx_SetConfig  stm32f1xx_hal_tim.o
    0x08006ada   0x08006ada   0x00000002   PAD
    0x08006adc   0x08006adc   0x00000060   Code   RO         3936    i.TIM_OC1_SetConfig  stm32f1xx_hal_tim.o
    0x08006b3c   0x08006b3c   0x0000006c   Code   RO         3937    i.TIM_OC2_SetConfig  stm32f1xx_hal_tim.o
    0x08006ba8   0x08006ba8   0x00000068   Code   RO         3938    i.TIM_OC3_SetConfig  stm32f1xx_hal_tim.o
    0x08006c10   0x08006c10   0x00000050   Code   RO         3939    i.TIM_OC4_SetConfig  stm32f1xx_hal_tim.o
    0x08006c60   0x08006c60   0x00000022   Code   RO         3941    i.TIM_TI1_ConfigInputStage  stm32f1xx_hal_tim.o
    0x08006c82   0x08006c82   0x00000024   Code   RO         3943    i.TIM_TI2_ConfigInputStage  stm32f1xx_hal_tim.o
    0x08006ca6   0x08006ca6   0x00000010   Code   RO         4844    i.UART_DMAAbortOnError  stm32f1xx_hal_uart.o
    0x08006cb6   0x08006cb6   0x0000004a   Code   RO         4845    i.UART_DMAError     stm32f1xx_hal_uart.o
    0x08006d00   0x08006d00   0x00000086   Code   RO         4846    i.UART_DMAReceiveCplt  stm32f1xx_hal_uart.o
    0x08006d86   0x08006d86   0x0000001e   Code   RO         4848    i.UART_DMARxHalfCplt  stm32f1xx_hal_uart.o
    0x08006da4   0x08006da4   0x00000042   Code   RO         4850    i.UART_DMATransmitCplt  stm32f1xx_hal_uart.o
    0x08006de6   0x08006de6   0x0000000a   Code   RO         4852    i.UART_DMATxHalfCplt  stm32f1xx_hal_uart.o
    0x08006df0   0x08006df0   0x0000004e   Code   RO         4854    i.UART_EndRxTransfer  stm32f1xx_hal_uart.o
    0x08006e3e   0x08006e3e   0x0000001c   Code   RO         4855    i.UART_EndTxTransfer  stm32f1xx_hal_uart.o
    0x08006e5a   0x08006e5a   0x000000c2   Code   RO         4856    i.UART_Receive_IT   stm32f1xx_hal_uart.o
    0x08006f1c   0x08006f1c   0x000000b8   Code   RO         4857    i.UART_SetConfig    stm32f1xx_hal_uart.o
    0x08006fd4   0x08006fd4   0x00000090   Code   RO         4858    i.UART_Start_Receive_DMA  stm32f1xx_hal_uart.o
    0x08007064   0x08007064   0x00000036   Code   RO         4859    i.UART_Start_Receive_IT  stm32f1xx_hal_uart.o
    0x0800709a   0x0800709a   0x00000078   Code   RO         4860    i.UART_WaitOnFlagUntilTimeout  stm32f1xx_hal_uart.o
    0x08007112   0x08007112   0x00000002   PAD
    0x08007114   0x08007114   0x00000018   Code   RO         1461    i.USART1_IRQHandler  stm32f1xx_it.o
    0x0800712c   0x0800712c   0x00000018   Code   RO         1462    i.USART2_IRQHandler  stm32f1xx_it.o
    0x08007144   0x08007144   0x00000018   Code   RO         1463    i.USART3_IRQHandler  stm32f1xx_it.o
    0x0800715c   0x0800715c   0x00000046   Code   RO         5834    i.USBD_CDC_DataIn   usbd_cdc.o
    0x080071a2   0x080071a2   0x0000002e   Code   RO         5835    i.USBD_CDC_DataOut  usbd_cdc.o
    0x080071d0   0x080071d0   0x00000044   Code   RO         5836    i.USBD_CDC_DeInit   usbd_cdc.o
    0x08007214   0x08007214   0x00000024   Code   RO         5837    i.USBD_CDC_EP0_RxReady  usbd_cdc.o
    0x08007238   0x08007238   0x0000000c   Code   RO         5838    i.USBD_CDC_GetDeviceQualifierDescriptor  usbd_cdc.o
    0x08007244   0x08007244   0x0000000c   Code   RO         5839    i.USBD_CDC_GetFSCfgDesc  usbd_cdc.o
    0x08007250   0x08007250   0x0000000c   Code   RO         5840    i.USBD_CDC_GetHSCfgDesc  usbd_cdc.o
    0x0800725c   0x0800725c   0x0000000c   Code   RO         5841    i.USBD_CDC_GetOtherSpeedCfgDesc  usbd_cdc.o
    0x08007268   0x08007268   0x00000094   Code   RO         5842    i.USBD_CDC_Init     usbd_cdc.o
    0x080072fc   0x080072fc   0x00000028   Code   RO         5843    i.USBD_CDC_ReceivePacket  usbd_cdc.o
    0x08007324   0x08007324   0x00000010   Code   RO         5844    i.USBD_CDC_RegisterInterface  usbd_cdc.o
    0x08007334   0x08007334   0x0000000c   Code   RO         5845    i.USBD_CDC_SetRxBuffer  usbd_cdc.o
    0x08007340   0x08007340   0x00000010   Code   RO         5846    i.USBD_CDC_SetTxBuffer  usbd_cdc.o
    0x08007350   0x08007350   0x000000ac   Code   RO         5847    i.USBD_CDC_Setup    usbd_cdc.o
    0x080073fc   0x080073fc   0x00000036   Code   RO         5848    i.USBD_CDC_TransmitPacket  usbd_cdc.o
    0x08007432   0x08007432   0x0000000e   Code   RO         5571    i.USBD_ClrClassConfig  usbd_core.o
    0x08007440   0x08007440   0x00000010   Code   RO         5774    i.USBD_CtlContinueRx  usbd_ioreq.o
    0x08007450   0x08007450   0x00000010   Code   RO         5775    i.USBD_CtlContinueSendData  usbd_ioreq.o
    0x08007460   0x08007460   0x00000016   Code   RO         5709    i.USBD_CtlError     usbd_ctlreq.o
    0x08007476   0x08007476   0x0000001e   Code   RO         5776    i.USBD_CtlPrepareRx  usbd_ioreq.o
    0x08007494   0x08007494   0x00000016   Code   RO         5777    i.USBD_CtlReceiveStatus  usbd_ioreq.o
    0x080074aa   0x080074aa   0x0000001a   Code   RO         5778    i.USBD_CtlSendData  usbd_ioreq.o
    0x080074c4   0x080074c4   0x00000016   Code   RO         5779    i.USBD_CtlSendStatus  usbd_ioreq.o
    0x080074da   0x080074da   0x00000002   PAD
    0x080074dc   0x080074dc   0x00000020   Code   RO         5234    i.USBD_FS_ConfigStrDescriptor  usbd_desc.o
    0x080074fc   0x080074fc   0x0000000c   Code   RO         5235    i.USBD_FS_DeviceDescriptor  usbd_desc.o
    0x08007508   0x08007508   0x00000024   Code   RO         5236    i.USBD_FS_InterfaceStrDescriptor  usbd_desc.o
    0x0800752c   0x0800752c   0x0000000c   Code   RO         5237    i.USBD_FS_LangIDStrDescriptor  usbd_desc.o
    0x08007538   0x08007538   0x00000028   Code   RO         5238    i.USBD_FS_ManufacturerStrDescriptor  usbd_desc.o
    0x08007560   0x08007560   0x0000002c   Code   RO         5239    i.USBD_FS_ProductStrDescriptor  usbd_desc.o
    0x0800758c   0x0800758c   0x00000038   Code   RO         5240    i.USBD_FS_SerialStrDescriptor  usbd_desc.o
    0x080075c4   0x080075c4   0x000000e8   Code   RO         5710    i.USBD_GetDescriptor  usbd_ctlreq.o
    0x080076ac   0x080076ac   0x00000048   Code   RO         5711    i.USBD_GetString    usbd_ctlreq.o
    0x080076f4   0x080076f4   0x00000018   Code   RO         5373    i.USBD_Get_USB_Status  usbd_conf.o
    0x0800770c   0x0800770c   0x0000002a   Code   RO         5573    i.USBD_Init         usbd_core.o
    0x08007736   0x08007736   0x00000012   Code   RO         5374    i.USBD_LL_ClearStallEP  usbd_conf.o
    0x08007748   0x08007748   0x00000012   Code   RO         5375    i.USBD_LL_CloseEP   usbd_conf.o
    0x0800775a   0x0800775a   0x000000c6   Code   RO         5574    i.USBD_LL_DataInStage  usbd_core.o
    0x08007820   0x08007820   0x00000082   Code   RO         5575    i.USBD_LL_DataOutStage  usbd_core.o
    0x080078a2   0x080078a2   0x00000008   Code   RO         5379    i.USBD_LL_GetRxDataSize  usbd_conf.o
    0x080078aa   0x080078aa   0x00000002   PAD
    0x080078ac   0x080078ac   0x00000080   Code   RO         5380    i.USBD_LL_Init      usbd_conf.o
    0x0800792c   0x0800792c   0x00000020   Code   RO         5381    i.USBD_LL_IsStallEP  usbd_conf.o
    0x0800794c   0x0800794c   0x00000018   Code   RO         5382    i.USBD_LL_OpenEP    usbd_conf.o
    0x08007964   0x08007964   0x00000012   Code   RO         5383    i.USBD_LL_PrepareReceive  usbd_conf.o
    0x08007976   0x08007976   0x00000050   Code   RO         5580    i.USBD_LL_Reset     usbd_core.o
    0x080079c6   0x080079c6   0x00000014   Code   RO         5581    i.USBD_LL_Resume    usbd_core.o
    0x080079da   0x080079da   0x00000018   Code   RO         5582    i.USBD_LL_SOF       usbd_core.o
    0x080079f2   0x080079f2   0x00000006   Code   RO         5583    i.USBD_LL_SetSpeed  usbd_core.o
    0x080079f8   0x080079f8   0x00000012   Code   RO         5384    i.USBD_LL_SetUSBAddress  usbd_conf.o
    0x08007a0a   0x08007a0a   0x0000005a   Code   RO         5584    i.USBD_LL_SetupStage  usbd_core.o
    0x08007a64   0x08007a64   0x00000012   Code   RO         5385    i.USBD_LL_StallEP   usbd_conf.o
    0x08007a76   0x08007a76   0x00000012   Code   RO         5386    i.USBD_LL_Start     usbd_conf.o
    0x08007a88   0x08007a88   0x00000012   Code   RO         5585    i.USBD_LL_Suspend   usbd_core.o
    0x08007a9a   0x08007a9a   0x00000012   Code   RO         5388    i.USBD_LL_Transmit  usbd_conf.o
    0x08007aac   0x08007aac   0x00000028   Code   RO         5712    i.USBD_ParseSetupRequest  usbd_ctlreq.o
    0x08007ad4   0x08007ad4   0x00000010   Code   RO         5586    i.USBD_RegisterClass  usbd_core.o
    0x08007ae4   0x08007ae4   0x00000016   Code   RO         5588    i.USBD_SetClassConfig  usbd_core.o
    0x08007afa   0x08007afa   0x00000002   PAD
    0x08007afc   0x08007afc   0x00000084   Code   RO         5713    i.USBD_SetConfig    usbd_ctlreq.o
    0x08007b80   0x08007b80   0x0000000a   Code   RO         5589    i.USBD_Start        usbd_core.o
    0x08007b8a   0x08007b8a   0x00000112   Code   RO         5714    i.USBD_StdDevReq    usbd_ctlreq.o
    0x08007c9c   0x08007c9c   0x00000150   Code   RO         5715    i.USBD_StdEPReq     usbd_ctlreq.o
    0x08007dec   0x08007dec   0x0000004e   Code   RO         5716    i.USBD_StdItfReq    usbd_ctlreq.o
    0x08007e3a   0x08007e3a   0x00000002   Code   RO         5389    i.USBD_static_free  usbd_conf.o
    0x08007e3c   0x08007e3c   0x00000008   Code   RO         5390    i.USBD_static_malloc  usbd_conf.o
    0x08007e44   0x08007e44   0x00000064   Code   RO          474    i.USBTxDataDMA      usb_uart.o
    0x08007ea8   0x08007ea8   0x0000029c   Code   RO         1952    i.USB_ActivateEndpoint  stm32f1xx_ll_usb.o
    0x08008144   0x08008144   0x00000004   Code   RO         1955    i.USB_CoreInit      stm32f1xx_ll_usb.o
    0x08008148   0x08008148   0x0000010e   Code   RO         1957    i.USB_DeactivateEndpoint  stm32f1xx_ll_usb.o
    0x08008256   0x08008256   0x00000004   Code   RO         1958    i.USB_DevConnect    stm32f1xx_ll_usb.o
    0x0800825a   0x0800825a   0x00000004   Code   RO         1959    i.USB_DevDisconnect  stm32f1xx_ll_usb.o
    0x0800825e   0x0800825e   0x00000012   Code   RO         1960    i.USB_DevInit       stm32f1xx_ll_usb.o
    0x08008270   0x08008270   0x0000000e   Code   RO         1961    i.USB_DisableGlobalInt  stm32f1xx_ll_usb.o
    0x0800827e   0x0800827e   0x00000004   Code   RO         1962    i.USB_EP0_OutStart  stm32f1xx_ll_usb.o
    0x08008282   0x08008282   0x00000078   Code   RO         1963    i.USB_EPClearStall  stm32f1xx_ll_usb.o
    0x080082fa   0x080082fa   0x00000032   Code   RO         1964    i.USB_EPSetStall    stm32f1xx_ll_usb.o
    0x0800832c   0x0800832c   0x000004e2   Code   RO         1965    i.USB_EPStartXfer   stm32f1xx_ll_usb.o
    0x0800880e   0x0800880e   0x00000012   Code   RO         1967    i.USB_EnableGlobalInt  stm32f1xx_ll_usb.o
    0x08008820   0x08008820   0x0000000c   Code   RO         1464    i.USB_LP_CAN1_RX0_IRQHandler  stm32f1xx_it.o
    0x0800882c   0x0800882c   0x00000006   Code   RO         1974    i.USB_ReadInterrupts  stm32f1xx_ll_usb.o
    0x08008832   0x08008832   0x00000002   PAD
    0x08008834   0x08008834   0x0000002c   Code   RO         1975    i.USB_ReadPMA       stm32f1xx_ll_usb.o
    0x08008860   0x08008860   0x000000dc   Code   RO           23    i.USB_RxDataCallback  common.o
    0x0800893c   0x0800893c   0x00000004   Code   RO         1976    i.USB_SetCurrentMode  stm32f1xx_ll_usb.o
    0x08008940   0x08008940   0x0000000c   Code   RO         1977    i.USB_SetDevAddress  stm32f1xx_ll_usb.o
    0x0800894c   0x0800894c   0x00000026   Code   RO         1979    i.USB_WritePMA      stm32f1xx_ll_usb.o
    0x08008972   0x08008972   0x00000002   PAD
    0x08008974   0x08008974   0x00000064   Code   RO          689    i.UartCtrl_RxDataCallback  car_drive.o
    0x080089d8   0x080089d8   0x0000008c   Code   RO          358    i.UartTxDataDMA     uart_dma.o
    0x08008a64   0x08008a64   0x0000009c   Code   RO          359    i.Uart_DMA_Init     uart_dma.o
    0x08008b00   0x08008b00   0x00000038   Code   RO          360    i.Uart_RxDataCallback  uart_dma.o
    0x08008b38   0x08008b38   0x000000f8   Code   RO          361    i.Uart_RxIDLE_Handler  uart_dma.o
    0x08008c30   0x08008c30   0x00000002   Code   RO         1465    i.UsageFault_Handler  stm32f1xx_it.o
    0x08008c32   0x08008c32   0x00000002   PAD
    0x08008c34   0x08008c34   0x00000048   Code   RO          475    i.Usb2UartInit      usb_uart.o
    0x08008c7c   0x08008c7c   0x00000086   Code   RO          690    i.UserCmdParse      car_drive.o
    0x08008d02   0x08008d02   0x00000002   PAD
    0x08008d04   0x08008d04   0x0000016c   Code   RO          691    i.UserConfigCallback  car_drive.o
    0x08008e70   0x08008e70   0x00000260   Code   RO          692    i.UserCtrlCmdCallback  car_drive.o
    0x080090d0   0x080090d0   0x0000003c   Code   RO         1045    i.UserDataInitFromFlash  user_flash.o
    0x0800910c   0x0800910c   0x0000001c   Code   RO         1046    i.UserFlashCheck    user_flash.o
    0x08009128   0x08009128   0x00000034   Code   RO         1047    i.UserFlashDataWrite  user_flash.o
    0x0800915c   0x0800915c   0x00000138   Code   RO          693    i.UserManualCtrlCallback  car_drive.o
    0x08009294   0x08009294   0x00000040   Code   RO           24    i.UserTasks         common.o
    0x080092d4   0x080092d4   0x0000003a   Code   RO         1048    i.WriteFlashData    user_flash.o
    0x0800930e   0x0800930e   0x00000002   PAD
    0x08009310   0x08009310   0x00000020   Code   RO         6191    i.__0printf         mc_w.l(printfa.o)
    0x08009330   0x08009330   0x00000028   Code   RO         6193    i.__0sprintf        mc_w.l(printfa.o)
    0x08009358   0x08009358   0x00000020   Code   RO         2628    i.__NVIC_SetPriority  stm32f1xx_hal_cortex.o
    0x08009378   0x08009378   0x00000024   Code   RO           25    i.__NVIC_SystemReset  common.o
    0x0800939c   0x0800939c   0x0000000e   Code   RO         6281    i.__scatterload_copy  mc_w.l(handlers.o)
    0x080093aa   0x080093aa   0x00000002   Code   RO         6282    i.__scatterload_null  mc_w.l(handlers.o)
    0x080093ac   0x080093ac   0x0000000e   Code   RO         6283    i.__scatterload_zeroinit  mc_w.l(handlers.o)
    0x080093ba   0x080093ba   0x00000002   PAD
    0x080093bc   0x080093bc   0x00000184   Code   RO         6198    i._fp_digits        mc_w.l(printfa.o)
    0x08009540   0x08009540   0x000006dc   Code   RO         6199    i._printf_core      mc_w.l(printfa.o)
    0x08009c1c   0x08009c1c   0x00000024   Code   RO         6200    i._printf_post_padding  mc_w.l(printfa.o)
    0x08009c40   0x08009c40   0x0000002e   Code   RO         6201    i._printf_pre_padding  mc_w.l(printfa.o)
    0x08009c6e   0x08009c6e   0x0000000a   Code   RO         6203    i._sputc            mc_w.l(printfa.o)
    0x08009c78   0x08009c78   0x00000018   Code   RO           26    i.fputc             common.o
    0x08009c90   0x08009c90   0x000000b0   Code   RO         1101    i.led_matrix_init   led_matrix.o
    0x08009d40   0x08009d40   0x00000046   Code   RO         1143    i.main              main.o
    0x08009d86   0x08009d86   0x00000002   PAD
    0x08009d88   0x08009d88   0x00000028   Code   RO         1102    i.move_led_matrix   led_matrix.o
    0x08009db0   0x08009db0   0x00000128   Code   RO         1103    i.show_led_matrix   led_matrix.o
    0x08009ed8   0x08009ed8   0x00000040   Data   RO          294    .constdata          esp32.o
    0x08009f18   0x08009f18   0x00000100   Data   RO          363    .constdata          uart_dma.o
    0x0800a018   0x0800a018   0x000001e8   Data   RO          889    .constdata          music.o
    0x0800a200   0x0800a200   0x00000012   Data   RO         2326    .constdata          stm32f1xx_hal_rcc.o
    0x0800a212   0x0800a212   0x00000010   Data   RO         5166    .constdata          system_stm32f1xx.o
    0x0800a222   0x0800a222   0x00000008   Data   RO         5167    .constdata          system_stm32f1xx.o
    0x0800a22a   0x0800a22a   0x00000002   PAD
    0x0800a22c   0x0800a22c   0x00000020   Data   RO         6279    Region$$Table       anon$$obj.o


    Execution Region RW_IRAM1 (Exec base: 0x20000000, Load base: 0x0800a24c, Size: 0x00003aa0, Max: 0x0000c000, ABSOLUTE, COMPRESSED[0x00000258])

    Exec Addr    Load Addr    Size         Type   Attr      Idx    E Section Name        Object

    0x20000000   COMPRESSED   0x0000002c   Data   RW           28    .data               common.o
    0x2000002c   COMPRESSED   0x00000002   Data   RW          295    .data               esp32.o
    0x2000002e   COMPRESSED   0x00000001   Data   RW          364    .data               uart_dma.o
    0x2000002f   COMPRESSED   0x00000001   PAD
    0x20000030   COMPRESSED   0x00000004   Data   RW          573    .data               ir_track.o
    0x20000034   COMPRESSED   0x00000494   Data   RW          695    .data               car_drive.o
    0x200004c8   COMPRESSED   0x0000000c   Data   RW          808    .data               oled_i2c.o
    0x200004d4   COMPRESSED   0x00000010   Data   RW          890    .data               music.o
    0x200004e4   COMPRESSED   0x00000002   Data   RW         1014    .data               btn.o
    0x200004e6   COMPRESSED   0x00000002   PAD
    0x200004e8   COMPRESSED   0x000000b8   Data   RW         1105    .data               led_matrix.o
    0x200005a0   COMPRESSED   0x0000000c   Data   RW         2163    .data               stm32f1xx_hal.o
    0x200005ac   COMPRESSED   0x00000004   Data   RW         5168    .data               system_stm32f1xx.o
    0x200005b0   COMPRESSED   0x0000001c   Data   RW         5242    .data               usbd_desc.o
    0x200005cc   COMPRESSED   0x00000032   Data   RW         5243    .data               usbd_desc.o
    0x200005fe   COMPRESSED   0x00000002   PAD
    0x20000600   COMPRESSED   0x00000010   Data   RW         5313    .data               usbd_cdc_if.o
    0x20000610   COMPRESSED   0x00000001   Data   RW         5717    .data               usbd_ctlreq.o
    0x20000611   COMPRESSED   0x00000003   PAD
    0x20000614   COMPRESSED   0x000000d7   Data   RW         5849    .data               usbd_cdc.o
    0x200006eb   COMPRESSED   0x00000001   PAD
    0x200006ec   COMPRESSED   0x00000038   Data   RW         5850    .data               usbd_cdc.o
    0x20000724   COMPRESSED   0x00000004   Data   RW         6255    .data               mc_w.l(stdout.o)
    0x20000728        -       0x00000019   Zero   RW           27    .bss                common.o
    0x20000741   COMPRESSED   0x00000003   PAD
    0x20000744        -       0x00001a40   Zero   RW          362    .bss                uart_dma.o
    0x20002184        -       0x0000046c   Zero   RW          476    .bss                usb_uart.o
    0x200025f0        -       0x00000094   Zero   RW          572    .bss                ir_track.o
    0x20002684        -       0x0000006c   Zero   RW          694    .bss                car_drive.o
    0x200026f0        -       0x00000100   Zero   RW          806    .bss                oled_i2c.o
    0x200027f0        -       0x00000058   Zero   RW          978    .bss                angle_kalman_filter.o
    0x20002848        -       0x00000074   Zero   RW         1210    .bss                adc.o
    0x200028bc        -       0x00000098   Zero   RW         1276    .bss                i2c.o
    0x20002954        -       0x00000168   Zero   RW         1323    .bss                tim.o
    0x20002abc        -       0x000001e8   Zero   RW         1392    .bss                usart.o
    0x20002ca4   COMPRESSED   0x00000004   PAD
    0x20002ca8        -       0x00000020   Zero   RW         2869    .bss                stm32f1xx_hal_flash.o
    0x20002cc8        -       0x000002c4   Zero   RW         5203    .bss                usb_device.o
    0x20002f8c        -       0x00000200   Zero   RW         5241    .bss                usbd_desc.o
    0x2000318c        -       0x00000510   Zero   RW         5391    .bss                usbd_conf.o
    0x2000369c   COMPRESSED   0x00000004   PAD
    0x200036a0        -       0x00000400   Zero   RW            1    STACK               startup_stm32f103xe.o


==============================================================================

Image component sizes


      Code (inc. data)   RO Data    RW Data    ZI Data      Debug   Object Name

       360         36          0          0        116       1895   adc.o
       680         12          0          0         88       2589   angle_kalman_filter.o
        88         18          0          2          0       1133   btn.o
      2246        446          0       1172        108      12686   car_drive.o
      1166        218          0         44         25     579567   common.o
       124          4          0          0          0        810   dma.o
       328         34         64          2          0       2237   esp32.o
       392         24          0          0          0       1079   gpio.o
       224         34          0          0        152       1766   i2c.o
       248         34          0          4        148       3641   ir_track.o
       512         20          0        184          0       2698   led_matrix.o
       200          0          0          0          0       2092   main.o
       208         34          0          0          0       2510   motor_drive.o
       184         10        488         16          0       1709   music.o
        92          8          0         12        256       1638   oled_i2c.o
        36          8        304          0       1024        804   startup_stm32f103xe.o
       164         28          0         12          0       6561   stm32f1xx_hal.o
      1444         60          0          0          0      10306   stm32f1xx_hal_adc.o
         2          0          0          0          0       1069   stm32f1xx_hal_adc_ex.o
       198         14          0          0          0      28983   stm32f1xx_hal_cortex.o
      1242         52          0          0          0       5729   stm32f1xx_hal_dma.o
       392         46          0          0         32       4778   stm32f1xx_hal_flash.o
       240         26          0          0          0       3269   stm32f1xx_hal_flash_ex.o
       564         48          0          0          0       4775   stm32f1xx_hal_gpio.o
      4694         70          0          0          0      27629   stm32f1xx_hal_i2c.o
        60          8          0          0          0        882   stm32f1xx_hal_msp.o
      3094          0          0          0          0      14405   stm32f1xx_hal_pcd.o
        60          0          0          0          0       1190   stm32f1xx_hal_pcd_ex.o
      1240         84         18          0          0       5160   stm32f1xx_hal_rcc.o
       236         12          0          0          0       1396   stm32f1xx_hal_rcc_ex.o
      2092        106          0          0          0      17716   stm32f1xx_hal_tim.o
       212         20          0          0          0       3229   stm32f1xx_hal_tim_ex.o
      2188         38          0          0          0      17061   stm32f1xx_hal_uart.o
       236         84          0          0          0      11238   stm32f1xx_it.o
      2528          0          0          0          0      16231   stm32f1xx_ll_usb.o
         2          0         24          4          0       1139   system_stm32f1xx.o
      1108         92          0          0        360       5340   tim.o
      1350        130        256          1       6720      10710   uart_dma.o
       680         60          0          0        488       3476   usart.o
        84         18          0          0        708        804   usb_device.o
       572         60          0          0       1132      11203   usb_uart.o
       726         16          0        271          0      13170   usbd_cdc.o
        74          6          0         16          0       3368   usbd_cdc_if.o
       556         30          0          0       1296      14365   usbd_conf.o
       670          0          0          0          0       9563   usbd_core.o
      1186         28          0          1          0       7976   usbd_ctlreq.o
       288        104          0         78        512       5993   usbd_desc.o
       132          0          0          0          0       4372   usbd_ioreq.o
       236         24          0          0          0       3845   user_flash.o

    ----------------------------------------------------------------------
     35696       2204       1188       1828      13176     895785   Object Totals
         0          0         32          0          0          0   (incl. Generated)
        58          0          2          9         11          0   (incl. Padding)

    ----------------------------------------------------------------------

      Code (inc. data)   RO Data    RW Data    ZI Data      Debug   Library Member Name

        86          0          0          0          0          0   __dczerorl2.o
         0          0          0          0          0          0   entry.o
         0          0          0          0          0          0   entry10a.o
         0          0          0          0          0          0   entry11a.o
         8          4          0          0          0          0   entry2.o
         4          0          0          0          0          0   entry5.o
         0          0          0          0          0          0   entry7b.o
         0          0          0          0          0          0   entry8b.o
         8          4          0          0          0          0   entry9a.o
        30          0          0          0          0          0   handlers.o
        36          8          0          0          0         68   init.o
         0          0          0          0          0          0   iusefp.o
        30          0          0          0          0         68   llshl.o
        36          0          0          0          0         68   llsshr.o
        32          0          0          0          0         68   llushr.o
        36          0          0          0          0         68   memcpya.o
        36          0          0          0          0        108   memseta.o
      2308         96          0          0          0        604   printfa.o
         0          0          0          4          0          0   stdout.o
        24          0          0          0          0         68   strcat.o
        28          0          0          0          0         76   strcmp.o
        14          0          0          0          0         68   strlen.o
        30          0          0          0          0         80   strncmp.o
        44          0          0          0          0         80   uidiv.o
        98          0          0          0          0         92   uldiv.o
        48          0          0          0          0         68   cdrcmple.o
        56          0          0          0          0         88   d2f.o
       334          0          0          0          0        148   dadd.o
       222          0          0          0          0        100   ddiv.o
       186          0          0          0          0        176   depilogue.o
        48          0          0          0          0         68   dfixul.o
       228          0          0          0          0         96   dmul.o
        38          0          0          0          0         68   f2d.o
       176          0          0          0          0        140   fadd.o
       124          0          0          0          0         88   fdiv.o
       110          0          0          0          0        168   fepilogue.o
        50          0          0          0          0         68   ffixi.o
        18          0          0          0          0         68   fflti.o
        10          0          0          0          0         68   ffltui.o
       100          0          0          0          0         76   fmul.o
        24          0          0          0          0         68   fscalb.o

    ----------------------------------------------------------------------
      4664        112          0          4          0       3072   Library Totals
         4          0          0          0          0          0   (incl. Padding)

    ----------------------------------------------------------------------

      Code (inc. data)   RO Data    RW Data    ZI Data      Debug   Library Name

      2888        112          0          4          0       1516   mc_w.l
      1772          0          0          0          0       1556   mf_w.l

    ----------------------------------------------------------------------
      4664        112          0          4          0       3072   Library Totals

    ----------------------------------------------------------------------

==============================================================================


      Code (inc. data)   RO Data    RW Data    ZI Data      Debug   

     40360       2316       1188       1832      13176     878861   Grand Totals
     40360       2316       1188        600      13176     878861   ELF Image Totals (compressed)
     40360       2316       1188        600          0          0   ROM Totals

==============================================================================

    Total RO  Size (Code + RO Data)                41548 (  40.57kB)
    Total RW  Size (RW Data + ZI Data)             15008 (  14.66kB)
    Total ROM Size (Code + RO Data + RW Data)      42148 (  41.16kB)

==============================================================================

