<html>
<body>
<pre>
<h1>µVision Build Log</h1>
<h2>Tool Versions:</h2>
IDE-Version: ¦ÌVision V5.24.2.0
Copyright (C) 2017 ARM Ltd and ARM Germany GmbH. All rights reserved.
License Information: 1 1, 1, LIC=HN0AE-582DT-CXYU6-DY1NM-CPL1V-M7Z1R
 
Tool Versions:
Toolchain:       MDK-ARM Plus  Version: 5.24.1
Toolchain Path:  E:\MySoftware\EDA\Keil_v5\ARM\ARMCC\Bin
C Compiler:      Armcc.exe V5.06 update 5 (build 528)
Assembler:       Armasm.exe V5.06 update 5 (build 528)
Linker/Locator:  ArmLink.exe V5.06 update 5 (build 528)
Library Manager: ArmAr.exe V5.06 update 5 (build 528)
Hex Converter:   FromElf.exe V5.06 update 5 (build 528)
CPU DLL:         SARMCM3.DLL V5.24.1
Dialog DLL:      DCM.DLL V1.16.0.0
Target DLL:      Segger\JL2CM3.dll V2.99.26.0
Dialog DLL:      TCM.DLL V1.32.0.0
 
<h2>Project:</h2>
C:\Users\27558\Desktop\car_ctrl\MDK-ARM\car_2023.uvprojx
Project File Date:  08/29/2024

<h2>Output:</h2>
*** Using Compiler 'V5.06 update 5 (build 528)', folder: 'E:\MySoftware\EDA\Keil_v5\ARM\ARMCC\Bin'
Build target 'car_2023'
compiling car_drive.c...
..\Core\Src\car_drive.c(261): warning:  #68-D: integer conversion resulted in a change of sign
  				g_CarCtrl.car_speed = -600 ;  // brake car 
..\Core\Src\car_drive.c(264): warning:  #68-D: integer conversion resulted in a change of sign
  				g_CarCtrl.car_speed = -400 ;  // brake car 
..\Core\Src\car_drive.c(369): warning:  #167-D: argument of type "const uint8_t *" is incompatible with parameter of type "const char *"
  		if(strncmp((const uint8_t *)g_CarCtrlCmd[i].cmd, (const char *)buf, strlen((const char *)g_CarCtrlCmd[i].cmd)) == 0)
..\Core\Src\car_drive.c(437): warning:  #111-D: statement is unreachable
  					break;
..\Core\Src\car_drive.c(497): warning:  #111-D: statement is unreachable
  			break;
..\Core\Src\car_drive.c(537): warning:  #167-D: argument of type "uint8_t *" is incompatible with parameter of type "const char *"
  	if ( strcmp( cmd_ptr->cmd , 
SER_CMD_MC_F ) == 0)
..\Core\Src\car_drive.c(545): warning:  #167-D: argument of type "uint8_t *" is incompatible with parameter of type "const char *"
  	else if ( strcmp( cmd_ptr->cmd , 
SER_CMD_MC_B ) == 0)
..\Core\Src\car_drive.c(553): warning:  #167-D: argument of type "uint8_t *" is incompatible with parameter of type "const char *"
  	else if ( strcmp( cmd_ptr->cmd , 
SER_CMD_MC_L ) == 0)
..\Core\Src\car_drive.c(580): warning:  #167-D: argument of type "uint8_t *" is incompatible with parameter of type "const char *"
  	else if ( strcmp( cmd_ptr->cmd , 
SER_CMD_MC_R ) == 0)
..\Core\Src\car_drive.c(612): warning:  #167-D: argument of type "uint8_t *" is incompatible with parameter of type "const char *"
  	if ( strcmp( cmd_ptr->cmd , 
SER_CMD_START ) == 0)
..\Core\Src\car_drive.c(620): warning:  #167-D: argument of type "uint8_t *" is incompatible with parameter of type "const char *"
  	else if ( strcmp( cmd_ptr->cmd , 
SER_CMD_BT_ON ) == 0)
..\Core\Src\car_drive.c(624): warning:  #167-D: argument of type "uint8_t *" is incompatible with parameter of type "const char *"
  	else if ( strcmp( cmd_ptr->cmd , 
SER_CMD_BT_OFF ) == 0)
..\Core\Src\car_drive.c(628): warning:  #167-D: argument of type "uint8_t *" is incompatible with parameter of type "const char *"
  	else if ( strcmp( cmd_ptr->cmd , 
SER_CMD_MC_S ) == 0)
..\Core\Src\car_drive.c(633): warning:  #167-D: argument of type "uint8_t *" is incompatible with parameter of type "const char *"
  	else if ( strcmp( cmd_ptr->cmd , 
SER_CMD_SHOW_CFG ) == 0)
..\Core\Src\car_drive.c(642): warning:  #167-D: argument of type "uint8_t *" is incompatible with parameter of type "const char *"
  	else if ( strcmp( cmd_ptr->cmd , 
SER_CMD_FLASH_INIT ) == 0)
..\Core\Src\car_drive.c(648): warning:  #167-D: argument of type "uint8_t *" is incompatible with parameter of type "const char *"
  	else if ( strcmp( cmd_ptr->cmd , 
SER_CMD_MUSIC_ON ) == 0)
..\Core\Src\car_drive.c(652): warning:  #167-D: argument of type "uint8_t *" is incompatible with parameter of type "const char *"
  	else if ( strcmp( cmd_ptr->cmd , 
SER_CMD_MUSIC_OFF ) == 0)
..\Core\Src\car_drive.c: 17 warnings, 0 errors
linking...
Program Size: Code=40780 RO-data=1188 RW-data=1864 ZI-data=13176  
FromELF: creating hex file...
"car_2023\car_2023.axf" - 0 Error(s), 17 Warning(s).

<h2>Software Packages used:</h2>

Package Vendor: ARM
                http://www.keil.com/pack/ARM.CMSIS.5.6.0.pack
                ARM.CMSIS.5.6.0
                CMSIS (Cortex Microcontroller Software Interface Standard)
   * Component: CORE Version: 5.3.0

Package Vendor: Keil
                https://www.keil.com/pack/Keil.STM32F1xx_DFP.2.4.1.pack
                Keil.STM32F1xx_DFP.2.4.1
                STMicroelectronics STM32F1 Series Device Support, Drivers and Examples

<h2>Collection of Component include folders:</h2>
  .\RTE\_car_2023
  E:\MySoftware\EDA\Keil_v5\ARM\PACK\ARM\CMSIS\5.6.0\CMSIS\Core\Include
  E:\MySoftware\EDA\Keil_v5\ARM\PACK\Keil\STM32F1xx_DFP\2.4.1\Device\Include

<h2>Collection of Component Files used:</h2>

   * Component: ARM::CMSIS:CORE:5.3.0
Build Time Elapsed:  00:00:02
</pre>
</body>
</html>
