Component: ARM Compiler 5.06 update 5 (build 528) Tool: armlink [4d35e2]

==============================================================================

Section Cross References

    startup_stm32f103xe.o(RESET) refers to startup_stm32f103xe.o(STACK) for __initial_sp
    startup_stm32f103xe.o(RESET) refers to startup_stm32f103xe.o(.text) for Reset_Handler
    startup_stm32f103xe.o(RESET) refers to stm32f1xx_it.o(i.NMI_Handler) for NMI_Handler
    startup_stm32f103xe.o(RESET) refers to stm32f1xx_it.o(i.HardFault_Handler) for HardFault_Handler
    startup_stm32f103xe.o(RESET) refers to stm32f1xx_it.o(i.MemManage_Handler) for MemManage_Handler
    startup_stm32f103xe.o(RESET) refers to stm32f1xx_it.o(i.BusFault_Handler) for BusFault_Handler
    startup_stm32f103xe.o(RESET) refers to stm32f1xx_it.o(i.UsageFault_Handler) for UsageFault_Handler
    startup_stm32f103xe.o(RESET) refers to stm32f1xx_it.o(i.SVC_Handler) for SVC_Handler
    startup_stm32f103xe.o(RESET) refers to stm32f1xx_it.o(i.DebugMon_Handler) for DebugMon_Handler
    startup_stm32f103xe.o(RESET) refers to stm32f1xx_it.o(i.PendSV_Handler) for PendSV_Handler
    startup_stm32f103xe.o(RESET) refers to stm32f1xx_it.o(i.SysTick_Handler) for SysTick_Handler
    startup_stm32f103xe.o(RESET) refers to stm32f1xx_it.o(i.EXTI4_IRQHandler) for EXTI4_IRQHandler
    startup_stm32f103xe.o(RESET) refers to stm32f1xx_it.o(i.DMA1_Channel1_IRQHandler) for DMA1_Channel1_IRQHandler
    startup_stm32f103xe.o(RESET) refers to stm32f1xx_it.o(i.DMA1_Channel2_IRQHandler) for DMA1_Channel2_IRQHandler
    startup_stm32f103xe.o(RESET) refers to stm32f1xx_it.o(i.DMA1_Channel3_IRQHandler) for DMA1_Channel3_IRQHandler
    startup_stm32f103xe.o(RESET) refers to stm32f1xx_it.o(i.DMA1_Channel4_IRQHandler) for DMA1_Channel4_IRQHandler
    startup_stm32f103xe.o(RESET) refers to stm32f1xx_it.o(i.DMA1_Channel6_IRQHandler) for DMA1_Channel6_IRQHandler
    startup_stm32f103xe.o(RESET) refers to stm32f1xx_it.o(i.DMA1_Channel7_IRQHandler) for DMA1_Channel7_IRQHandler
    startup_stm32f103xe.o(RESET) refers to stm32f1xx_it.o(i.ADC1_2_IRQHandler) for ADC1_2_IRQHandler
    startup_stm32f103xe.o(RESET) refers to stm32f1xx_it.o(i.USB_LP_CAN1_RX0_IRQHandler) for USB_LP_CAN1_RX0_IRQHandler
    startup_stm32f103xe.o(RESET) refers to stm32f1xx_it.o(i.EXTI9_5_IRQHandler) for EXTI9_5_IRQHandler
    startup_stm32f103xe.o(RESET) refers to stm32f1xx_it.o(i.I2C2_EV_IRQHandler) for I2C2_EV_IRQHandler
    startup_stm32f103xe.o(RESET) refers to stm32f1xx_it.o(i.USART1_IRQHandler) for USART1_IRQHandler
    startup_stm32f103xe.o(RESET) refers to stm32f1xx_it.o(i.USART2_IRQHandler) for USART2_IRQHandler
    startup_stm32f103xe.o(RESET) refers to stm32f1xx_it.o(i.USART3_IRQHandler) for USART3_IRQHandler
    startup_stm32f103xe.o(RESET) refers to stm32f1xx_it.o(i.TIM6_IRQHandler) for TIM6_IRQHandler
    startup_stm32f103xe.o(RESET) refers to stm32f1xx_it.o(i.TIM7_IRQHandler) for TIM7_IRQHandler
    startup_stm32f103xe.o(.text) refers to system_stm32f1xx.o(i.SystemInit) for SystemInit
    startup_stm32f103xe.o(.text) refers to entry.o(.ARM.Collect$$$$00000000) for __main
    common.o(i.CheckBtnLeft) refers to btn.o(i.BTN_Read_Left) for BTN_Read_Left
    common.o(i.CheckBtnLeft) refers to common.o(i.SystemModeCtrl) for SystemModeCtrl
    common.o(i.CheckBtnLeft) refers to common.o(.data) for .data
    common.o(i.CheckBtnRight) refers to btn.o(i.BTN_Read_Right) for BTN_Read_Right
    common.o(i.CheckBtnRight) refers to stm32f1xx_hal_tim.o(i.HAL_TIM_Base_Stop_IT) for HAL_TIM_Base_Stop_IT
    common.o(i.CheckBtnRight) refers to user_flash.o(i.UserFlashDataWrite) for UserFlashDataWrite
    common.o(i.CheckBtnRight) refers to stm32f1xx_hal_tim.o(i.HAL_TIM_Base_Start_IT) for HAL_TIM_Base_Start_IT
    common.o(i.CheckBtnRight) refers to ir_track.o(i.IR_Track_Init) for IR_Track_Init
    common.o(i.CheckBtnRight) refers to car_drive.o(i.CarCtrlInit) for CarCtrlInit
    common.o(i.CheckBtnRight) refers to car_drive.o(i.CarMotoCtrl) for CarMotoCtrl
    common.o(i.CheckBtnRight) refers to common.o(.data) for .data
    common.o(i.CheckBtnRight) refers to car_drive.o(.data) for g_CarConfig
    common.o(i.CheckBtnRight) refers to ir_track.o(.bss) for g_TrackStatus
    common.o(i.CheckBtnRight) refers to tim.o(.bss) for htim7
    common.o(i.GetUniqueID) refers to printfa.o(i.__0sprintf) for __2sprintf
    common.o(i.GetUniqueID) refers to common.o(.bss) for .bss
    common.o(i.HAL_TIM_PeriodElapsedCallback) refers to ir_track.o(i.IR_Track_Start) for IR_Track_Start
    common.o(i.HAL_TIM_PeriodElapsedCallback) refers to tim.o(.bss) for htim6
    common.o(i.HAL_TIM_PeriodElapsedCallback) refers to music.o(.data) for g_music_enable
    common.o(i.HAL_TIM_PeriodElapsedCallback) refers to common.o(.data) for .data
    common.o(i.InitUSBPort) refers to stm32f1xx_hal_gpio.o(i.HAL_GPIO_Init) for HAL_GPIO_Init
    common.o(i.InitUSBPort) refers to stm32f1xx_hal_gpio.o(i.HAL_GPIO_WritePin) for HAL_GPIO_WritePin
[...]
    HAL_I2C_MasterRxCpltCallback             0x08002997   Thumb Code     2  stm32f1xx_hal_i2c.o(i.HAL_I2C_MasterRxCpltCallback)
    HAL_I2C_MasterTxCpltCallback             0x08002999   Thumb Code     2  stm32f1xx_hal_i2c.o(i.HAL_I2C_MasterTxCpltCallback)
    HAL_I2C_MemRxCpltCallback                0x0800299b   Thumb Code     2  stm32f1xx_hal_i2c.o(i.HAL_I2C_MemRxCpltCallback)
    HAL_I2C_MemTxCpltCallback                0x0800299d   Thumb Code    84  oled_i2c.o(i.HAL_I2C_MemTxCpltCallback)
    HAL_I2C_Mem_Write_DMA                    0x080029f9   Thumb Code   384  stm32f1xx_hal_i2c.o(i.HAL_I2C_Mem_Write_DMA)
    HAL_I2C_MspInit                          0x08002b89   Thumb Code   140  i2c.o(i.HAL_I2C_MspInit)
    HAL_I2C_SlaveRxCpltCallback              0x08002c29   Thumb Code     2  stm32f1xx_hal_i2c.o(i.HAL_I2C_SlaveRxCpltCallback)
    HAL_I2C_SlaveTxCpltCallback              0x08002c2b   Thumb Code     2  stm32f1xx_hal_i2c.o(i.HAL_I2C_SlaveTxCpltCallback)
    HAL_IncTick                              0x08002c2d   Thumb Code    12  stm32f1xx_hal.o(i.HAL_IncTick)
    HAL_Init                                 0x08002c3d   Thumb Code    32  stm32f1xx_hal.o(i.HAL_Init)
    HAL_InitTick                             0x08002c61   Thumb Code    54  stm32f1xx_hal.o(i.HAL_InitTick)
    HAL_MspInit                              0x08002ca1   Thumb Code    52  stm32f1xx_hal_msp.o(i.HAL_MspInit)
    HAL_NVIC_EnableIRQ                       0x08002cdd   Thumb Code    26  stm32f1xx_hal_cortex.o(i.HAL_NVIC_EnableIRQ)
    HAL_NVIC_SetPriority                     0x08002cf9   Thumb Code    60  stm32f1xx_hal_cortex.o(i.HAL_NVIC_SetPriority)
    HAL_NVIC_SetPriorityGrouping             0x08002d39   Thumb Code    26  stm32f1xx_hal_cortex.o(i.HAL_NVIC_SetPriorityGrouping)
    HAL_PCDEx_PMAConfig                      0x08002d5d   Thumb Code    60  stm32f1xx_hal_pcd_ex.o(i.HAL_PCDEx_PMAConfig)
    HAL_PCDEx_SetConnectionState             0x08002d99   Thumb Code     2  usbd_conf.o(i.HAL_PCDEx_SetConnectionState)
    HAL_PCD_DataInStageCallback              0x08002d9b   Thumb Code    18  usbd_conf.o(i.HAL_PCD_DataInStageCallback)
    HAL_PCD_DataOutStageCallback             0x08002dad   Thumb Code    20  usbd_conf.o(i.HAL_PCD_DataOutStageCallback)
    HAL_PCD_EP_Close                         0x08002dc1   Thumb Code    76  stm32f1xx_hal_pcd.o(i.HAL_PCD_EP_Close)
    HAL_PCD_EP_ClrStall                      0x08002e0d   Thumb Code    92  stm32f1xx_hal_pcd.o(i.HAL_PCD_EP_ClrStall)
    HAL_PCD_EP_GetRxCount                    0x08003287   Thumb Code    18  stm32f1xx_hal_pcd.o(i.HAL_PCD_EP_GetRxCount)
    HAL_PCD_EP_Open                          0x08003299   Thumb Code    90  stm32f1xx_hal_pcd.o(i.HAL_PCD_EP_Open)
    HAL_PCD_EP_Receive                       0x080032f3   Thumb Code    46  stm32f1xx_hal_pcd.o(i.HAL_PCD_EP_Receive)
    HAL_PCD_EP_SetStall                      0x08003321   Thumb Code   114  stm32f1xx_hal_pcd.o(i.HAL_PCD_EP_SetStall)
    HAL_PCD_EP_Transmit                      0x08003393   Thumb Code    48  stm32f1xx_hal_pcd.o(i.HAL_PCD_EP_Transmit)
    HAL_PCD_IRQHandler                       0x080033c5   Thumb Code   308  stm32f1xx_hal_pcd.o(i.HAL_PCD_IRQHandler)
    HAL_PCD_Init                             0x080034f9   Thumb Code   218  stm32f1xx_hal_pcd.o(i.HAL_PCD_Init)
    HAL_PCD_MspInit                          0x080035d5   Thumb Code    50  usbd_conf.o(i.HAL_PCD_MspInit)
    HAL_PCD_ResetCallback                    0x08003611   Thumb Code    38  usbd_conf.o(i.HAL_PCD_ResetCallback)
    HAL_PCD_ResumeCallback                   0x08003637   Thumb Code     8  usbd_conf.o(i.HAL_PCD_ResumeCallback)
    HAL_PCD_SOFCallback                      0x0800363f   Thumb Code     8  usbd_conf.o(i.HAL_PCD_SOFCallback)
    HAL_PCD_SetAddress                       0x08003647   Thumb Code    40  stm32f1xx_hal_pcd.o(i.HAL_PCD_SetAddress)
    HAL_PCD_SetupStageCallback               0x0800366f   Thumb Code    14  usbd_conf.o(i.HAL_PCD_SetupStageCallback)
    HAL_PCD_Start                            0x0800367d   Thumb Code    50  stm32f1xx_hal_pcd.o(i.HAL_PCD_Start)
    HAL_PCD_SuspendCallback                  0x080036b1   Thumb Code    30  usbd_conf.o(i.HAL_PCD_SuspendCallback)
    HAL_RCCEx_PeriphCLKConfig                0x080036d5   Thumb Code   224  stm32f1xx_hal_rcc_ex.o(i.HAL_RCCEx_PeriphCLKConfig)
    HAL_RCC_ClockConfig                      0x080037c1   Thumb Code   280  stm32f1xx_hal_rcc.o(i.HAL_RCC_ClockConfig)
    HAL_RCC_GetPCLK1Freq                     0x080038ed   Thumb Code    20  stm32f1xx_hal_rcc.o(i.HAL_RCC_GetPCLK1Freq)
    HAL_RCC_GetPCLK2Freq                     0x0800390d   Thumb Code    20  stm32f1xx_hal_rcc.o(i.HAL_RCC_GetPCLK2Freq)
    HAL_RCC_GetSysClockFreq                  0x0800392d   Thumb Code    58  stm32f1xx_hal_rcc.o(i.HAL_RCC_GetSysClockFreq)
    HAL_RCC_OscConfig                        0x08003979   Thumb Code   778  stm32f1xx_hal_rcc.o(i.HAL_RCC_OscConfig)
    HAL_SYSTICK_Config                       0x08003c99   Thumb Code    40  stm32f1xx_hal_cortex.o(i.HAL_SYSTICK_Config)
    HAL_TIMEx_BreakCallback                  0x08003cc1   Thumb Code     2  stm32f1xx_hal_tim_ex.o(i.HAL_TIMEx_BreakCallback)
    HAL_TIMEx_CommutCallback                 0x08003cc3   Thumb Code     2  stm32f1xx_hal_tim_ex.o(i.HAL_TIMEx_CommutCallback)
    HAL_TIMEx_ConfigBreakDeadTime            0x08003cc5   Thumb Code    84  stm32f1xx_hal_tim_ex.o(i.HAL_TIMEx_ConfigBreakDeadTime)
    HAL_TIMEx_MasterConfigSynchronization    0x08003d19   Thumb Code   104  stm32f1xx_hal_tim_ex.o(i.HAL_TIMEx_MasterConfigSynchronization)
    HAL_TIM_Base_Init                        0x08003d95   Thumb Code    90  stm32f1xx_hal_tim.o(i.HAL_TIM_Base_Init)
    HAL_TIM_Base_MspInit                     0x08003df1   Thumb Code   152  tim.o(i.HAL_TIM_Base_MspInit)
    HAL_TIM_Base_Start_IT                    0x08003ea1   Thumb Code    88  stm32f1xx_hal_tim.o(i.HAL_TIM_Base_Start_IT)
    HAL_TIM_Base_Stop_IT                     0x08003f0d   Thumb Code    48  stm32f1xx_hal_tim.o(i.HAL_TIM_Base_Stop_IT)
    HAL_TIM_ConfigClockSource                0x08003f3d   Thumb Code   220  stm32f1xx_hal_tim.o(i.HAL_TIM_ConfigClockSource)
    HAL_TIM_IC_CaptureCallback               0x08004019   Thumb Code     2  stm32f1xx_hal_tim.o(i.HAL_TIM_IC_CaptureCallback)
    HAL_TIM_IRQHandler                       0x0800401b   Thumb Code   358  stm32f1xx_hal_tim.o(i.HAL_TIM_IRQHandler)
    HAL_TIM_MspPostInit                      0x08004181   Thumb Code   164  tim.o(i.HAL_TIM_MspPostInit)
    HAL_TIM_OC_DelayElapsedCallback          0x0800423d   Thumb Code     2  stm32f1xx_hal_tim.o(i.HAL_TIM_OC_DelayElapsedCallback)
    HAL_TIM_PWM_ConfigChannel                0x0800423f   Thumb Code   204  stm32f1xx_hal_tim.o(i.HAL_TIM_PWM_ConfigChannel)
    HAL_TIM_PWM_Init                         0x0800430b   Thumb Code    90  stm32f1xx_hal_tim.o(i.HAL_TIM_PWM_Init)
    HAL_TIM_PWM_MspInit                      0x08004365   Thumb Code     2  stm32f1xx_hal_tim.o(i.HAL_TIM_PWM_MspInit)
    HAL_TIM_PWM_PulseFinishedCallback        0x08004367   Thumb Code     2  stm32f1xx_hal_tim.o(i.HAL_TIM_PWM_PulseFinishedCallback)
    HAL_TIM_PWM_Start                        0x08004369   Thumb Code   160  stm32f1xx_hal_tim.o(i.HAL_TIM_PWM_Start)
    HAL_TIM_PWM_Stop                         0x0800441d   Thumb Code   114  stm32f1xx_hal_tim.o(i.HAL_TIM_PWM_Stop)
    HAL_TIM_PeriodElapsedCallback            0x08004499   Thumb Code    36  common.o(i.HAL_TIM_PeriodElapsedCallback)
    HAL_TIM_TriggerCallback                  0x080044d1   Thumb Code     2  stm32f1xx_hal_tim.o(i.HAL_TIM_TriggerCallback)
    HAL_UARTEx_RxEventCallback               0x080044d3   Thumb Code     2  stm32f1xx_hal_uart.o(i.HAL_UARTEx_RxEventCallback)
    HAL_UART_DMAStopRx                       0x080044d5   Thumb Code    52  uart_dma.o(i.HAL_UART_DMAStopRx)
    HAL_UART_EndRxTransfer_IT                0x08004509   Thumb Code    28  uart_dma.o(i.HAL_UART_EndRxTransfer_IT)
    HAL_UART_ErrorCallback                   0x08004525   Thumb Code     2  uart_dma.o(i.HAL_UART_ErrorCallback)
    HAL_UART_IRQHandler                      0x08004529   Thumb Code   616  stm32f1xx_hal_uart.o(i.HAL_UART_IRQHandler)
    HAL_UART_Init                            0x08004795   Thumb Code   100  stm32f1xx_hal_uart.o(i.HAL_UART_Init)
    HAL_UART_MspInit                         0x080047f9   Thumb Code   476  usart.o(i.HAL_UART_MspInit)
    HAL_UART_Receive_DMA                     0x080049f9   Thumb Code    28  stm32f1xx_hal_uart.o(i.HAL_UART_Receive_DMA)
    HAL_UART_Receive_IT                      0x08004a15   Thumb Code    28  stm32f1xx_hal_uart.o(i.HAL_UART_Receive_IT)
    HAL_UART_RxCpltCallback                  0x08004a31   Thumb Code   162  uart_dma.o(i.HAL_UART_RxCpltCallback)
    HAL_UART_RxHalfCpltCallback              0x08004ae9   Thumb Code     2  stm32f1xx_hal_uart.o(i.HAL_UART_RxHalfCpltCallback)
    HAL_UART_Transmit                        0x08004aeb   Thumb Code   154  stm32f1xx_hal_uart.o(i.HAL_UART_Transmit)
    HAL_UART_Transmit_DMA                    0x08004b85   Thumb Code   106  stm32f1xx_hal_uart.o(i.HAL_UART_Transmit_DMA)
    HAL_UART_TxCpltCallback                  0x08004bfd   Thumb Code    96  uart_dma.o(i.HAL_UART_TxCpltCallback)
    HAL_UART_TxHalfCpltCallback              0x08004c71   Thumb Code     2  stm32f1xx_hal_uart.o(i.HAL_UART_TxHalfCpltCallback)
    HardFault_Handler                        0x08004c73   Thumb Code     2  stm32f1xx_it.o(i.HardFault_Handler)
    I2C2_EV_IRQHandler                       0x08004c75   Thumb Code     6  stm32f1xx_it.o(i.I2C2_EV_IRQHandler)
    IR_Track_Init                            0x08005985   Thumb Code    70  ir_track.o(i.IR_Track_Init)
    IR_Track_Power_Off                       0x080059d1   Thumb Code    12  ir_track.o(i.IR_Track_Power_Off)
    IR_Track_Power_On                        0x080059e1   Thumb Code    10  ir_track.o(i.IR_Track_Power_On)
    IR_Track_Start                           0x080059f1   Thumb Code    12  ir_track.o(i.IR_Track_Start)
    KalmanFilter                             0x08005a3d   Thumb Code   578  angle_kalman_filter.o(i.KalmanFilter)
    LEDCtrl                                  0x08005c85   Thumb Code    92  common.o(i.LEDCtrl)
    MX_ADC1_Init                             0x08005ce5   Thumb Code   158  adc.o(i.MX_ADC1_Init)
    MX_DMA_Init                              0x08005d8d   Thumb Code   120  dma.o(i.MX_DMA_Init)
    MX_GPIO_Init                             0x08005e09   Thumb Code   368  gpio.o(i.MX_GPIO_Init)
    MX_I2C2_Init                             0x08005f91   Thumb Code    50  i2c.o(i.MX_I2C2_Init)
    MX_TIM1_Init                             0x08005fd1   Thumb Code   192  tim.o(i.MX_TIM1_Init)
    MX_TIM3_Init                             0x08006099   Thumb Code   192  tim.o(i.MX_TIM3_Init)
    MX_TIM4_Init                             0x08006161   Thumb Code   192  tim.o(i.MX_TIM4_Init)
    MX_TIM6_Init                             0x08006229   Thumb Code    62  tim.o(i.MX_TIM6_Init)
    MX_TIM7_Init                             0x08006271   Thumb Code    62  tim.o(i.MX_TIM7_Init)
    MX_USART1_UART_Init                      0x080062b9   Thumb Code    48  usart.o(i.MX_USART1_UART_Init)
    MX_USART2_UART_Init                      0x080062f1   Thumb Code    48  usart.o(i.MX_USART2_UART_Init)
    MX_USART3_UART_Init                      0x08006329   Thumb Code    48  usart.o(i.MX_USART3_UART_Init)
    MX_USB_DEVICE_Init                       0x08006361   Thumb Code    66  usb_device.o(i.MX_USB_DEVICE_Init)
    ManualCarCtrl                            0x080063b5   Thumb Code    22  car_drive.o(i.ManualCarCtrl)
    MemManage_Handler                        0x080063d1   Thumb Code     2  stm32f1xx_it.o(i.MemManage_Handler)
    MotoLeftBackCtrl                         0x080063d5   Thumb Code    26  motor_drive.o(i.MotoLeftBackCtrl)
    MotoLeftFrontCtrl                        0x080063f5   Thumb Code    26  motor_drive.o(i.MotoLeftFrontCtrl)
    MotoRightBackCtrl                        0x08006415   Thumb Code    26  motor_drive.o(i.MotoRightBackCtrl)
    MotoRightFrontCtrl                       0x08006435   Thumb Code    26  motor_drive.o(i.MotoRightFrontCtrl)
    MusicProcess                             0x08006455   Thumb Code   174  music.o(i.MusicProcess)
    NMI_Handler                              0x0800650d   Thumb Code     2  stm32f1xx_it.o(i.NMI_Handler)
    PendSV_Handler                           0x080068bb   Thumb Code     2  stm32f1xx_it.o(i.PendSV_Handler)
    RcvDataFromUSB                           0x080068bd   Thumb Code    92  usb_uart.o(i.RcvDataFromUSB)
    SVC_Handler                              0x08006921   Thumb Code     2  stm32f1xx_it.o(i.SVC_Handler)
    SendDataToUSB                            0x08006925   Thumb Code    48  usb_uart.o(i.SendDataToUSB)
    ShowLED                                  0x08006959   Thumb Code    76  common.o(i.ShowLED)
    StartAllUartDMAReceive                   0x080069ad   Thumb Code    34  uart_dma.o(i.StartAllUartDMAReceive)
    StopAllMoto                              0x080069d9   Thumb Code    70  motor_drive.o(i.StopAllMoto)
    SysTick_Handler                          0x08006a29   Thumb Code     4  stm32f1xx_it.o(i.SysTick_Handler)
    SystemClock_Config                       0x08006a2d   Thumb Code   126  main.o(i.SystemClock_Config)
    SystemInit                               0x08006aab   Thumb Code     2  system_stm32f1xx.o(i.SystemInit)
    SystemModeCtrl                           0x08006aad   Thumb Code   106  common.o(i.SystemModeCtrl)
    System_Init                              0x08006b29   Thumb Code    40  common.o(i.System_Init)
    TIM6_IRQHandler                          0x08006b59   Thumb Code     6  stm32f1xx_it.o(i.TIM6_IRQHandler)
    TIM7_IRQHandler                          0x08006b65   Thumb Code     6  stm32f1xx_it.o(i.TIM7_IRQHandler)
    TIM_Base_SetConfig                       0x08006b71   Thumb Code   120  stm32f1xx_hal_tim.o(i.TIM_Base_SetConfig)
    TIM_CCxChannelCmd                        0x08006bfd   Thumb Code    26  stm32f1xx_hal_tim.o(i.TIM_CCxChannelCmd)
    TIM_ETR_SetConfig                        0x08006c17   Thumb Code    20  stm32f1xx_hal_tim.o(i.TIM_ETR_SetConfig)
    TIM_OC2_SetConfig                        0x08006c9d   Thumb Code    98  stm32f1xx_hal_tim.o(i.TIM_OC2_SetConfig)
    Turn                                     0x08006e07   Thumb Code    44  car_drive.o(i.Turn)
    UART_Start_Receive_DMA                   0x08007161   Thumb Code   130  stm32f1xx_hal_uart.o(i.UART_Start_Receive_DMA)
    UART_Start_Receive_IT                    0x080071f1   Thumb Code    54  stm32f1xx_hal_uart.o(i.UART_Start_Receive_IT)
    USART1_IRQHandler                        0x080072a1   Thumb Code    18  stm32f1xx_it.o(i.USART1_IRQHandler)
    USART2_IRQHandler                        0x080072b9   Thumb Code    18  stm32f1xx_it.o(i.USART2_IRQHandler)
    USART3_IRQHandler                        0x080072d1   Thumb Code    18  stm32f1xx_it.o(i.USART3_IRQHandler)
    USBD_CDC_GetDeviceQualifierDescriptor    0x080073c5   Thumb Code     8  usbd_cdc.o(i.USBD_CDC_GetDeviceQualifierDescriptor)
    USBD_CDC_ReceivePacket                   0x08007489   Thumb Code    40  usbd_cdc.o(i.USBD_CDC_ReceivePacket)
    USBD_CDC_RegisterInterface               0x080074b1   Thumb Code    16  usbd_cdc.o(i.USBD_CDC_RegisterInterface)
    USBD_CDC_SetRxBuffer                     0x080074c1   Thumb Code    12  usbd_cdc.o(i.USBD_CDC_SetRxBuffer)
    USBD_CDC_SetTxBuffer                     0x080074cd   Thumb Code    16  usbd_cdc.o(i.USBD_CDC_SetTxBuffer)
    USBD_CDC_TransmitPacket                  0x08007589   Thumb Code    54  usbd_cdc.o(i.USBD_CDC_TransmitPacket)
    USBD_ClrClassConfig                      0x080075bf   Thumb Code    14  usbd_core.o(i.USBD_ClrClassConfig)
    USBD_CtlContinueRx                       0x080075cd   Thumb Code    16  usbd_ioreq.o(i.USBD_CtlContinueRx)
    USBD_CtlContinueSendData                 0x080075dd   Thumb Code    16  usbd_ioreq.o(i.USBD_CtlContinueSendData)
    USBD_CtlError                            0x080075ed   Thumb Code    22  usbd_ctlreq.o(i.USBD_CtlError)
    USBD_CtlPrepareRx                        0x08007603   Thumb Code    30  usbd_ioreq.o(i.USBD_CtlPrepareRx)
    USBD_CtlReceiveStatus                    0x08007621   Thumb Code    22  usbd_ioreq.o(i.USBD_CtlReceiveStatus)
    USBD_CtlSendData                         0x08007637   Thumb Code    26  usbd_ioreq.o(i.USBD_CtlSendData)
    USBD_CtlSendStatus                       0x08007651   Thumb Code    22  usbd_ioreq.o(i.USBD_CtlSendStatus)
    USBD_FS_ConfigStrDescriptor              0x08007669   Thumb Code    16  usbd_desc.o(i.USBD_FS_ConfigStrDescriptor)
    USBD_FS_DeviceDescriptor                 0x08007689   Thumb Code     8  usbd_desc.o(i.USBD_FS_DeviceDescriptor)
    USBD_FS_InterfaceStrDescriptor           0x08007695   Thumb Code    16  usbd_desc.o(i.USBD_FS_InterfaceStrDescriptor)
    USBD_FS_LangIDStrDescriptor              0x080076b9   Thumb Code     8  usbd_desc.o(i.USBD_FS_LangIDStrDescriptor)
    USBD_FS_ManufacturerStrDescriptor        0x080076c5   Thumb Code    16  usbd_desc.o(i.USBD_FS_ManufacturerStrDescriptor)
    USBD_FS_ProductStrDescriptor             0x080076ed   Thumb Code    16  usbd_desc.o(i.USBD_FS_ProductStrDescriptor)
    USBD_FS_SerialStrDescriptor              0x08007719   Thumb Code    48  usbd_desc.o(i.USBD_FS_SerialStrDescriptor)
    USBD_GetString                           0x08007839   Thumb Code    72  usbd_ctlreq.o(i.USBD_GetString)
    USBD_Init                                0x08007899   Thumb Code    42  usbd_core.o(i.USBD_Init)
    USBD_LL_ClearStallEP                     0x080078c3   Thumb Code    18  usbd_conf.o(i.USBD_LL_ClearStallEP)
    USBD_LL_CloseEP                          0x080078d5   Thumb Code    18  usbd_conf.o(i.USBD_LL_CloseEP)
    USBD_LL_DataInStage                      0x080078e7   Thumb Code   198  usbd_core.o(i.USBD_LL_DataInStage)
    USBD_LL_DataOutStage                     0x080079ad   Thumb Code   130  usbd_core.o(i.USBD_LL_DataOutStage)
    USBD_LL_GetRxDataSize                    0x08007a2f   Thumb Code     8  usbd_conf.o(i.USBD_LL_GetRxDataSize)
    USBD_LL_Init                             0x08007a39   Thumb Code   118  usbd_conf.o(i.USBD_LL_Init)
    USBD_LL_IsStallEP                        0x08007ab9   Thumb Code    32  usbd_conf.o(i.USBD_LL_IsStallEP)
    USBD_LL_OpenEP                           0x08007ad9   Thumb Code    24  usbd_conf.o(i.USBD_LL_OpenEP)
    USBD_LL_PrepareReceive                   0x08007af1   Thumb Code    18  usbd_conf.o(i.USBD_LL_PrepareReceive)
    USBD_LL_Reset                            0x08007b03   Thumb Code    80  usbd_core.o(i.USBD_LL_Reset)
    USBD_LL_Resume                           0x08007b53   Thumb Code    20  usbd_core.o(i.USBD_LL_Resume)
    USBD_LL_SOF                              0x08007b67   Thumb Code    24  usbd_core.o(i.USBD_LL_SOF)
    USBD_LL_SetSpeed                         0x08007b7f   Thumb Code     6  usbd_core.o(i.USBD_LL_SetSpeed)
    USBD_LL_SetUSBAddress                    0x08007b85   Thumb Code    18  usbd_conf.o(i.USBD_LL_SetUSBAddress)
    USBD_LL_SetupStage                       0x08007b97   Thumb Code    90  usbd_core.o(i.USBD_LL_SetupStage)
    USBD_LL_StallEP                          0x08007bf1   Thumb Code    18  usbd_conf.o(i.USBD_LL_StallEP)
    USBD_LL_Start                            0x08007c03   Thumb Code    18  usbd_conf.o(i.USBD_LL_Start)
    USBD_LL_Suspend                          0x08007c15   Thumb Code    18  usbd_core.o(i.USBD_LL_Suspend)
    USBD_LL_Transmit                         0x08007c27   Thumb Code    18  usbd_conf.o(i.USBD_LL_Transmit)
    USBD_ParseSetupRequest                   0x08007c39   Thumb Code    40  usbd_ctlreq.o(i.USBD_ParseSetupRequest)
    USBD_RegisterClass                       0x08007c61   Thumb Code    16  usbd_core.o(i.USBD_RegisterClass)
    USBD_SetClassConfig                      0x08007c71   Thumb Code    22  usbd_core.o(i.USBD_SetClassConfig)
    USBD_Start                               0x08007d0d   Thumb Code    10  usbd_core.o(i.USBD_Start)
    USBD_StdDevReq                           0x08007d17   Thumb Code   274  usbd_ctlreq.o(i.USBD_StdDevReq)
    USBD_StdEPReq                            0x08007e29   Thumb Code   336  usbd_ctlreq.o(i.USBD_StdEPReq)
    USBD_StdItfReq                           0x08007f79   Thumb Code    78  usbd_ctlreq.o(i.USBD_StdItfReq)
    USBD_static_free                         0x08007fc7   Thumb Code     2  usbd_conf.o(i.USBD_static_free)
    USBD_static_malloc                       0x08007fc9   Thumb Code     4  usbd_conf.o(i.USBD_static_malloc)
    USBTxDataDMA                             0x08007fd1   Thumb Code    94  usb_uart.o(i.USBTxDataDMA)
    USB_ActivateEndpoint                     0x08008035   Thumb Code   668  stm32f1xx_ll_usb.o(i.USB_ActivateEndpoint)
    USB_CoreInit                             0x080082d1   Thumb Code     4  stm32f1xx_ll_usb.o(i.USB_CoreInit)
    USB_DeactivateEndpoint                   0x080082d5   Thumb Code   270  stm32f1xx_ll_usb.o(i.USB_DeactivateEndpoint)
    USB_DevConnect                           0x080083e3   Thumb Code     4  stm32f1xx_ll_usb.o(i.USB_DevConnect)
    USB_DevDisconnect                        0x080083e7   Thumb Code     4  stm32f1xx_ll_usb.o(i.USB_DevDisconnect)
    USB_DevInit                              0x080083eb   Thumb Code    18  stm32f1xx_ll_usb.o(i.USB_DevInit)
    USB_DisableGlobalInt                     0x080083fd   Thumb Code    14  stm32f1xx_ll_usb.o(i.USB_DisableGlobalInt)
    USB_EP0_OutStart                         0x0800840b   Thumb Code     4  stm32f1xx_ll_usb.o(i.USB_EP0_OutStart)
    USB_EPClearStall                         0x0800840f   Thumb Code   120  stm32f1xx_ll_usb.o(i.USB_EPClearStall)
    USB_EPSetStall                           0x08008487   Thumb Code    50  stm32f1xx_ll_usb.o(i.USB_EPSetStall)
    USB_EPStartXfer                          0x080084b9   Thumb Code  1250  stm32f1xx_ll_usb.o(i.USB_EPStartXfer)
    USB_EnableGlobalInt                      0x0800899b   Thumb Code    18  stm32f1xx_ll_usb.o(i.USB_EnableGlobalInt)
    USB_LP_CAN1_RX0_IRQHandler               0x080089ad   Thumb Code     6  stm32f1xx_it.o(i.USB_LP_CAN1_RX0_IRQHandler)
    USB_ReadInterrupts                       0x080089b9   Thumb Code     6  stm32f1xx_ll_usb.o(i.USB_ReadInterrupts)
    USB_ReadPMA                              0x080089c1   Thumb Code    44  stm32f1xx_ll_usb.o(i.USB_ReadPMA)
    USB_RxDataCallback                       0x080089ed   Thumb Code   162  common.o(i.USB_RxDataCallback)
    USB_SetCurrentMode                       0x08008ac9   Thumb Code     4  stm32f1xx_ll_usb.o(i.USB_SetCurrentMode)
    USB_SetDevAddress                        0x08008acd   Thumb Code    12  stm32f1xx_ll_usb.o(i.USB_SetDevAddress)
    USB_WritePMA                             0x08008ad9   Thumb Code    38  stm32f1xx_ll_usb.o(i.USB_WritePMA)
    UartCtrl_RxDataCallback                  0x08008b01   Thumb Code    92  car_drive.o(i.UartCtrl_RxDataCallback)
    UartTxDataDMA                            0x08008b65   Thumb Code   132  uart_dma.o(i.UartTxDataDMA)
    Uart_DMA_Init                            0x08008bf1   Thumb Code   152  uart_dma.o(i.Uart_DMA_Init)
    Uart_RxDataCallback                      0x08008c8d   Thumb Code    56  uart_dma.o(i.Uart_RxDataCallback)
    Uart_RxIDLE_Handler                      0x08008cc5   Thumb Code   240  uart_dma.o(i.Uart_RxIDLE_Handler)
    UsageFault_Handler                       0x08008dbd   Thumb Code     2  stm32f1xx_it.o(i.UsageFault_Handler)
    Usb2UartInit                             0x08008dc1   Thumb Code    64  usb_uart.o(i.Usb2UartInit)
    UserCmdParse                             0x08008e09   Thumb Code   134  car_drive.o(i.UserCmdParse)
    UserConfigCallback                       0x08008e91   Thumb Code   356  car_drive.o(i.UserConfigCallback)
    UserCtrlCmdCallback                      0x08008ffd   Thumb Code   316  car_drive.o(i.UserCtrlCmdCallback)
    UserDataInitFromFlash                    0x08009269   Thumb Code    56  user_flash.o(i.UserDataInitFromFlash)
    UserFlashCheck                           0x080092a5   Thumb Code    18  user_flash.o(i.UserFlashCheck)
    UserFlashDataWrite                       0x080092c1   Thumb Code    42  user_flash.o(i.UserFlashDataWrite)
    UserManualCtrlCallback                   0x080092f5   Thumb Code   266  car_drive.o(i.UserManualCtrlCallback)
    UserTasks                                0x0800942d   Thumb Code    58  common.o(i.UserTasks)
    WriteFlashData                           0x0800946d   Thumb Code    58  user_flash.o(i.WriteFlashData)
    __0printf                                0x080094a9   Thumb Code    22  printfa.o(i.__0printf)
    __1printf                                0x080094a9   Thumb Code     0  printfa.o(i.__0printf)
    __2printf                                0x080094a9   Thumb Code     0  printfa.o(i.__0printf)
    __c89printf                              0x080094a9   Thumb Code     0  printfa.o(i.__0printf)
    printf                                   0x080094a9   Thumb Code     0  printfa.o(i.__0printf)
    __0sprintf                               0x080094c9   Thumb Code    34  printfa.o(i.__0sprintf)
    __1sprintf                               0x080094c9   Thumb Code     0  printfa.o(i.__0sprintf)
    __2sprintf                               0x080094c9   Thumb Code     0  printfa.o(i.__0sprintf)
    __c89sprintf                             0x080094c9   Thumb Code     0  printfa.o(i.__0sprintf)
    sprintf                                  0x080094c9   Thumb Code     0  printfa.o(i.__0sprintf)
    __scatterload_copy                       0x08009535   Thumb Code    14  handlers.o(i.__scatterload_copy)
    __scatterload_null                       0x08009543   Thumb Code     2  handlers.o(i.__scatterload_null)
    __scatterload_zeroinit                   0x08009545   Thumb Code    14  handlers.o(i.__scatterload_zeroinit)
    fputc                                    0x08009e11   Thumb Code    20  common.o(i.fputc)
    led_matrix_init                          0x08009e29   Thumb Code   172  led_matrix.o(i.led_matrix_init)
    main                                     0x08009ed9   Thumb Code    70  main.o(i.main)
    move_led_matrix                          0x08009f21   Thumb Code    34  led_matrix.o(i.move_led_matrix)
    ms_Delay                                 0x08009f49   Thumb Code    12  car_drive.o(i.ms_Delay)
    show_led_matrix                          0x08009f55   Thumb Code   286  led_matrix.o(i.show_led_matrix)
    g_uart_port_map                          0x0800a0bc   Data         256  uart_dma.o(.constdata)
    g_music_freq                             0x0800a1bc   Data          88  music.o(.constdata)
    g_music_tone                             0x0800a214   Data         200  music.o(.constdata)
    g_music_note                             0x0800a2dc   Data         200  music.o(.constdata)
    AHBPrescTable                            0x0800a3b6   Data          16  system_stm32f1xx.o(.constdata)
    APBPrescTable                            0x0800a3c6   Data           8  system_stm32f1xx.o(.constdata)
    Region$$Table$$Base                      0x0800a3d0   Number         0  anon$$obj.o(Region$$Table)
    Region$$Table$$Limit                     0x0800a3f0   Number         0  anon$$obj.o(Region$$Table)
    g_SystemMode                             0x20000000   Data           1  common.o(.data)
    g_LED_flag                               0x20000001   Data           1  common.o(.data)
    g_track_time                             0x20000004   Data           4  common.o(.data)
    g_user_uart                              0x20000008   Data           4  common.o(.data)
    g_led                                    0x2000000c   Data          32  common.o(.data)
    g_esp32                                  0x2000002c   Data           2  esp32.o(.data)
    g_active_uart_num                        0x2000002e   Data           1  uart_dma.o(.data)
    g_ir_track_adc                           0x20000030   Data           4  ir_track.o(.data)
    path_recovery                            0x20000038   Data           4  car_drive.o(.data)
    g_CarConfig                              0x20000048   Data          84  car_drive.o(.data)
    g_CarCtrlCmd                             0x2000009c   Data        1100  car_drive.o(.data)
    i2c_dma_status                           0x200004e8   Data           1  oled_i2c.o(.data)
    g_i2c_top_cmd                            0x200004e9   Data           3  oled_i2c.o(.data)
    g_i2c_low_cmd                            0x200004ec   Data           3  oled_i2c.o(.data)
    g_OLED_i2c                               0x200004f0   Data           4  oled_i2c.o(.data)
    g_music_enable                           0x200004f4   Data           1  music.o(.data)
    g_music_flag                             0x200004f5   Data           1  music.o(.data)
    g_music_running                          0x200004f6   Data           1  music.o(.data)
    g_music_timer_set                        0x200004f8   Data           2  music.o(.data)
    g_music_index                            0x200004fa   Data           2  music.o(.data)
    g_music_beep                             0x200004fc   Data           4  music.o(.data)
    g_music_time                             0x20000500   Data           4  music.o(.data)
    g_col_start                              0x20000508   Data           1  led_matrix.o(.data)
    g_col_cnt                                0x2000050a   Data           2  led_matrix.o(.data)
    g_ShowData                               0x2000050c   Data          51  led_matrix.o(.data)
    g_ShowPos                                0x20000540   Data         128  led_matrix.o(.data)
    uwTickFreq                               0x200005c0   Data           1  stm32f1xx_hal.o(.data)
    uwTickPrio                               0x200005c4   Data           4  stm32f1xx_hal.o(.data)
    uwTick                                   0x200005c8   Data           4  stm32f1xx_hal.o(.data)
    SystemCoreClock                          0x200005cc   Data           4  system_stm32f1xx.o(.data)
    FS_Desc                                  0x200005d0   Data          28  usbd_desc.o(.data)
    USBD_LangIDDesc                          0x200005ec   Data           4  usbd_desc.o(.data)
    USBD_FS_DeviceDesc                       0x200005f0   Data          18  usbd_desc.o(.data)
    USBD_StringSerial                        0x20000604   Data          26  usbd_desc.o(.data)
    USBD_Interface_fops_FS                   0x20000620   Data          16  usbd_cdc_if.o(.data)
    USBD_CDC_CfgHSDesc                       0x20000640   Data          67  usbd_cdc.o(.data)
    USBD_CDC_CfgFSDesc                       0x20000684   Data          67  usbd_cdc.o(.data)
    USBD_CDC_OtherSpeedCfgDesc               0x200006c8   Data          67  usbd_cdc.o(.data)
    USBD_CDC                                 0x2000070c   Data          56  usbd_cdc.o(.data)
    __stdout                                 0x20000744   Data           4  stdout.o(.data)
    g_device_uid                             0x20000748   Data          25  common.o(.bss)
    g_uart_dma                               0x20000764   Data        6720  uart_dma.o(.bss)
    g_usb_buf                                0x200021a4   Data        1132  usb_uart.o(.bss)
    g_TrackStatus                            0x20002610   Data         148  ir_track.o(.bss)
    g_cmd_buf                                0x200026a4   Data          64  car_drive.o(.bss)
    g_CarCtrl                                0x200026e4   Data          44  car_drive.o(.bss)
    g_i2c_top_buf                            0x20002710   Data         128  oled_i2c.o(.bss)
    g_i2c_low_buf                            0x20002790   Data         128  oled_i2c.o(.bss)
    g_AngleKalman                            0x20002810   Data          88  angle_kalman_filter.o(.bss)
    hadc1                                    0x20002868   Data          48  adc.o(.bss)
    hdma_adc1                                0x20002898   Data          68  adc.o(.bss)
    hi2c2                                    0x200028dc   Data          84  i2c.o(.bss)
    hdma_i2c2_tx                             0x20002930   Data          68  i2c.o(.bss)
    htim1                                    0x20002974   Data          72  tim.o(.bss)
    htim3                                    0x200029bc   Data          72  tim.o(.bss)
    htim4                                    0x20002a04   Data          72  tim.o(.bss)
    htim6                                    0x20002a4c   Data          72  tim.o(.bss)
    htim7                                    0x20002a94   Data          72  tim.o(.bss)
    huart1                                   0x20002adc   Data          72  usart.o(.bss)
    huart2                                   0x20002b24   Data          72  usart.o(.bss)
    huart3                                   0x20002b6c   Data          72  usart.o(.bss)
    hdma_usart2_rx                           0x20002bb4   Data          68  usart.o(.bss)
    hdma_usart2_tx                           0x20002bf8   Data          68  usart.o(.bss)
    hdma_usart3_rx                           0x20002c3c   Data          68  usart.o(.bss)
    hdma_usart3_tx                           0x20002c80   Data          68  usart.o(.bss)
    pFlash                                   0x20002cc8   Data          32  stm32f1xx_hal_flash.o(.bss)
    hUsbDeviceFS                             0x20002ce8   Data         708  usb_device.o(.bss)
    USBD_StrDesc                             0x20002fac   Data         512  usbd_desc.o(.bss)
    hpcd_USB_FS                              0x200033cc   Data         752  usbd_conf.o(.bss)
    __initial_sp                             0x20003ac0   Data           0  startup_stm32f103xe.o(STACK)



==============================================================================

Memory Map of the image

  Image Entry point : 0x08000131

  Load Region LR_IROM1 (Base: 0x08000000, Size: 0x0000ab38, Max: 0x00040000, ABSOLUTE, COMPRESSED[0x0000a65c])

    Execution Region ER_IROM1 (Exec base: 0x08000000, Load base: 0x08000000, Size: 0x0000a3f0, Max: 0x00040000, ABSOLUTE)

    Exec Addr    Load Addr    Size         Type   Attr      Idx    E Section Name        Object

    0x08000000   0x08000000   0x00000130   Data   RO            3    RESET               startup_stm32f103xe.o
    0x08000130   0x08000130   0x00000000   Code   RO         5953  * .ARM.Collect$$$$00000000  mc_w.l(entry.o)
    0x08000130   0x08000130   0x00000004   Code   RO         6257    .ARM.Collect$$$$00000001  mc_w.l(entry2.o)
    0x08000134   0x08000134   0x00000004   Code   RO         6260    .ARM.Collect$$$$00000004  mc_w.l(entry5.o)
    0x08000138   0x08000138   0x00000000   Code   RO         6262    .ARM.Collect$$$$00000008  mc_w.l(entry7b.o)
    0x08000138   0x08000138   0x00000000   Code   RO         6264    .ARM.Collect$$$$0000000A  mc_w.l(entry8b.o)
    0x08000138   0x08000138   0x00000008   Code   RO         6265    .ARM.Collect$$$$0000000B  mc_w.l(entry9a.o)
    0x08000140   0x08000140   0x00000000   Code   RO         6267    .ARM.Collect$$$$0000000D  mc_w.l(entry10a.o)
    0x08000140   0x08000140   0x00000000   Code   RO         6269    .ARM.Collect$$$$0000000F  mc_w.l(entry11a.o)
    0x08000140   0x08000140   0x00000004   Code   RO         6258    .ARM.Collect$$$$00002712  mc_w.l(entry2.o)
    0x08000144   0x08000144   0x00000024   Code   RO            4    .text               startup_stm32f103xe.o
    0x08000168   0x08000168   0x00000020   Code   RO         5956    .text               mc_w.l(llushr.o)
    0x08000188   0x08000188   0x00000024   Code   RO         5958    .text               mc_w.l(memcpya.o)
    0x080001ac   0x080001ac   0x00000024   Code   RO         5960    .text               mc_w.l(memseta.o)
    0x080001d0   0x080001d0   0x00000018   Code   RO         5962    .text               mc_w.l(strcat.o)
    0x080001e8   0x080001e8   0x0000000e   Code   RO         5966    .text               mc_w.l(strlen.o)
    0x080001f6   0x080001f6   0x0000001c   Code   RO         5968    .text               mc_w.l(strcmp.o)
    0x08000212   0x08000212   0x0000001e   Code   RO         5970    .text               mc_w.l(strncmp.o)
    0x08000230   0x08000230   0x000000b0   Code   RO         6235    .text               mf_w.l(fadd.o)
    0x080002e0   0x080002e0   0x00000064   Code   RO         6237    .text               mf_w.l(fmul.o)
    0x08000344   0x08000344   0x0000007c   Code   RO         6239    .text               mf_w.l(fdiv.o)
    0x080003c0   0x080003c0   0x00000018   Code   RO         6241    .text               mf_w.l(fscalb.o)
    0x080003d8   0x080003d8   0x000000e4   Code   RO         6243    .text               mf_w.l(dmul.o)
    0x080004bc   0x080004bc   0x00000012   Code   RO         6245    .text               mf_w.l(fflti.o)
    0x080004ce   0x080004ce   0x0000000a   Code   RO         6247    .text               mf_w.l(ffltui.o)
    0x080004d8   0x080004d8   0x00000032   Code   RO         6251    .text               mf_w.l(ffixi.o)
    0x0800050a   0x0800050a   0x00000026   Code   RO         6253    .text               mf_w.l(f2d.o)
    0x08000530   0x08000530   0x00000038   Code   RO         6255    .text               mf_w.l(d2f.o)
    0x08000568   0x08000568   0x0000002c   Code   RO         6272    .text               mc_w.l(uidiv.o)
    0x08000594   0x08000594   0x00000062   Code   RO         6274    .text               mc_w.l(uldiv.o)
    0x080005f6   0x080005f6   0x00000000   Code   RO         6276    .text               mc_w.l(iusefp.o)
    0x080005f6   0x080005f6   0x0000006e   Code   RO         6277    .text               mf_w.l(fepilogue.o)
    0x08000664   0x08000664   0x000000ba   Code   RO         6279    .text               mf_w.l(depilogue.o)
    0x0800071e   0x0800071e   0x0000014e   Code   RO         6281    .text               mf_w.l(dadd.o)
    0x0800086c   0x0800086c   0x000000de   Code   RO         6283    .text               mf_w.l(ddiv.o)
    0x0800094a   0x0800094a   0x00000030   Code   RO         6285    .text               mf_w.l(dfixul.o)
    0x0800097a   0x0800097a   0x00000002   PAD
    0x0800097c   0x0800097c   0x00000030   Code   RO         6287    .text               mf_w.l(cdrcmple.o)
    0x080009ac   0x080009ac   0x00000024   Code   RO         6289    .text               mc_w.l(init.o)
    0x080009d0   0x080009d0   0x0000001e   Code   RO         6291    .text               mc_w.l(llshl.o)
    0x080009ee   0x080009ee   0x00000024   Code   RO         6293    .text               mc_w.l(llsshr.o)
    0x08000a12   0x08000a12   0x00000056   Code   RO         6303    .text               mc_w.l(__dczerorl2.o)
    0x08000a68   0x08000a68   0x0000000c   Code   RO         1457    i.ADC1_2_IRQHandler  stm32f1xx_it.o
    0x08000a74   0x08000a74   0x00000056   Code   RO         3131    i.ADC_ConversionStop_Disable  stm32f1xx_hal_adc.o
    0x08000aca   0x08000aca   0x0000004e   Code   RO         3132    i.ADC_DMAConvCplt   stm32f1xx_hal_adc.o
    0x08000b18   0x08000b18   0x0000001a   Code   RO         3133    i.ADC_DMAError      stm32f1xx_hal_adc.o
    0x08000b32   0x08000b32   0x0000000a   Code   RO         3134    i.ADC_DMAHalfConvCplt  stm32f1xx_hal_adc.o
    0x08000b3c   0x08000b3c   0x0000007c   Code   RO         3135    i.ADC_Enable        stm32f1xx_hal_adc.o
    0x08000bb8   0x08000bb8   0x00000064   Code   RO          567    i.ADC_NormalCal     ir_track.o
    0x08000c1c   0x08000c1c   0x00000060   Code   RO          992    i.AngleKalmanInit   angle_kalman_filter.o
    0x08000c7c   0x08000c7c   0x0000002c   Code   RO         1028    i.BTN_Read_Left     btn.o
    0x08000ca8   0x08000ca8   0x0000002c   Code   RO         1029    i.BTN_Read_Right    btn.o
    0x08000cd4   0x08000cd4   0x00000002   Code   RO         1458    i.BusFault_Handler  stm32f1xx_it.o
    0x08000cd6   0x08000cd6   0x00000004   Code   RO         5322    i.CDC_Control_FS    usbd_cdc_if.o
    0x08000cda   0x08000cda   0x00000004   Code   RO         5323    i.CDC_DeInit_FS     usbd_cdc_if.o
    0x08000cde   0x08000cde   0x0000000a   Code   RO         5324    i.CDC_Init_FS       usbd_cdc_if.o
    0x08000ce8   0x08000ce8   0x0000000c   Code   RO         5325    i.CDC_Receive_FS    usbd_cdc_if.o
    0x08000cf4   0x08000cf4   0x0000002c   Code   RO         5326    i.CDC_Transmit_FS   usbd_cdc_if.o
    0x08000d20   0x08000d20   0x00000034   Code   RO          682    i.CarCtrlInit       car_drive.o
    0x08000d54   0x08000d54   0x00000020   Code   RO          683    i.CarMotoCtrl       car_drive.o
    0x08000d74   0x08000d74   0x00000070   Code   RO          684    i.CarPIDSpeedCtrl   car_drive.o
    0x08000de4   0x08000de4   0x0000007c   Code   RO          685    i.CarTrackCtrl      car_drive.o
    0x08000e60   0x08000e60   0x00000028   Code   RO           13    i.CheckBtnLeft      common.o
    0x08000e88   0x08000e88   0x000000d8   Code   RO           14    i.CheckBtnRight     common.o
    0x08000f60   0x08000f60   0x0000001c   Code   RO          686    i.CheckPath         car_drive.o
    0x08000f7c   0x08000f7c   0x0000007c   Code   RO          470    i.CheckUSBRxData    usb_uart.o
    0x08000ff8   0x08000ff8   0x0000007c   Code   RO          471    i.CheckUSBTxData    usb_uart.o
    0x08001074   0x08001074   0x000000a8   Code   RO          348    i.CheckUartRxData   uart_dma.o
    0x0800111c   0x0800111c   0x0000009c   Code   RO          349    i.CheckUartTxData   uart_dma.o
    0x080011b8   0x080011b8   0x00000048   Code   RO          687    i.CheckUserCmd      car_drive.o
    0x08001200   0x08001200   0x0000000c   Code   RO         1459    i.DMA1_Channel1_IRQHandler  stm32f1xx_it.o
    0x0800120c   0x0800120c   0x0000000c   Code   RO         1460    i.DMA1_Channel2_IRQHandler  stm32f1xx_it.o
    0x08001218   0x08001218   0x0000000c   Code   RO         1461    i.DMA1_Channel3_IRQHandler  stm32f1xx_it.o
    0x08001224   0x08001224   0x0000000c   Code   RO         1462    i.DMA1_Channel4_IRQHandler  stm32f1xx_it.o
    0x08001230   0x08001230   0x0000000c   Code   RO         1463    i.DMA1_Channel6_IRQHandler  stm32f1xx_it.o
    0x0800123c   0x0800123c   0x0000000c   Code   RO         1464    i.DMA1_Channel7_IRQHandler  stm32f1xx_it.o
    0x08001248   0x08001248   0x0000002a   Code   RO         2534    i.DMA_SetConfig     stm32f1xx_hal_dma.o
    0x08001272   0x08001272   0x00000002   Code   RO         1465    i.DebugMon_Handler  stm32f1xx_it.o
    0x08001274   0x08001274   0x00000090   Code   RO          291    i.ESP32ModeCtrl     esp32.o
    0x08001304   0x08001304   0x000000a8   Code   RO          292    i.ESP32_Init        esp32.o
    0x080013ac   0x080013ac   0x00000010   Code   RO          293    i.ESP32_Start       esp32.o
    0x080013bc   0x080013bc   0x00000006   Code   RO         1466    i.EXTI4_IRQHandler  stm32f1xx_it.o
    0x080013c2   0x080013c2   0x00000006   Code   RO         1467    i.EXTI9_5_IRQHandler  stm32f1xx_it.o
    0x080013c8   0x080013c8   0x00000026   Code   RO         1059    i.EreaseFlashData   user_flash.o
    0x080013ee   0x080013ee   0x00000004   Code   RO         1157    i.Error_Handler     main.o
    0x080013f2   0x080013f2   0x00000002   PAD
    0x080013f4   0x080013f4   0x00000024   Code   RO         2974    i.FLASH_MassErase   stm32f1xx_hal_flash_ex.o
    0x08001418   0x08001418   0x00000024   Code   RO         2979    i.FLASH_PageErase   stm32f1xx_hal_flash_ex.o
    0x0800143c   0x0800143c   0x0000001c   Code   RO         2871    i.FLASH_Program_HalfWord  stm32f1xx_hal_flash.o
    0x08001458   0x08001458   0x0000005c   Code   RO         2872    i.FLASH_SetErrorCode  stm32f1xx_hal_flash.o
    0x080014b4   0x080014b4   0x00000054   Code   RO         2873    i.FLASH_WaitForLastOperation  stm32f1xx_hal_flash.o
    0x08001508   0x08001508   0x000000f8   Code   RO           15    i.GetUniqueID       common.o
    0x08001600   0x08001600   0x00000002   Code   RO         3313    i.HAL_ADCEx_InjectedConvCpltCallback  stm32f1xx_hal_adc_ex.o
    0x08001602   0x08001602   0x00000002   PAD
    0x08001604   0x08001604   0x000000fc   Code   RO         3137    i.HAL_ADC_ConfigChannel  stm32f1xx_hal_adc.o
    0x08001700   0x08001700   0x00000230   Code   RO          688    i.HAL_ADC_ConvCpltCallback  car_drive.o
    0x08001930   0x08001930   0x00000002   Code   RO         3139    i.HAL_ADC_ConvHalfCpltCallback  stm32f1xx_hal_adc.o
    0x08001932   0x08001932   0x00000002   Code   RO         3141    i.HAL_ADC_ErrorCallback  stm32f1xx_hal_adc.o
    0x08001934   0x08001934   0x000000dc   Code   RO         3145    i.HAL_ADC_IRQHandler  stm32f1xx_hal_adc.o
    0x08001a10   0x08001a10   0x00000120   Code   RO         3146    i.HAL_ADC_Init      stm32f1xx_hal_adc.o
    0x08001b30   0x08001b30   0x00000002   Code   RO         3147    i.HAL_ADC_LevelOutOfWindowCallback  stm32f1xx_hal_adc.o
    0x08001b32   0x08001b32   0x00000002   PAD
    0x08001b34   0x08001b34   0x000000c0   Code   RO         1224    i.HAL_ADC_MspInit   adc.o
    0x08001bf4   0x08001bf4   0x0000010c   Code   RO         3153    i.HAL_ADC_Start_DMA  stm32f1xx_hal_adc.o
    0x08001d00   0x08001d00   0x00000056   Code   RO         3156    i.HAL_ADC_Stop_DMA  stm32f1xx_hal_adc.o
    0x08001d56   0x08001d56   0x00000046   Code   RO         2535    i.HAL_DMA_Abort     stm32f1xx_hal_dma.o
    0x08001d9c   0x08001d9c   0x00000130   Code   RO         2536    i.HAL_DMA_Abort_IT  stm32f1xx_hal_dma.o
    0x08001ecc   0x08001ecc   0x00000006   Code   RO         2539    i.HAL_DMA_GetState  stm32f1xx_hal_dma.o
    0x08001ed2   0x08001ed2   0x00000002   PAD
    0x08001ed4   0x08001ed4   0x00000248   Code   RO         2540    i.HAL_DMA_IRQHandler  stm32f1xx_hal_dma.o
    0x0800211c   0x0800211c   0x0000007c   Code   RO         2541    i.HAL_DMA_Init      stm32f1xx_hal_dma.o
    0x08002198   0x08002198   0x00000070   Code   RO         2545    i.HAL_DMA_Start_IT  stm32f1xx_hal_dma.o
    0x08002208   0x08002208   0x00000024   Code   RO         2161    i.HAL_Delay         stm32f1xx_hal.o
    0x0800222c   0x0800222c   0x000000a8   Code   RO         2980    i.HAL_FLASHEx_Erase  stm32f1xx_hal_flash_ex.o
    0x080022d4   0x080022d4   0x00000014   Code   RO         2877    i.HAL_FLASH_Lock    stm32f1xx_hal_flash.o
    0x080022e8   0x080022e8   0x00000080   Code   RO         2882    i.HAL_FLASH_Program  stm32f1xx_hal_flash.o
    0x08002368   0x08002368   0x00000028   Code   RO         2884    i.HAL_FLASH_Unlock  stm32f1xx_hal_flash.o
    0x08002390   0x08002390   0x00000002   Code   RO           16    i.HAL_GPIO_EXTI_Callback  common.o
    0x08002392   0x08002392   0x00000002   PAD
    0x08002394   0x08002394   0x00000018   Code   RO         2470    i.HAL_GPIO_EXTI_IRQHandler  stm32f1xx_hal_gpio.o
    0x080023ac   0x080023ac   0x000001f8   Code   RO         2471    i.HAL_GPIO_Init     stm32f1xx_hal_gpio.o
    0x080025a4   0x080025a4   0x0000000a   Code   RO         2473    i.HAL_GPIO_ReadPin  stm32f1xx_hal_gpio.o
    0x080025ae   0x080025ae   0x00000010   Code   RO         2474    i.HAL_GPIO_TogglePin  stm32f1xx_hal_gpio.o
    0x080025be   0x080025be   0x0000000a   Code   RO         2475    i.HAL_GPIO_WritePin  stm32f1xx_hal_gpio.o
    0x080025c8   0x080025c8   0x0000000c   Code   RO         2165    i.HAL_GetTick       stm32f1xx_hal.o
    0x080025d4   0x080025d4   0x00000002   Code   RO         3407    i.HAL_I2C_AbortCpltCallback  stm32f1xx_hal_i2c.o
    0x080025d6   0x080025d6   0x00000002   Code   RO         3408    i.HAL_I2C_AddrCallback  stm32f1xx_hal_i2c.o
    0x080025d8   0x080025d8   0x00000230   Code   RO         3412    i.HAL_I2C_EV_IRQHandler  stm32f1xx_hal_i2c.o
    0x08002808   0x08002808   0x00000002   Code   RO         3414    i.HAL_I2C_ErrorCallback  stm32f1xx_hal_i2c.o
    0x0800280a   0x0800280a   0x00000002   PAD
    0x0800280c   0x0800280c   0x00000188   Code   RO         3418    i.HAL_I2C_Init      stm32f1xx_hal_i2c.o
    0x08002994   0x08002994   0x00000002   Code   RO         3420    i.HAL_I2C_ListenCpltCallback  stm32f1xx_hal_i2c.o
    0x08002996   0x08002996   0x00000002   Code   RO         3421    i.HAL_I2C_MasterRxCpltCallback  stm32f1xx_hal_i2c.o
    0x08002998   0x08002998   0x00000002   Code   RO         3422    i.HAL_I2C_MasterTxCpltCallback  stm32f1xx_hal_i2c.o
    0x0800299a   0x0800299a   0x00000002   Code   RO         3434    i.HAL_I2C_MemRxCpltCallback  stm32f1xx_hal_i2c.o
    0x0800299c   0x0800299c   0x0000005c   Code   RO          811    i.HAL_I2C_MemTxCpltCallback  oled_i2c.o
    0x080029f8   0x080029f8   0x00000190   Code   RO         3440    i.HAL_I2C_Mem_Write_DMA  stm32f1xx_hal_i2c.o
    0x08002b88   0x08002b88   0x000000a0   Code   RO         1290    i.HAL_I2C_MspInit   i2c.o
    0x08002c28   0x08002c28   0x00000002   Code   RO         3444    i.HAL_I2C_SlaveRxCpltCallback  stm32f1xx_hal_i2c.o
    0x08002c2a   0x08002c2a   0x00000002   Code   RO         3445    i.HAL_I2C_SlaveTxCpltCallback  stm32f1xx_hal_i2c.o
    0x08002c2c   0x08002c2c   0x00000010   Code   RO         2171    i.HAL_IncTick       stm32f1xx_hal.o
    0x08002c3c   0x08002c3c   0x00000024   Code   RO         2172    i.HAL_Init          stm32f1xx_hal.o
    0x08002c60   0x08002c60   0x00000040   Code   RO         2173    i.HAL_InitTick      stm32f1xx_hal.o
    0x08002ca0   0x08002ca0   0x0000003c   Code   RO         1629    i.HAL_MspInit       stm32f1xx_hal_msp.o
    0x08002cdc   0x08002cdc   0x0000001a   Code   RO         2631    i.HAL_NVIC_EnableIRQ  stm32f1xx_hal_cortex.o
    0x08002cf6   0x08002cf6   0x00000002   PAD
    0x08002cf8   0x08002cf8   0x00000040   Code   RO         2637    i.HAL_NVIC_SetPriority  stm32f1xx_hal_cortex.o
    0x08002d38   0x08002d38   0x00000024   Code   RO         2638    i.HAL_NVIC_SetPriorityGrouping  stm32f1xx_hal_cortex.o
    0x08002d5c   0x08002d5c   0x0000003c   Code   RO         1928    i.HAL_PCDEx_PMAConfig  stm32f1xx_hal_pcd_ex.o
    0x08002d98   0x08002d98   0x00000002   Code   RO         5375    i.HAL_PCDEx_SetConnectionState  usbd_conf.o
    0x08002d9a   0x08002d9a   0x00000012   Code   RO         5377    i.HAL_PCD_DataInStageCallback  usbd_conf.o
    0x08002dac   0x08002dac   0x00000014   Code   RO         5378    i.HAL_PCD_DataOutStageCallback  usbd_conf.o
    0x08002dc0   0x08002dc0   0x0000004c   Code   RO         1699    i.HAL_PCD_EP_Close  stm32f1xx_hal_pcd.o
    0x08002e0c   0x08002e0c   0x0000005c   Code   RO         1700    i.HAL_PCD_EP_ClrStall  stm32f1xx_hal_pcd.o
    0x08002e68   0x08002e68   0x000000e6   Code   RO         1701    i.HAL_PCD_EP_DB_Receive  stm32f1xx_hal_pcd.o
    0x08002f4e   0x08002f4e   0x00000338   Code   RO         1702    i.HAL_PCD_EP_DB_Transmit  stm32f1xx_hal_pcd.o
    0x08003286   0x08003286   0x00000012   Code   RO         1704    i.HAL_PCD_EP_GetRxCount  stm32f1xx_hal_pcd.o
    0x08003298   0x08003298   0x0000005a   Code   RO         1705    i.HAL_PCD_EP_Open   stm32f1xx_hal_pcd.o
    0x080032f2   0x080032f2   0x0000002e   Code   RO         1706    i.HAL_PCD_EP_Receive  stm32f1xx_hal_pcd.o
    0x08003320   0x08003320   0x00000072   Code   RO         1707    i.HAL_PCD_EP_SetStall  stm32f1xx_hal_pcd.o
    0x08003392   0x08003392   0x00000030   Code   RO         1708    i.HAL_PCD_EP_Transmit  stm32f1xx_hal_pcd.o
    0x080033c2   0x080033c2   0x00000002   PAD
    0x080033c4   0x080033c4   0x00000134   Code   RO         1710    i.HAL_PCD_IRQHandler  stm32f1xx_hal_pcd.o
    0x080034f8   0x080034f8   0x000000da   Code   RO         1713    i.HAL_PCD_Init      stm32f1xx_hal_pcd.o
    0x080035d2   0x080035d2   0x00000002   PAD
    0x080035d4   0x080035d4   0x0000003c   Code   RO         5383    i.HAL_PCD_MspInit   usbd_conf.o
    0x08003610   0x08003610   0x00000026   Code   RO         5384    i.HAL_PCD_ResetCallback  usbd_conf.o
    0x08003636   0x08003636   0x00000008   Code   RO         5385    i.HAL_PCD_ResumeCallback  usbd_conf.o
    0x0800363e   0x0800363e   0x00000008   Code   RO         5386    i.HAL_PCD_SOFCallback  usbd_conf.o
    0x08003646   0x08003646   0x00000028   Code   RO         1719    i.HAL_PCD_SetAddress  stm32f1xx_hal_pcd.o
    0x0800366e   0x0800366e   0x0000000e   Code   RO         5387    i.HAL_PCD_SetupStageCallback  usbd_conf.o
    0x0800367c   0x0800367c   0x00000032   Code   RO         1721    i.HAL_PCD_Start     stm32f1xx_hal_pcd.o
    0x080036ae   0x080036ae   0x00000002   PAD
    0x080036b0   0x080036b0   0x00000024   Code   RO         5388    i.HAL_PCD_SuspendCallback  usbd_conf.o
    0x080036d4   0x080036d4   0x000000ec   Code   RO         2433    i.HAL_RCCEx_PeriphCLKConfig  stm32f1xx_hal_rcc_ex.o
    0x080037c0   0x080037c0   0x0000012c   Code   RO         2329    i.HAL_RCC_ClockConfig  stm32f1xx_hal_rcc.o
    0x080038ec   0x080038ec   0x00000020   Code   RO         2336    i.HAL_RCC_GetPCLK1Freq  stm32f1xx_hal_rcc.o
    0x0800390c   0x0800390c   0x00000020   Code   RO         2337    i.HAL_RCC_GetPCLK2Freq  stm32f1xx_hal_rcc.o
    0x0800392c   0x0800392c   0x0000004c   Code   RO         2338    i.HAL_RCC_GetSysClockFreq  stm32f1xx_hal_rcc.o
    0x08003978   0x08003978   0x00000320   Code   RO         2341    i.HAL_RCC_OscConfig  stm32f1xx_hal_rcc.o
    0x08003c98   0x08003c98   0x00000028   Code   RO         2642    i.HAL_SYSTICK_Config  stm32f1xx_hal_cortex.o
    0x08003cc0   0x08003cc0   0x00000002   Code   RO         4550    i.HAL_TIMEx_BreakCallback  stm32f1xx_hal_tim_ex.o
    0x08003cc2   0x08003cc2   0x00000002   Code   RO         4551    i.HAL_TIMEx_CommutCallback  stm32f1xx_hal_tim_ex.o
    0x08003cc4   0x08003cc4   0x00000054   Code   RO         4553    i.HAL_TIMEx_ConfigBreakDeadTime  stm32f1xx_hal_tim_ex.o
    0x08003d18   0x08003d18   0x0000007c   Code   RO         4569    i.HAL_TIMEx_MasterConfigSynchronization  stm32f1xx_hal_tim_ex.o
    0x08003d94   0x08003d94   0x0000005a   Code   RO         3846    i.HAL_TIM_Base_Init  stm32f1xx_hal_tim.o
    0x08003dee   0x08003dee   0x00000002   PAD
    0x08003df0   0x08003df0   0x000000b0   Code   RO         1332    i.HAL_TIM_Base_MspInit  tim.o
    0x08003ea0   0x08003ea0   0x0000006c   Code   RO         3851    i.HAL_TIM_Base_Start_IT  stm32f1xx_hal_tim.o
    0x08003f0c   0x08003f0c   0x00000030   Code   RO         3854    i.HAL_TIM_Base_Stop_IT  stm32f1xx_hal_tim.o
    0x08003f3c   0x08003f3c   0x000000dc   Code   RO         3855    i.HAL_TIM_ConfigClockSource  stm32f1xx_hal_tim.o
    0x08004018   0x08004018   0x00000002   Code   RO         3880    i.HAL_TIM_IC_CaptureCallback  stm32f1xx_hal_tim.o
    0x0800401a   0x0800401a   0x00000166   Code   RO         3894    i.HAL_TIM_IRQHandler  stm32f1xx_hal_tim.o
    0x08004180   0x08004180   0x000000bc   Code   RO         1333    i.HAL_TIM_MspPostInit  tim.o
    0x0800423c   0x0800423c   0x00000002   Code   RO         3897    i.HAL_TIM_OC_DelayElapsedCallback  stm32f1xx_hal_tim.o
    0x0800423e   0x0800423e   0x000000cc   Code   RO         3918    i.HAL_TIM_PWM_ConfigChannel  stm32f1xx_hal_tim.o
    0x0800430a   0x0800430a   0x0000005a   Code   RO         3921    i.HAL_TIM_PWM_Init  stm32f1xx_hal_tim.o
    0x08004364   0x08004364   0x00000002   Code   RO         3923    i.HAL_TIM_PWM_MspInit  stm32f1xx_hal_tim.o
    0x08004366   0x08004366   0x00000002   Code   RO         3924    i.HAL_TIM_PWM_PulseFinishedCallback  stm32f1xx_hal_tim.o
    0x08004368   0x08004368   0x000000b4   Code   RO         3926    i.HAL_TIM_PWM_Start  stm32f1xx_hal_tim.o
    0x0800441c   0x0800441c   0x0000007c   Code   RO         3929    i.HAL_TIM_PWM_Stop  stm32f1xx_hal_tim.o
    0x08004498   0x08004498   0x00000038   Code   RO           17    i.HAL_TIM_PeriodElapsedCallback  common.o
    0x080044d0   0x080044d0   0x00000002   Code   RO         3937    i.HAL_TIM_TriggerCallback  stm32f1xx_hal_tim.o
    0x080044d2   0x080044d2   0x00000002   Code   RO         4829    i.HAL_UARTEx_RxEventCallback  stm32f1xx_hal_uart.o
    0x080044d4   0x080044d4   0x00000034   Code   RO          350    i.HAL_UART_DMAStopRx  uart_dma.o
    0x08004508   0x08004508   0x0000001c   Code   RO          351    i.HAL_UART_EndRxTransfer_IT  uart_dma.o
    0x08004524   0x08004524   0x00000002   Code   RO          352    i.HAL_UART_ErrorCallback  uart_dma.o
    0x08004526   0x08004526   0x00000002   PAD
    0x08004528   0x08004528   0x0000026c   Code   RO         4846    i.HAL_UART_IRQHandler  stm32f1xx_hal_uart.o
    0x08004794   0x08004794   0x00000064   Code   RO         4847    i.HAL_UART_Init     stm32f1xx_hal_uart.o
    0x080047f8   0x080047f8   0x00000200   Code   RO         1404    i.HAL_UART_MspInit  usart.o
    0x080049f8   0x080049f8   0x0000001c   Code   RO         4851    i.HAL_UART_Receive_DMA  stm32f1xx_hal_uart.o
    0x08004a14   0x08004a14   0x0000001c   Code   RO         4852    i.HAL_UART_Receive_IT  stm32f1xx_hal_uart.o
    0x08004a30   0x08004a30   0x000000b8   Code   RO          353    i.HAL_UART_RxCpltCallback  uart_dma.o
    0x08004ae8   0x08004ae8   0x00000002   Code   RO         4854    i.HAL_UART_RxHalfCpltCallback  stm32f1xx_hal_uart.o
    0x08004aea   0x08004aea   0x0000009a   Code   RO         4855    i.HAL_UART_Transmit  stm32f1xx_hal_uart.o
    0x08004b84   0x08004b84   0x00000078   Code   RO         4856    i.HAL_UART_Transmit_DMA  stm32f1xx_hal_uart.o
    0x08004bfc   0x08004bfc   0x00000074   Code   RO          354    i.HAL_UART_TxCpltCallback  uart_dma.o
    0x08004c70   0x08004c70   0x00000002   Code   RO         4859    i.HAL_UART_TxHalfCpltCallback  stm32f1xx_hal_uart.o
    0x08004c72   0x08004c72   0x00000002   Code   RO         1468    i.HardFault_Handler  stm32f1xx_it.o
    0x08004c74   0x08004c74   0x0000000c   Code   RO         1469    i.I2C2_EV_IRQHandler  stm32f1xx_it.o
    0x08004c80   0x08004c80   0x000000bc   Code   RO         3456    i.I2C_DMAAbort      stm32f1xx_hal_i2c.o
    0x08004d3c   0x08004d3c   0x00000036   Code   RO         3457    i.I2C_DMAError      stm32f1xx_hal_i2c.o
    0x08004d72   0x08004d72   0x0000010a   Code   RO         3458    i.I2C_DMAXferCplt   stm32f1xx_hal_i2c.o
    0x08004e7c   0x08004e7c   0x00000010   Code   RO         3459    i.I2C_Flush_DR      stm32f1xx_hal_i2c.o
    0x08004e8c   0x08004e8c   0x00000158   Code   RO         3460    i.I2C_ITError       stm32f1xx_hal_i2c.o
    0x08004fe4   0x08004fe4   0x0000002e   Code   RO         3461    i.I2C_IsAcknowledgeFailed  stm32f1xx_hal_i2c.o
    0x08005012   0x08005012   0x000000d2   Code   RO         3462    i.I2C_MasterReceive_BTF  stm32f1xx_hal_i2c.o
    0x080050e4   0x080050e4   0x000000e8   Code   RO         3463    i.I2C_MasterReceive_RXNE  stm32f1xx_hal_i2c.o
    0x080051cc   0x080051cc   0x00000082   Code   RO         3466    i.I2C_MasterTransmit_BTF  stm32f1xx_hal_i2c.o
    0x0800524e   0x0800524e   0x00000002   PAD
    0x08005250   0x08005250   0x000000b6   Code   RO         3467    i.I2C_MasterTransmit_TXE  stm32f1xx_hal_i2c.o
    0x08005306   0x08005306   0x00000002   PAD
    0x08005308   0x08005308   0x00000158   Code   RO         3468    i.I2C_Master_ADDR   stm32f1xx_hal_i2c.o
    0x08005460   0x08005460   0x0000008c   Code   RO         3469    i.I2C_Master_SB     stm32f1xx_hal_i2c.o
    0x080054ec   0x080054ec   0x000000a8   Code   RO         3470    i.I2C_MemoryTransmit_TXE_BTF  stm32f1xx_hal_i2c.o
    0x08005594   0x08005594   0x000000a8   Code   RO         3472    i.I2C_RequestMemoryWrite  stm32f1xx_hal_i2c.o
    0x0800563c   0x0800563c   0x00000046   Code   RO         3473    i.I2C_Slave_ADDR    stm32f1xx_hal_i2c.o
    0x08005682   0x08005682   0x00000002   PAD
    0x08005684   0x08005684   0x0000015c   Code   RO         3475    i.I2C_Slave_STOPF   stm32f1xx_hal_i2c.o
    0x080057e0   0x080057e0   0x00000090   Code   RO         3477    i.I2C_WaitOnFlagUntilTimeout  stm32f1xx_hal_i2c.o
    0x08005870   0x08005870   0x000000bc   Code   RO         3478    i.I2C_WaitOnMasterAddressFlagUntilTimeout  stm32f1xx_hal_i2c.o
    0x0800592c   0x0800592c   0x00000056   Code   RO         3480    i.I2C_WaitOnTXEFlagUntilTimeout  stm32f1xx_hal_i2c.o
    0x08005982   0x08005982   0x00000002   PAD
    0x08005984   0x08005984   0x0000004c   Code   RO          568    i.IR_Track_Init     ir_track.o
    0x080059d0   0x080059d0   0x00000010   Code   RO          569    i.IR_Track_Power_Off  ir_track.o
    0x080059e0   0x080059e0   0x00000010   Code   RO          570    i.IR_Track_Power_On  ir_track.o
    0x080059f0   0x080059f0   0x00000014   Code   RO          571    i.IR_Track_Start    ir_track.o
    0x08005a04   0x08005a04   0x00000038   Code   RO         5249    i.IntToUnicode      usbd_desc.o
    0x08005a3c   0x08005a3c   0x00000248   Code   RO          993    i.KalmanFilter      angle_kalman_filter.o
    0x08005c84   0x08005c84   0x00000060   Code   RO           19    i.LEDCtrl           common.o
    0x08005ce4   0x08005ce4   0x000000a8   Code   RO         1225    i.MX_ADC1_Init      adc.o
    0x08005d8c   0x08005d8c   0x0000007c   Code   RO         1265    i.MX_DMA_Init       dma.o
    0x08005e08   0x08005e08   0x00000188   Code   RO         1199    i.MX_GPIO_Init      gpio.o
    0x08005f90   0x08005f90   0x00000040   Code   RO         1291    i.MX_I2C2_Init      i2c.o
    0x08005fd0   0x08005fd0   0x000000c8   Code   RO         1334    i.MX_TIM1_Init      tim.o
    0x08006098   0x08006098   0x000000c8   Code   RO         1335    i.MX_TIM3_Init      tim.o
    0x08006160   0x08006160   0x000000c8   Code   RO         1336    i.MX_TIM4_Init      tim.o
    0x08006228   0x08006228   0x00000048   Code   RO         1337    i.MX_TIM6_Init      tim.o
    0x08006270   0x08006270   0x00000048   Code   RO         1338    i.MX_TIM7_Init      tim.o
    0x080062b8   0x080062b8   0x00000038   Code   RO         1405    i.MX_USART1_UART_Init  usart.o
    0x080062f0   0x080062f0   0x00000038   Code   RO         1406    i.MX_USART2_UART_Init  usart.o
    0x08006328   0x08006328   0x00000038   Code   RO         1407    i.MX_USART3_UART_Init  usart.o
    0x08006360   0x08006360   0x00000054   Code   RO         5218    i.MX_USB_DEVICE_Init  usb_device.o
    0x080063b4   0x080063b4   0x0000001c   Code   RO          689    i.ManualCarCtrl     car_drive.o
    0x080063d0   0x080063d0   0x00000002   Code   RO         1470    i.MemManage_Handler  stm32f1xx_it.o
    0x080063d2   0x080063d2   0x00000002   PAD
    0x080063d4   0x080063d4   0x00000020   Code   RO          623    i.MotoLeftBackCtrl  motor_drive.o
    0x080063f4   0x080063f4   0x00000020   Code   RO          624    i.MotoLeftFrontCtrl  motor_drive.o
    0x08006414   0x08006414   0x00000020   Code   RO          625    i.MotoRightBackCtrl  motor_drive.o
    0x08006434   0x08006434   0x00000020   Code   RO          626    i.MotoRightFrontCtrl  motor_drive.o
    0x08006454   0x08006454   0x000000b8   Code   RO          902    i.MusicProcess      music.o
    0x0800650c   0x0800650c   0x00000002   Code   RO         1471    i.NMI_Handler       stm32f1xx_it.o
    0x0800650e   0x0800650e   0x000003ac   Code   RO         1725    i.PCD_EP_ISR_Handler  stm32f1xx_hal_pcd.o
    0x080068ba   0x080068ba   0x00000002   Code   RO         1472    i.PendSV_Handler    stm32f1xx_it.o
    0x080068bc   0x080068bc   0x00000064   Code   RO          472    i.RcvDataFromUSB    usb_uart.o
    0x08006920   0x08006920   0x00000002   Code   RO         1473    i.SVC_Handler       stm32f1xx_it.o
    0x08006922   0x08006922   0x00000002   PAD
    0x08006924   0x08006924   0x00000034   Code   RO          473    i.SendDataToUSB     usb_uart.o
    0x08006958   0x08006958   0x00000054   Code   RO           20    i.ShowLED           common.o
    0x080069ac   0x080069ac   0x0000002c   Code   RO          355    i.StartAllUartDMAReceive  uart_dma.o
    0x080069d8   0x080069d8   0x00000050   Code   RO          627    i.StopAllMoto       motor_drive.o
    0x08006a28   0x08006a28   0x00000004   Code   RO         1474    i.SysTick_Handler   stm32f1xx_it.o
    0x08006a2c   0x08006a2c   0x0000007e   Code   RO         1158    i.SystemClock_Config  main.o
    0x08006aaa   0x08006aaa   0x00000002   Code   RO         5181    i.SystemInit        system_stm32f1xx.o
    0x08006aac   0x08006aac   0x0000007c   Code   RO           21    i.SystemModeCtrl    common.o
    0x08006b28   0x08006b28   0x00000030   Code   RO           22    i.System_Init       common.o
    0x08006b58   0x08006b58   0x0000000c   Code   RO         1475    i.TIM6_IRQHandler   stm32f1xx_it.o
    0x08006b64   0x08006b64   0x0000000c   Code   RO         1476    i.TIM7_IRQHandler   stm32f1xx_it.o
    0x08006b70   0x08006b70   0x0000008c   Code   RO         3939    i.TIM_Base_SetConfig  stm32f1xx_hal_tim.o
    0x08006bfc   0x08006bfc   0x0000001a   Code   RO         3940    i.TIM_CCxChannelCmd  stm32f1xx_hal_tim.o
    0x08006c16   0x08006c16   0x00000014   Code   RO         3950    i.TIM_ETR_SetConfig  stm32f1xx_hal_tim.o
    0x08006c2a   0x08006c2a   0x00000010   Code   RO         3951    i.TIM_ITRx_SetConfig  stm32f1xx_hal_tim.o
    0x08006c3a   0x08006c3a   0x00000002   PAD
    0x08006c3c   0x08006c3c   0x00000060   Code   RO         3952    i.TIM_OC1_SetConfig  stm32f1xx_hal_tim.o
    0x08006c9c   0x08006c9c   0x0000006c   Code   RO         3953    i.TIM_OC2_SetConfig  stm32f1xx_hal_tim.o
    0x08006d08   0x08006d08   0x00000068   Code   RO         3954    i.TIM_OC3_SetConfig  stm32f1xx_hal_tim.o
    0x08006d70   0x08006d70   0x00000050   Code   RO         3955    i.TIM_OC4_SetConfig  stm32f1xx_hal_tim.o
    0x08006dc0   0x08006dc0   0x00000022   Code   RO         3957    i.TIM_TI1_ConfigInputStage  stm32f1xx_hal_tim.o
    0x08006de2   0x08006de2   0x00000024   Code   RO         3959    i.TIM_TI2_ConfigInputStage  stm32f1xx_hal_tim.o
    0x08006e06   0x08006e06   0x0000002c   Code   RO          690    i.Turn              car_drive.o
    0x08006e32   0x08006e32   0x00000010   Code   RO         4860    i.UART_DMAAbortOnError  stm32f1xx_hal_uart.o
    0x08006e42   0x08006e42   0x0000004a   Code   RO         4861    i.UART_DMAError     stm32f1xx_hal_uart.o
    0x08006e8c   0x08006e8c   0x00000086   Code   RO         4862    i.UART_DMAReceiveCplt  stm32f1xx_hal_uart.o
    0x08006f12   0x08006f12   0x0000001e   Code   RO         4864    i.UART_DMARxHalfCplt  stm32f1xx_hal_uart.o
    0x08006f30   0x08006f30   0x00000042   Code   RO         4866    i.UART_DMATransmitCplt  stm32f1xx_hal_uart.o
    0x08006f72   0x08006f72   0x0000000a   Code   RO         4868    i.UART_DMATxHalfCplt  stm32f1xx_hal_uart.o
    0x08006f7c   0x08006f7c   0x0000004e   Code   RO         4870    i.UART_EndRxTransfer  stm32f1xx_hal_uart.o
    0x08006fca   0x08006fca   0x0000001c   Code   RO         4871    i.UART_EndTxTransfer  stm32f1xx_hal_uart.o
    0x08006fe6   0x08006fe6   0x000000c2   Code   RO         4872    i.UART_Receive_IT   stm32f1xx_hal_uart.o
    0x080070a8   0x080070a8   0x000000b8   Code   RO         4873    i.UART_SetConfig    stm32f1xx_hal_uart.o
    0x08007160   0x08007160   0x00000090   Code   RO         4874    i.UART_Start_Receive_DMA  stm32f1xx_hal_uart.o
    0x080071f0   0x080071f0   0x00000036   Code   RO         4875    i.UART_Start_Receive_IT  stm32f1xx_hal_uart.o
    0x08007226   0x08007226   0x00000078   Code   RO         4876    i.UART_WaitOnFlagUntilTimeout  stm32f1xx_hal_uart.o
    0x0800729e   0x0800729e   0x00000002   PAD
    0x080072a0   0x080072a0   0x00000018   Code   RO         1477    i.USART1_IRQHandler  stm32f1xx_it.o
    0x080072b8   0x080072b8   0x00000018   Code   RO         1478    i.USART2_IRQHandler  stm32f1xx_it.o
    0x080072d0   0x080072d0   0x00000018   Code   RO         1479    i.USART3_IRQHandler  stm32f1xx_it.o
    0x080072e8   0x080072e8   0x00000046   Code   RO         5850    i.USBD_CDC_DataIn   usbd_cdc.o
    0x0800732e   0x0800732e   0x0000002e   Code   RO         5851    i.USBD_CDC_DataOut  usbd_cdc.o
    0x0800735c   0x0800735c   0x00000044   Code   RO         5852    i.USBD_CDC_DeInit   usbd_cdc.o
    0x080073a0   0x080073a0   0x00000024   Code   RO         5853    i.USBD_CDC_EP0_RxReady  usbd_cdc.o
    0x080073c4   0x080073c4   0x0000000c   Code   RO         5854    i.USBD_CDC_GetDeviceQualifierDescriptor  usbd_cdc.o
    0x080073d0   0x080073d0   0x0000000c   Code   RO         5855    i.USBD_CDC_GetFSCfgDesc  usbd_cdc.o
    0x080073dc   0x080073dc   0x0000000c   Code   RO         5856    i.USBD_CDC_GetHSCfgDesc  usbd_cdc.o
    0x080073e8   0x080073e8   0x0000000c   Code   RO         5857    i.USBD_CDC_GetOtherSpeedCfgDesc  usbd_cdc.o
    0x080073f4   0x080073f4   0x00000094   Code   RO         5858    i.USBD_CDC_Init     usbd_cdc.o
    0x08007488   0x08007488   0x00000028   Code   RO         5859    i.USBD_CDC_ReceivePacket  usbd_cdc.o
    0x080074b0   0x080074b0   0x00000010   Code   RO         5860    i.USBD_CDC_RegisterInterface  usbd_cdc.o
    0x080074c0   0x080074c0   0x0000000c   Code   RO         5861    i.USBD_CDC_SetRxBuffer  usbd_cdc.o
    0x080074cc   0x080074cc   0x00000010   Code   RO         5862    i.USBD_CDC_SetTxBuffer  usbd_cdc.o
    0x080074dc   0x080074dc   0x000000ac   Code   RO         5863    i.USBD_CDC_Setup    usbd_cdc.o
    0x08007588   0x08007588   0x00000036   Code   RO         5864    i.USBD_CDC_TransmitPacket  usbd_cdc.o
    0x080075be   0x080075be   0x0000000e   Code   RO         5587    i.USBD_ClrClassConfig  usbd_core.o
    0x080075cc   0x080075cc   0x00000010   Code   RO         5790    i.USBD_CtlContinueRx  usbd_ioreq.o
    0x080075dc   0x080075dc   0x00000010   Code   RO         5791    i.USBD_CtlContinueSendData  usbd_ioreq.o
    0x080075ec   0x080075ec   0x00000016   Code   RO         5725    i.USBD_CtlError     usbd_ctlreq.o
    0x08007602   0x08007602   0x0000001e   Code   RO         5792    i.USBD_CtlPrepareRx  usbd_ioreq.o
    0x08007620   0x08007620   0x00000016   Code   RO         5793    i.USBD_CtlReceiveStatus  usbd_ioreq.o
    0x08007636   0x08007636   0x0000001a   Code   RO         5794    i.USBD_CtlSendData  usbd_ioreq.o
    0x08007650   0x08007650   0x00000016   Code   RO         5795    i.USBD_CtlSendStatus  usbd_ioreq.o
    0x08007666   0x08007666   0x00000002   PAD
    0x08007668   0x08007668   0x00000020   Code   RO         5250    i.USBD_FS_ConfigStrDescriptor  usbd_desc.o
    0x08007688   0x08007688   0x0000000c   Code   RO         5251    i.USBD_FS_DeviceDescriptor  usbd_desc.o
    0x08007694   0x08007694   0x00000024   Code   RO         5252    i.USBD_FS_InterfaceStrDescriptor  usbd_desc.o
    0x080076b8   0x080076b8   0x0000000c   Code   RO         5253    i.USBD_FS_LangIDStrDescriptor  usbd_desc.o
    0x080076c4   0x080076c4   0x00000028   Code   RO         5254    i.USBD_FS_ManufacturerStrDescriptor  usbd_desc.o
    0x080076ec   0x080076ec   0x0000002c   Code   RO         5255    i.USBD_FS_ProductStrDescriptor  usbd_desc.o
    0x08007718   0x08007718   0x00000038   Code   RO         5256    i.USBD_FS_SerialStrDescriptor  usbd_desc.o
    0x08007750   0x08007750   0x000000e8   Code   RO         5726    i.USBD_GetDescriptor  usbd_ctlreq.o
    0x08007838   0x08007838   0x00000048   Code   RO         5727    i.USBD_GetString    usbd_ctlreq.o
    0x08007880   0x08007880   0x00000018   Code   RO         5389    i.USBD_Get_USB_Status  usbd_conf.o
    0x08007898   0x08007898   0x0000002a   Code   RO         5589    i.USBD_Init         usbd_core.o
    0x080078c2   0x080078c2   0x00000012   Code   RO         5390    i.USBD_LL_ClearStallEP  usbd_conf.o
    0x080078d4   0x080078d4   0x00000012   Code   RO         5391    i.USBD_LL_CloseEP   usbd_conf.o
    0x080078e6   0x080078e6   0x000000c6   Code   RO         5590    i.USBD_LL_DataInStage  usbd_core.o
    0x080079ac   0x080079ac   0x00000082   Code   RO         5591    i.USBD_LL_DataOutStage  usbd_core.o
    0x08007a2e   0x08007a2e   0x00000008   Code   RO         5395    i.USBD_LL_GetRxDataSize  usbd_conf.o
    0x08007a36   0x08007a36   0x00000002   PAD
    0x08007a38   0x08007a38   0x00000080   Code   RO         5396    i.USBD_LL_Init      usbd_conf.o
    0x08007ab8   0x08007ab8   0x00000020   Code   RO         5397    i.USBD_LL_IsStallEP  usbd_conf.o
    0x08007ad8   0x08007ad8   0x00000018   Code   RO         5398    i.USBD_LL_OpenEP    usbd_conf.o
    0x08007af0   0x08007af0   0x00000012   Code   RO         5399    i.USBD_LL_PrepareReceive  usbd_conf.o
    0x08007b02   0x08007b02   0x00000050   Code   RO         5596    i.USBD_LL_Reset     usbd_core.o
    0x08007b52   0x08007b52   0x00000014   Code   RO         5597    i.USBD_LL_Resume    usbd_core.o
    0x08007b66   0x08007b66   0x00000018   Code   RO         5598    i.USBD_LL_SOF       usbd_core.o
    0x08007b7e   0x08007b7e   0x00000006   Code   RO         5599    i.USBD_LL_SetSpeed  usbd_core.o
    0x08007b84   0x08007b84   0x00000012   Code   RO         5400    i.USBD_LL_SetUSBAddress  usbd_conf.o
    0x08007b96   0x08007b96   0x0000005a   Code   RO         5600    i.USBD_LL_SetupStage  usbd_core.o
    0x08007bf0   0x08007bf0   0x00000012   Code   RO         5401    i.USBD_LL_StallEP   usbd_conf.o
    0x08007c02   0x08007c02   0x00000012   Code   RO         5402    i.USBD_LL_Start     usbd_conf.o
    0x08007c14   0x08007c14   0x00000012   Code   RO         5601    i.USBD_LL_Suspend   usbd_core.o
    0x08007c26   0x08007c26   0x00000012   Code   RO         5404    i.USBD_LL_Transmit  usbd_conf.o
    0x08007c38   0x08007c38   0x00000028   Code   RO         5728    i.USBD_ParseSetupRequest  usbd_ctlreq.o
    0x08007c60   0x08007c60   0x00000010   Code   RO         5602    i.USBD_RegisterClass  usbd_core.o
    0x08007c70   0x08007c70   0x00000016   Code   RO         5604    i.USBD_SetClassConfig  usbd_core.o
    0x08007c86   0x08007c86   0x00000002   PAD
    0x08007c88   0x08007c88   0x00000084   Code   RO         5729    i.USBD_SetConfig    usbd_ctlreq.o
    0x08007d0c   0x08007d0c   0x0000000a   Code   RO         5605    i.USBD_Start        usbd_core.o
    0x08007d16   0x08007d16   0x00000112   Code   RO         5730    i.USBD_StdDevReq    usbd_ctlreq.o
    0x08007e28   0x08007e28   0x00000150   Code   RO         5731    i.USBD_StdEPReq     usbd_ctlreq.o
    0x08007f78   0x08007f78   0x0000004e   Code   RO         5732    i.USBD_StdItfReq    usbd_ctlreq.o
    0x08007fc6   0x08007fc6   0x00000002   Code   RO         5405    i.USBD_static_free  usbd_conf.o
    0x08007fc8   0x08007fc8   0x00000008   Code   RO         5406    i.USBD_static_malloc  usbd_conf.o
    0x08007fd0   0x08007fd0   0x00000064   Code   RO          474    i.USBTxDataDMA      usb_uart.o
    0x08008034   0x08008034   0x0000029c   Code   RO         1968    i.USB_ActivateEndpoint  stm32f1xx_ll_usb.o
    0x080082d0   0x080082d0   0x00000004   Code   RO         1971    i.USB_CoreInit      stm32f1xx_ll_usb.o
    0x080082d4   0x080082d4   0x0000010e   Code   RO         1973    i.USB_DeactivateEndpoint  stm32f1xx_ll_usb.o
    0x080083e2   0x080083e2   0x00000004   Code   RO         1974    i.USB_DevConnect    stm32f1xx_ll_usb.o
    0x080083e6   0x080083e6   0x00000004   Code   RO         1975    i.USB_DevDisconnect  stm32f1xx_ll_usb.o
    0x080083ea   0x080083ea   0x00000012   Code   RO         1976    i.USB_DevInit       stm32f1xx_ll_usb.o
    0x080083fc   0x080083fc   0x0000000e   Code   RO         1977    i.USB_DisableGlobalInt  stm32f1xx_ll_usb.o
    0x0800840a   0x0800840a   0x00000004   Code   RO         1978    i.USB_EP0_OutStart  stm32f1xx_ll_usb.o
    0x0800840e   0x0800840e   0x00000078   Code   RO         1979    i.USB_EPClearStall  stm32f1xx_ll_usb.o
    0x08008486   0x08008486   0x00000032   Code   RO         1980    i.USB_EPSetStall    stm32f1xx_ll_usb.o
    0x080084b8   0x080084b8   0x000004e2   Code   RO         1981    i.USB_EPStartXfer   stm32f1xx_ll_usb.o
    0x0800899a   0x0800899a   0x00000012   Code   RO         1983    i.USB_EnableGlobalInt  stm32f1xx_ll_usb.o
    0x080089ac   0x080089ac   0x0000000c   Code   RO         1480    i.USB_LP_CAN1_RX0_IRQHandler  stm32f1xx_it.o
    0x080089b8   0x080089b8   0x00000006   Code   RO         1990    i.USB_ReadInterrupts  stm32f1xx_ll_usb.o
    0x080089be   0x080089be   0x00000002   PAD
    0x080089c0   0x080089c0   0x0000002c   Code   RO         1991    i.USB_ReadPMA       stm32f1xx_ll_usb.o
    0x080089ec   0x080089ec   0x000000dc   Code   RO           23    i.USB_RxDataCallback  common.o
    0x08008ac8   0x08008ac8   0x00000004   Code   RO         1992    i.USB_SetCurrentMode  stm32f1xx_ll_usb.o
    0x08008acc   0x08008acc   0x0000000c   Code   RO         1993    i.USB_SetDevAddress  stm32f1xx_ll_usb.o
    0x08008ad8   0x08008ad8   0x00000026   Code   RO         1995    i.USB_WritePMA      stm32f1xx_ll_usb.o
    0x08008afe   0x08008afe   0x00000002   PAD
    0x08008b00   0x08008b00   0x00000064   Code   RO          691    i.UartCtrl_RxDataCallback  car_drive.o
    0x08008b64   0x08008b64   0x0000008c   Code   RO          358    i.UartTxDataDMA     uart_dma.o
    0x08008bf0   0x08008bf0   0x0000009c   Code   RO          359    i.Uart_DMA_Init     uart_dma.o
    0x08008c8c   0x08008c8c   0x00000038   Code   RO          360    i.Uart_RxDataCallback  uart_dma.o
    0x08008cc4   0x08008cc4   0x000000f8   Code   RO          361    i.Uart_RxIDLE_Handler  uart_dma.o
    0x08008dbc   0x08008dbc   0x00000002   Code   RO         1481    i.UsageFault_Handler  stm32f1xx_it.o
    0x08008dbe   0x08008dbe   0x00000002   PAD
    0x08008dc0   0x08008dc0   0x00000048   Code   RO          475    i.Usb2UartInit      usb_uart.o
    0x08008e08   0x08008e08   0x00000086   Code   RO          692    i.UserCmdParse      car_drive.o
    0x08008e8e   0x08008e8e   0x00000002   PAD
    0x08008e90   0x08008e90   0x0000016c   Code   RO          693    i.UserConfigCallback  car_drive.o
    0x08008ffc   0x08008ffc   0x0000026c   Code   RO          694    i.UserCtrlCmdCallback  car_drive.o
    0x08009268   0x08009268   0x0000003c   Code   RO         1061    i.UserDataInitFromFlash  user_flash.o
    0x080092a4   0x080092a4   0x0000001c   Code   RO         1062    i.UserFlashCheck    user_flash.o
    0x080092c0   0x080092c0   0x00000034   Code   RO         1063    i.UserFlashDataWrite  user_flash.o
    0x080092f4   0x080092f4   0x00000138   Code   RO          695    i.UserManualCtrlCallback  car_drive.o
    0x0800942c   0x0800942c   0x00000040   Code   RO           24    i.UserTasks         common.o
    0x0800946c   0x0800946c   0x0000003a   Code   RO         1064    i.WriteFlashData    user_flash.o
    0x080094a6   0x080094a6   0x00000002   PAD
    0x080094a8   0x080094a8   0x00000020   Code   RO         6207    i.__0printf         mc_w.l(printfa.o)
    0x080094c8   0x080094c8   0x00000028   Code   RO         6209    i.__0sprintf        mc_w.l(printfa.o)
    0x080094f0   0x080094f0   0x00000020   Code   RO         2644    i.__NVIC_SetPriority  stm32f1xx_hal_cortex.o
    0x08009510   0x08009510   0x00000024   Code   RO           25    i.__NVIC_SystemReset  common.o
    0x08009534   0x08009534   0x0000000e   Code   RO         6297    i.__scatterload_copy  mc_w.l(handlers.o)
    0x08009542   0x08009542   0x00000002   Code   RO         6298    i.__scatterload_null  mc_w.l(handlers.o)
    0x08009544   0x08009544   0x0000000e   Code   RO         6299    i.__scatterload_zeroinit  mc_w.l(handlers.o)
    0x08009552   0x08009552   0x00000002   PAD
    0x08009554   0x08009554   0x00000184   Code   RO         6214    i._fp_digits        mc_w.l(printfa.o)
    0x080096d8   0x080096d8   0x000006dc   Code   RO         6215    i._printf_core      mc_w.l(printfa.o)
    0x08009db4   0x08009db4   0x00000024   Code   RO         6216    i._printf_post_padding  mc_w.l(printfa.o)
    0x08009dd8   0x08009dd8   0x0000002e   Code   RO         6217    i._printf_pre_padding  mc_w.l(printfa.o)
    0x08009e06   0x08009e06   0x0000000a   Code   RO         6219    i._sputc            mc_w.l(printfa.o)
    0x08009e10   0x08009e10   0x00000018   Code   RO           26    i.fputc             common.o
    0x08009e28   0x08009e28   0x000000b0   Code   RO         1117    i.led_matrix_init   led_matrix.o
    0x08009ed8   0x08009ed8   0x00000046   Code   RO         1159    i.main              main.o
    0x08009f1e   0x08009f1e   0x00000002   PAD
    0x08009f20   0x08009f20   0x00000028   Code   RO         1118    i.move_led_matrix   led_matrix.o
    0x08009f48   0x08009f48   0x0000000c   Code   RO          696    i.ms_Delay          car_drive.o
    0x08009f54   0x08009f54   0x00000128   Code   RO         1119    i.show_led_matrix   led_matrix.o
    0x0800a07c   0x0800a07c   0x00000040   Data   RO          294    .constdata          esp32.o
    0x0800a0bc   0x0800a0bc   0x00000100   Data   RO          363    .constdata          uart_dma.o
    0x0800a1bc   0x0800a1bc   0x000001e8   Data   RO          905    .constdata          music.o
    0x0800a3a4   0x0800a3a4   0x00000012   Data   RO         2342    .constdata          stm32f1xx_hal_rcc.o
    0x0800a3b6   0x0800a3b6   0x00000010   Data   RO         5182    .constdata          system_stm32f1xx.o
    0x0800a3c6   0x0800a3c6   0x00000008   Data   RO         5183    .constdata          system_stm32f1xx.o
    0x0800a3ce   0x0800a3ce   0x00000002   PAD
    0x0800a3d0   0x0800a3d0   0x00000020   Data   RO         6295    Region$$Table       anon$$obj.o


    Execution Region RW_IRAM1 (Exec base: 0x20000000, Load base: 0x0800a3f0, Size: 0x00003ac0, Max: 0x0000c000, ABSOLUTE, COMPRESSED[0x0000026c])

    Exec Addr    Load Addr    Size         Type   Attr      Idx    E Section Name        Object

    0x20000000   COMPRESSED   0x0000002c   Data   RW           28    .data               common.o
    0x2000002c   COMPRESSED   0x00000002   Data   RW          295    .data               esp32.o
    0x2000002e   COMPRESSED   0x00000001   Data   RW          364    .data               uart_dma.o
    0x2000002f   COMPRESSED   0x00000001   PAD
    0x20000030   COMPRESSED   0x00000004   Data   RW          573    .data               ir_track.o
    0x20000034   COMPRESSED   0x000004b4   Data   RW          698    .data               car_drive.o
    0x200004e8   COMPRESSED   0x0000000c   Data   RW          824    .data               oled_i2c.o
    0x200004f4   COMPRESSED   0x00000010   Data   RW          906    .data               music.o
    0x20000504   COMPRESSED   0x00000002   Data   RW         1030    .data               btn.o
    0x20000506   COMPRESSED   0x00000002   PAD
    0x20000508   COMPRESSED   0x000000b8   Data   RW         1121    .data               led_matrix.o
    0x200005c0   COMPRESSED   0x0000000c   Data   RW         2179    .data               stm32f1xx_hal.o
    0x200005cc   COMPRESSED   0x00000004   Data   RW         5184    .data               system_stm32f1xx.o
    0x200005d0   COMPRESSED   0x0000001c   Data   RW         5258    .data               usbd_desc.o
    0x200005ec   COMPRESSED   0x00000032   Data   RW         5259    .data               usbd_desc.o
    0x2000061e   COMPRESSED   0x00000002   PAD
    0x20000620   COMPRESSED   0x00000010   Data   RW         5329    .data               usbd_cdc_if.o
    0x20000630   COMPRESSED   0x00000001   Data   RW         5733    .data               usbd_ctlreq.o
    0x20000631   COMPRESSED   0x00000003   PAD
    0x20000634   COMPRESSED   0x000000d7   Data   RW         5865    .data               usbd_cdc.o
    0x2000070b   COMPRESSED   0x00000001   PAD
    0x2000070c   COMPRESSED   0x00000038   Data   RW         5866    .data               usbd_cdc.o
    0x20000744   COMPRESSED   0x00000004   Data   RW         6271    .data               mc_w.l(stdout.o)
    0x20000748        -       0x00000019   Zero   RW           27    .bss                common.o
    0x20000761   COMPRESSED   0x00000003   PAD
    0x20000764        -       0x00001a40   Zero   RW          362    .bss                uart_dma.o
    0x200021a4        -       0x0000046c   Zero   RW          476    .bss                usb_uart.o
    0x20002610        -       0x00000094   Zero   RW          572    .bss                ir_track.o
    0x200026a4        -       0x0000006c   Zero   RW          697    .bss                car_drive.o
    0x20002710        -       0x00000100   Zero   RW          822    .bss                oled_i2c.o
    0x20002810        -       0x00000058   Zero   RW          994    .bss                angle_kalman_filter.o
    0x20002868        -       0x00000074   Zero   RW         1226    .bss                adc.o
    0x200028dc        -       0x00000098   Zero   RW         1292    .bss                i2c.o
    0x20002974        -       0x00000168   Zero   RW         1339    .bss                tim.o
    0x20002adc        -       0x000001e8   Zero   RW         1408    .bss                usart.o
    0x20002cc4   COMPRESSED   0x00000004   PAD
    0x20002cc8        -       0x00000020   Zero   RW         2885    .bss                stm32f1xx_hal_flash.o
    0x20002ce8        -       0x000002c4   Zero   RW         5219    .bss                usb_device.o
    0x20002fac        -       0x00000200   Zero   RW         5257    .bss                usbd_desc.o
    0x200031ac        -       0x00000510   Zero   RW         5407    .bss                usbd_conf.o
    0x200036bc   COMPRESSED   0x00000004   PAD
    0x200036c0        -       0x00000400   Zero   RW            1    STACK               startup_stm32f103xe.o


==============================================================================

Image component sizes


      Code (inc. data)   RO Data    RW Data    ZI Data      Debug   Object Name

       360         36          0          0        116       1787   adc.o
       680         10          0          0         88       2457   angle_kalman_filter.o
        88         18          0          2          0       1077   btn.o
      2594        452          0       1204        108      14266   car_drive.o
      1258        222          0         44         25     578975   common.o
       124          4          0          0          0        758   dma.o
       328         34         64          2          0       2097   esp32.o
       392         24          0          0          0       1023   gpio.o
       224         34          0          0        152       1658   i2c.o
       228         34          0          4        148       3487   ir_track.o
       512         20          0        184          0       2558   led_matrix.o
       200          0          0          0          0       2008   main.o
       208         34          0          0          0       2374   motor_drive.o
       184         10        488         16          0       1625   music.o
        92          8          0         12        256       1574   oled_i2c.o
        36          8        304          0       1024        784   startup_stm32f103xe.o
       164         28          0         12          0       6349   stm32f1xx_hal.o
      1444         60          0          0          0       9926   stm32f1xx_hal_adc.o
         2          0          0          0          0       1017   stm32f1xx_hal_adc_ex.o
       198         14          0          0          0      28831   stm32f1xx_hal_cortex.o
      1242         52          0          0          0       5513   stm32f1xx_hal_dma.o
       392         46          0          0         32       4566   stm32f1xx_hal_flash.o
       240         26          0          0          0       3165   stm32f1xx_hal_flash_ex.o
       564         48          0          0          0       4623   stm32f1xx_hal_gpio.o
      4694         70          0          0          0      26773   stm32f1xx_hal_i2c.o
        60          8          0          0          0        830   stm32f1xx_hal_msp.o
      3094          0          0          0          0      14001   stm32f1xx_hal_pcd.o
        60          0          0          0          0       1134   stm32f1xx_hal_pcd_ex.o
      1240         84         18          0          0       4992   stm32f1xx_hal_rcc.o
       236         12          0          0          0       1340   stm32f1xx_hal_rcc_ex.o
      2092        106          0          0          0      17032   stm32f1xx_hal_tim.o
       212         20          0          0          0       3089   stm32f1xx_hal_tim_ex.o
      2188         38          0          0          0      16445   stm32f1xx_hal_uart.o
       236         84          0          0          0      10554   stm32f1xx_it.o
      2528          0          0          0          0      15747   stm32f1xx_ll_usb.o
         2          0         24          4          0       1059   system_stm32f1xx.o
      1108         92          0          0        360       5096   tim.o
      1350        130        256          1       6720      10302   uart_dma.o
       680         60          0          0        488       3308   usart.o
        84         18          0          0        708        752   usb_device.o
       572         60          0          0       1132      10923   usb_uart.o
       726         16          0        271          0      12678   usbd_cdc.o
        74          6          0         16          0       3176   usbd_cdc_if.o
       556         30          0          0       1296      13697   usbd_conf.o
       670          0          0          0          0       9183   usbd_core.o
      1186         28          0          1          0       7736   usbd_ctlreq.o
       288        104          0         78        512       5721   usbd_desc.o
       132          0          0          0          0       4184   usbd_ioreq.o
       236         24          0          0          0       3701   user_flash.o

    ----------------------------------------------------------------------
     36116       2212       1188       1860      13176     885951   Object Totals
         0          0         32          0          0          0   (incl. Generated)
        58          0          2          9         11          0   (incl. Padding)

    ----------------------------------------------------------------------

      Code (inc. data)   RO Data    RW Data    ZI Data      Debug   Library Member Name

        86          0          0          0          0          0   __dczerorl2.o
         0          0          0          0          0          0   entry.o
         0          0          0          0          0          0   entry10a.o
         0          0          0          0          0          0   entry11a.o
         8          4          0          0          0          0   entry2.o
         4          0          0          0          0          0   entry5.o
         0          0          0          0          0          0   entry7b.o
         0          0          0          0          0          0   entry8b.o
         8          4          0          0          0          0   entry9a.o
        30          0          0          0          0          0   handlers.o
        36          8          0          0          0         68   init.o
         0          0          0          0          0          0   iusefp.o
        30          0          0          0          0         68   llshl.o
        36          0          0          0          0         68   llsshr.o
        32          0          0          0          0         68   llushr.o
        36          0          0          0          0         68   memcpya.o
        36          0          0          0          0        108   memseta.o
      2308         96          0          0          0        604   printfa.o
         0          0          0          4          0          0   stdout.o
        24          0          0          0          0         68   strcat.o
        28          0          0          0          0         76   strcmp.o
        14          0          0          0          0         68   strlen.o
        30          0          0          0          0         80   strncmp.o
        44          0          0          0          0         80   uidiv.o
        98          0          0          0          0         92   uldiv.o
        48          0          0          0          0         68   cdrcmple.o
        56          0          0          0          0         88   d2f.o
       334          0          0          0          0        148   dadd.o
       222          0          0          0          0        100   ddiv.o
       186          0          0          0          0        176   depilogue.o
        48          0          0          0          0         68   dfixul.o
       228          0          0          0          0         96   dmul.o
        38          0          0          0          0         68   f2d.o
       176          0          0          0          0        140   fadd.o
       124          0          0          0          0         88   fdiv.o
       110          0          0          0          0        168   fepilogue.o
        50          0          0          0          0         68   ffixi.o
        18          0          0          0          0         68   fflti.o
        10          0          0          0          0         68   ffltui.o
       100          0          0          0          0         76   fmul.o
        24          0          0          0          0         68   fscalb.o

    ----------------------------------------------------------------------
      4664        112          0          4          0       3072   Library Totals
         4          0          0          0          0          0   (incl. Padding)

    ----------------------------------------------------------------------

      Code (inc. data)   RO Data    RW Data    ZI Data      Debug   Library Name

      2888        112          0          4          0       1516   mc_w.l
      1772          0          0          0          0       1556   mf_w.l

    ----------------------------------------------------------------------
      4664        112          0          4          0       3072   Library Totals

    ----------------------------------------------------------------------

==============================================================================


      Code (inc. data)   RO Data    RW Data    ZI Data      Debug   

     40780       2324       1188       1864      13176     868871   Grand Totals
     40780       2324       1188        620      13176     868871   ELF Image Totals (compressed)
     40780       2324       1188        620          0          0   ROM Totals

==============================================================================

    Total RO  Size (Code + RO Data)                41968 (  40.98kB)
    Total RW  Size (RW Data + ZI Data)             15040 (  14.69kB)
    Total ROM Size (Code + RO Data + RW Data)      42588 (  41.59kB)

==============================================================================

